  SimpleSign.Core -> D:\simplesign\SimpleSign\src\SimpleSign.Core\bin\Debug\net8.0\SimpleSign.Core.dll
  SimpleSign.HtmlToPdf -> D:\simplesign\SimpleSign\src\SimpleSign.HtmlToPdf\bin\Debug\net8.0\SimpleSign.HtmlToPdf.dll
  SimpleSign.Core -> D:\simplesign\SimpleSign\src\SimpleSign.Core\bin\Debug\net10.0\SimpleSign.Core.dll
  SimpleSign.HtmlToPdf -> D:\simplesign\SimpleSign\src\SimpleSign.HtmlToPdf\bin\Debug\net10.0\SimpleSign.HtmlToPdf.dll
  SimpleSign.TestFixtures -> D:\simplesign\SimpleSign\tests\shared\SimpleSign.TestFixtures\bin\Debug\net8.0\SimpleSign.TestFixtures.dll
  SimpleSign.TestFixtures -> D:\simplesign\SimpleSign\tests\shared\SimpleSign.TestFixtures\bin\Debug\net10.0\SimpleSign.TestFixtures.dll
  SimpleSign.Pdf -> D:\simplesign\SimpleSign\src\SimpleSign.Pdf\bin\Debug\net8.0\SimpleSign.Pdf.dll
  SimpleSign.TestHelpers -> D:\simplesign\SimpleSign\tests\shared\SimpleSign.TestHelpers\bin\Debug\net8.0\SimpleSign.TestHelpers.dll
D:\simplesign\SimpleSign\tests\unit\SimpleSign.HtmlToPdf.Tests\CssParserTests.cs(16,9): error CA1829: Use a propriedade "Count" em vez de Enumerable.Count() (https://learn.microsoft.com/dotnet/fundamentals/code-analysis/quality-rules/ca1829) [D:\simplesign\SimpleSign\tests\unit\SimpleSign.HtmlToPdf.Tests\SimpleSign.HtmlToPdf.Tests.csproj::TargetFramework=net8.0]
D:\simplesign\SimpleSign\tests\unit\SimpleSign.HtmlToPdf.Tests\CssParserTests.cs(29,9): error CA1829: Use a propriedade "Count" em vez de Enumerable.Count() (https://learn.microsoft.com/dotnet/fundamentals/code-analysis/quality-rules/ca1829) [D:\simplesign\SimpleSign\tests\unit\SimpleSign.HtmlToPdf.Tests\SimpleSign.HtmlToPdf.Tests.csproj::TargetFramework=net8.0]
D:\simplesign\SimpleSign\tests\unit\SimpleSign.HtmlToPdf.Tests\CssParserTests.cs(39,9): error CA1829: Use a propriedade "Count" em vez de Enumerable.Count() (https://learn.microsoft.com/dotnet/fundamentals/code-analysis/quality-rules/ca1829) [D:\simplesign\SimpleSign\tests\unit\SimpleSign.HtmlToPdf.Tests\SimpleSign.HtmlToPdf.Tests.csproj::TargetFramework=net8.0]
D:\simplesign\SimpleSign\tests\unit\SimpleSign.HtmlToPdf.Tests\CssParserTests.cs(48,9): error CA1829: Use a propriedade "Count" em vez de Enumerable.Count() (https://learn.microsoft.com/dotnet/fundamentals/code-analysis/quality-rules/ca1829) [D:\simplesign\SimpleSign\tests\unit\SimpleSign.HtmlToPdf.Tests\SimpleSign.HtmlToPdf.Tests.csproj::TargetFramework=net8.0]
D:\simplesign\SimpleSign\tests\unit\SimpleSign.HtmlToPdf.Tests\CssParserTests.cs(65,9): error CA1829: Use a propriedade "Count" em vez de Enumerable.Count() (https://learn.microsoft.com/dotnet/fundamentals/code-analysis/quality-rules/ca1829) [D:\simplesign\SimpleSign\tests\unit\SimpleSign.HtmlToPdf.Tests\SimpleSign.HtmlToPdf.Tests.csproj::TargetFramework=net8.0]
D:\simplesign\SimpleSign\tests\unit\SimpleSign.HtmlToPdf.Tests\FontTests.cs(94,9): error CA1829: Use a propriedade "Count" em vez de Enumerable.Count() (https://learn.microsoft.com/dotnet/fundamentals/code-analysis/quality-rules/ca1829) [D:\simplesign\SimpleSign\tests\unit\SimpleSign.HtmlToPdf.Tests\SimpleSign.HtmlToPdf.Tests.csproj::TargetFramework=net8.0]
D:\simplesign\SimpleSign\tests\unit\SimpleSign.HtmlToPdf.Tests\FontTests.cs(105,9): error CA1829: Use a propriedade "Count" em vez de Enumerable.Count() (https://learn.microsoft.com/dotnet/fundamentals/code-analysis/quality-rules/ca1829) [D:\simplesign\SimpleSign\tests\unit\SimpleSign.HtmlToPdf.Tests\SimpleSign.HtmlToPdf.Tests.csproj::TargetFramework=net8.0]
D:\simplesign\SimpleSign\tests\unit\SimpleSign.HtmlToPdf.Tests\HtmlTokenizerTests.cs(31,9): error CA1829: Use a propriedade "Count" em vez de Enumerable.Count() (https://learn.microsoft.com/dotnet/fundamentals/code-analysis/quality-rules/ca1829) [D:\simplesign\SimpleSign\tests\unit\SimpleSign.HtmlToPdf.Tests\SimpleSign.HtmlToPdf.Tests.csproj::TargetFramework=net8.0]
D:\simplesign\SimpleSign\tests\unit\SimpleSign.HtmlToPdf.Tests\HtmlTokenizerTests.cs(45,9): error CA1829: Use a propriedade "Count" em vez de Enumerable.Count() (https://learn.microsoft.com/dotnet/fundamentals/code-analysis/quality-rules/ca1829) [D:\simplesign\SimpleSign\tests\unit\SimpleSign.HtmlToPdf.Tests\SimpleSign.HtmlToPdf.Tests.csproj::TargetFramework=net8.0]
D:\simplesign\SimpleSign\tests\unit\SimpleSign.HtmlToPdf.Tests\LayoutEngineTests.cs(70,9): error CA1829: Use a propriedade "Count" em vez de Enumerable.Count() (https://learn.microsoft.com/dotnet/fundamentals/code-analysis/quality-rules/ca1829) [D:\simplesign\SimpleSign\tests\unit\SimpleSign.HtmlToPdf.Tests\SimpleSign.HtmlToPdf.Tests.csproj::TargetFramework=net8.0]
D:\simplesign\SimpleSign\tests\unit\SimpleSign.HtmlToPdf.Tests\HtmlTokenizerTests.cs(105,9): error CA1829: Use a propriedade "Count" em vez de Enumerable.Count() (https://learn.microsoft.com/dotnet/fundamentals/code-analysis/quality-rules/ca1829) [D:\simplesign\SimpleSign\tests\unit\SimpleSign.HtmlToPdf.Tests\SimpleSign.HtmlToPdf.Tests.csproj::TargetFramework=net8.0]
D:\simplesign\SimpleSign\tests\unit\SimpleSign.HtmlToPdf.Tests\HtmlTokenizerTests.cs(129,9): error CA1829: Use a propriedade "Count" em vez de Enumerable.Count() (https://learn.microsoft.com/dotnet/fundamentals/code-analysis/quality-rules/ca1829) [D:\simplesign\SimpleSign\tests\unit\SimpleSign.HtmlToPdf.Tests\SimpleSign.HtmlToPdf.Tests.csproj::TargetFramework=net8.0]
D:\simplesign\SimpleSign\tests\unit\SimpleSign.HtmlToPdf.Tests\HtmlTokenizerTests.cs(131,9): error CA1829: Use a propriedade "Count" em vez de Enumerable.Count() (https://learn.microsoft.com/dotnet/fundamentals/code-analysis/quality-rules/ca1829) [D:\simplesign\SimpleSign\tests\unit\SimpleSign.HtmlToPdf.Tests\SimpleSign.HtmlToPdf.Tests.csproj::TargetFramework=net8.0]
D:\simplesign\SimpleSign\tests\unit\SimpleSign.HtmlToPdf.Tests\HtmlTokenizerTests.cs(140,9): error CA1829: Use a propriedade "Count" em vez de Enumerable.Count() (https://learn.microsoft.com/dotnet/fundamentals/code-analysis/quality-rules/ca1829) [D:\simplesign\SimpleSign\tests\unit\SimpleSign.HtmlToPdf.Tests\SimpleSign.HtmlToPdf.Tests.csproj::TargetFramework=net8.0]
D:\simplesign\SimpleSign\tests\unit\SimpleSign.HtmlToPdf.Tests\HtmlTokenizerTests.cs(149,9): error CA1829: Use a propriedade "Count" em vez de Enumerable.Count() (https://learn.microsoft.com/dotnet/fundamentals/code-analysis/quality-rules/ca1829) [D:\simplesign\SimpleSign\tests\unit\SimpleSign.HtmlToPdf.Tests\SimpleSign.HtmlToPdf.Tests.csproj::TargetFramework=net8.0]
D:\simplesign\SimpleSign\tests\unit\SimpleSign.HtmlToPdf.Tests\LayoutEngineTests.cs(115,9): error CA1829: Use a propriedade "Count" em vez de Enumerable.Count() (https://learn.microsoft.com/dotnet/fundamentals/code-analysis/quality-rules/ca1829) [D:\simplesign\SimpleSign\tests\unit\SimpleSign.HtmlToPdf.Tests\SimpleSign.HtmlToPdf.Tests.csproj::TargetFramework=net8.0]
D:\simplesign\SimpleSign\tests\unit\SimpleSign.HtmlToPdf.Tests\LayoutEngineTests.cs(148,9): error CA1829: Use a propriedade "Count" em vez de Enumerable.Count() (https://learn.microsoft.com/dotnet/fundamentals/code-analysis/quality-rules/ca1829) [D:\simplesign\SimpleSign\tests\unit\SimpleSign.HtmlToPdf.Tests\SimpleSign.HtmlToPdf.Tests.csproj::TargetFramework=net8.0]
  SimpleSign.Pdf -> D:\simplesign\SimpleSign\src\SimpleSign.Pdf\bin\Debug\net10.0\SimpleSign.Pdf.dll
  SimpleSign.TestHelpers -> D:\simplesign\SimpleSign\tests\shared\SimpleSign.TestHelpers\bin\Debug\net10.0\SimpleSign.TestHelpers.dll
D:\simplesign\SimpleSign\tests\unit\SimpleSign.HtmlToPdf.Tests\CssParserTests.cs(16,9): error CA1829: Use a propriedade "Count" em vez de Enumerable.Count() (https://learn.microsoft.com/dotnet/fundamentals/code-analysis/quality-rules/ca1829) [D:\simplesign\SimpleSign\tests\unit\SimpleSign.HtmlToPdf.Tests\SimpleSign.HtmlToPdf.Tests.csproj::TargetFramework=net10.0]
D:\simplesign\SimpleSign\tests\unit\SimpleSign.HtmlToPdf.Tests\CssParserTests.cs(29,9): error CA1829: Use a propriedade "Count" em vez de Enumerable.Count() (https://learn.microsoft.com/dotnet/fundamentals/code-analysis/quality-rules/ca1829) [D:\simplesign\SimpleSign\tests\unit\SimpleSign.HtmlToPdf.Tests\SimpleSign.HtmlToPdf.Tests.csproj::TargetFramework=net10.0]
D:\simplesign\SimpleSign\tests\unit\SimpleSign.HtmlToPdf.Tests\CssParserTests.cs(39,9): error CA1829: Use a propriedade "Count" em vez de Enumerable.Count() (https://learn.microsoft.com/dotnet/fundamentals/code-analysis/quality-rules/ca1829) [D:\simplesign\SimpleSign\tests\unit\SimpleSign.HtmlToPdf.Tests\SimpleSign.HtmlToPdf.Tests.csproj::TargetFramework=net10.0]
D:\simplesign\SimpleSign\tests\unit\SimpleSign.HtmlToPdf.Tests\CssParserTests.cs(48,9): error CA1829: Use a propriedade "Count" em vez de Enumerable.Count() (https://learn.microsoft.com/dotnet/fundamentals/code-analysis/quality-rules/ca1829) [D:\simplesign\SimpleSign\tests\unit\SimpleSign.HtmlToPdf.Tests\SimpleSign.HtmlToPdf.Tests.csproj::TargetFramework=net10.0]
D:\simplesign\SimpleSign\tests\unit\SimpleSign.HtmlToPdf.Tests\FontTests.cs(94,9): error CA1829: Use a propriedade "Count" em vez de Enumerable.Count() (https://learn.microsoft.com/dotnet/fundamentals/code-analysis/quality-rules/ca1829) [D:\simplesign\SimpleSign\tests\unit\SimpleSign.HtmlToPdf.Tests\SimpleSign.HtmlToPdf.Tests.csproj::TargetFramework=net10.0]
D:\simplesign\SimpleSign\tests\unit\SimpleSign.HtmlToPdf.Tests\FontTests.cs(105,9): error CA1829: Use a propriedade "Count" em vez de Enumerable.Count() (https://learn.microsoft.com/dotnet/fundamentals/code-analysis/quality-rules/ca1829) [D:\simplesign\SimpleSign\tests\unit\SimpleSign.HtmlToPdf.Tests\SimpleSign.HtmlToPdf.Tests.csproj::TargetFramework=net10.0]
D:\simplesign\SimpleSign\tests\unit\SimpleSign.HtmlToPdf.Tests\CssParserTests.cs(65,9): error CA1829: Use a propriedade "Count" em vez de Enumerable.Count() (https://learn.microsoft.com/dotnet/fundamentals/code-analysis/quality-rules/ca1829) [D:\simplesign\SimpleSign\tests\unit\SimpleSign.HtmlToPdf.Tests\SimpleSign.HtmlToPdf.Tests.csproj::TargetFramework=net10.0]
D:\simplesign\SimpleSign\tests\unit\SimpleSign.HtmlToPdf.Tests\HtmlTokenizerTests.cs(31,9): error CA1829: Use a propriedade "Count" em vez de Enumerable.Count() (https://learn.microsoft.com/dotnet/fundamentals/code-analysis/quality-rules/ca1829) [D:\simplesign\SimpleSign\tests\unit\SimpleSign.HtmlToPdf.Tests\SimpleSign.HtmlToPdf.Tests.csproj::TargetFramework=net10.0]
D:\simplesign\SimpleSign\tests\unit\SimpleSign.HtmlToPdf.Tests\HtmlTokenizerTests.cs(45,9): error CA1829: Use a propriedade "Count" em vez de Enumerable.Count() (https://learn.microsoft.com/dotnet/fundamentals/code-analysis/quality-rules/ca1829) [D:\simplesign\SimpleSign\tests\unit\SimpleSign.HtmlToPdf.Tests\SimpleSign.HtmlToPdf.Tests.csproj::TargetFramework=net10.0]
D:\simplesign\SimpleSign\tests\unit\SimpleSign.HtmlToPdf.Tests\HtmlTokenizerTests.cs(105,9): error CA1829: Use a propriedade "Count" em vez de Enumerable.Count() (https://learn.microsoft.com/dotnet/fundamentals/code-analysis/quality-rules/ca1829) [D:\simplesign\SimpleSign\tests\unit\SimpleSign.HtmlToPdf.Tests\SimpleSign.HtmlToPdf.Tests.csproj::TargetFramework=net10.0]
D:\simplesign\SimpleSign\tests\unit\SimpleSign.HtmlToPdf.Tests\LayoutEngineTests.cs(70,9): error CA1829: Use a propriedade "Count" em vez de Enumerable.Count() (https://learn.microsoft.com/dotnet/fundamentals/code-analysis/quality-rules/ca1829) [D:\simplesign\SimpleSign\tests\unit\SimpleSign.HtmlToPdf.Tests\SimpleSign.HtmlToPdf.Tests.csproj::TargetFramework=net10.0]
D:\simplesign\SimpleSign\tests\unit\SimpleSign.HtmlToPdf.Tests\HtmlTokenizerTests.cs(129,9): error CA1829: Use a propriedade "Count" em vez de Enumerable.Count() (https://learn.microsoft.com/dotnet/fundamentals/code-analysis/quality-rules/ca1829) [D:\simplesign\SimpleSign\tests\unit\SimpleSign.HtmlToPdf.Tests\SimpleSign.HtmlToPdf.Tests.csproj::TargetFramework=net10.0]
D:\simplesign\SimpleSign\tests\unit\SimpleSign.HtmlToPdf.Tests\HtmlTokenizerTests.cs(131,9): error CA1829: Use a propriedade "Count" em vez de Enumerable.Count() (https://learn.microsoft.com/dotnet/fundamentals/code-analysis/quality-rules/ca1829) [D:\simplesign\SimpleSign\tests\unit\SimpleSign.HtmlToPdf.Tests\SimpleSign.HtmlToPdf.Tests.csproj::TargetFramework=net10.0]
D:\simplesign\SimpleSign\tests\unit\SimpleSign.HtmlToPdf.Tests\HtmlTokenizerTests.cs(140,9): error CA1829: Use a propriedade "Count" em vez de Enumerable.Count() (https://learn.microsoft.com/dotnet/fundamentals/code-analysis/quality-rules/ca1829) [D:\simplesign\SimpleSign\tests\unit\SimpleSign.HtmlToPdf.Tests\SimpleSign.HtmlToPdf.Tests.csproj::TargetFramework=net10.0]
D:\simplesign\SimpleSign\tests\unit\SimpleSign.HtmlToPdf.Tests\HtmlTokenizerTests.cs(149,9): error CA1829: Use a propriedade "Count" em vez de Enumerable.Count() (https://learn.microsoft.com/dotnet/fundamentals/code-analysis/quality-rules/ca1829) [D:\simplesign\SimpleSign\tests\unit\SimpleSign.HtmlToPdf.Tests\SimpleSign.HtmlToPdf.Tests.csproj::TargetFramework=net10.0]
D:\simplesign\SimpleSign\tests\unit\SimpleSign.HtmlToPdf.Tests\LayoutEngineTests.cs(115,9): error CA1829: Use a propriedade "Count" em vez de Enumerable.Count() (https://learn.microsoft.com/dotnet/fundamentals/code-analysis/quality-rules/ca1829) [D:\simplesign\SimpleSign\tests\unit\SimpleSign.HtmlToPdf.Tests\SimpleSign.HtmlToPdf.Tests.csproj::TargetFramework=net10.0]
D:\simplesign\SimpleSign\tests\unit\SimpleSign.HtmlToPdf.Tests\LayoutEngineTests.cs(148,9): error CA1829: Use a propriedade "Count" em vez de Enumerable.Count() (https://learn.microsoft.com/dotnet/fundamentals/code-analysis/quality-rules/ca1829) [D:\simplesign\SimpleSign\tests\unit\SimpleSign.HtmlToPdf.Tests\SimpleSign.HtmlToPdf.Tests.csproj::TargetFramework=net10.0]
  SimpleSign.PAdES -> D:\simplesign\SimpleSign\src\SimpleSign.PAdES\bin\Debug\net8.0\SimpleSign.PAdES.dll
D:\simplesign\SimpleSign\tests\unit\SimpleSign.Core.Tests\Crypto\CertificateStoreTests.cs(29,13): error CA1829: Use a propriedade "Count" em vez de Enumerable.Count() (https://learn.microsoft.com/dotnet/fundamentals/code-analysis/quality-rules/ca1829) [D:\simplesign\SimpleSign\tests\unit\SimpleSign.Core.Tests\SimpleSign.Core.Tests.csproj::TargetFramework=net8.0]
D:\simplesign\SimpleSign\tests\unit\SimpleSign.Core.Tests\Crypto\CertificateStoreTests.cs(69,13): error CA1829: Use a propriedade "Count" em vez de Enumerable.Count() (https://learn.microsoft.com/dotnet/fundamentals/code-analysis/quality-rules/ca1829) [D:\simplesign\SimpleSign\tests\unit\SimpleSign.Core.Tests\SimpleSign.Core.Tests.csproj::TargetFramework=net8.0]
D:\simplesign\SimpleSign\tests\unit\SimpleSign.Core.Tests\Crypto\TsaPoolTests.cs(36,9): error CA1829: Use a propriedade "Count" em vez de Enumerable.Count() (https://learn.microsoft.com/dotnet/fundamentals/code-analysis/quality-rules/ca1829) [D:\simplesign\SimpleSign\tests\unit\SimpleSign.Core.Tests\SimpleSign.Core.Tests.csproj::TargetFramework=net8.0]
D:\simplesign\SimpleSign\tests\unit\SimpleSign.Core.Tests\Crypto\CertificateStoreTests.cs(102,13): error CA1829: Use a propriedade "Count" em vez de Enumerable.Count() (https://learn.microsoft.com/dotnet/fundamentals/code-analysis/quality-rules/ca1829) [D:\simplesign\SimpleSign\tests\unit\SimpleSign.Core.Tests\SimpleSign.Core.Tests.csproj::TargetFramework=net8.0]
D:\simplesign\SimpleSign\tests\unit\SimpleSign.Core.Tests\Crypto\CertificateStoreTests.cs(103,13): error CA1829: Use a propriedade "Count" em vez de Enumerable.Count() (https://learn.microsoft.com/dotnet/fundamentals/code-analysis/quality-rules/ca1829) [D:\simplesign\SimpleSign\tests\unit\SimpleSign.Core.Tests\SimpleSign.Core.Tests.csproj::TargetFramework=net8.0]
D:\simplesign\SimpleSign\tests\unit\SimpleSign.Core.Tests\Crypto\CertificateStoreTests.cs(104,13): error CA1829: Use a propriedade "Count" em vez de Enumerable.Count() (https://learn.microsoft.com/dotnet/fundamentals/code-analysis/quality-rules/ca1829) [D:\simplesign\SimpleSign\tests\unit\SimpleSign.Core.Tests\SimpleSign.Core.Tests.csproj::TargetFramework=net8.0]
D:\simplesign\SimpleSign\tests\unit\SimpleSign.Core.Tests\Crypto\CertificateStoreTests.cs(144,13): error CA1829: Use a propriedade "Count" em vez de Enumerable.Count() (https://learn.microsoft.com/dotnet/fundamentals/code-analysis/quality-rules/ca1829) [D:\simplesign\SimpleSign\tests\unit\SimpleSign.Core.Tests\SimpleSign.Core.Tests.csproj::TargetFramework=net8.0]
D:\simplesign\SimpleSign\tests\unit\SimpleSign.Core.Tests\Extensions\ExtensionPointContractTests.cs(185,9): error CA1829: Use a propriedade "Count" em vez de Enumerable.Count() (https://learn.microsoft.com/dotnet/fundamentals/code-analysis/quality-rules/ca1829) [D:\simplesign\SimpleSign\tests\unit\SimpleSign.Core.Tests\SimpleSign.Core.Tests.csproj::TargetFramework=net8.0]
D:\simplesign\SimpleSign\tests\unit\SimpleSign.Core.Tests\Extensions\ExtensionPointContractTests.cs(186,9): error CA1829: Use a propriedade "Count" em vez de Enumerable.Count() (https://learn.microsoft.com/dotnet/fundamentals/code-analysis/quality-rules/ca1829) [D:\simplesign\SimpleSign\tests\unit\SimpleSign.Core.Tests\SimpleSign.Core.Tests.csproj::TargetFramework=net8.0]
D:\simplesign\SimpleSign\tests\unit\SimpleSign.Core.Tests\Crypto\FileCertificateStoreDirectoryTests.cs(49,9): error CA1829: Use a propriedade "Count" em vez de Enumerable.Count() (https://learn.microsoft.com/dotnet/fundamentals/code-analysis/quality-rules/ca1829) [D:\simplesign\SimpleSign\tests\unit\SimpleSign.Core.Tests\SimpleSign.Core.Tests.csproj::TargetFramework=net8.0]
D:\simplesign\SimpleSign\tests\unit\SimpleSign.Core.Tests\Crypto\FileCertificateStoreDirectoryTests.cs(60,9): error CA1829: Use a propriedade "Count" em vez de Enumerable.Count() (https://learn.microsoft.com/dotnet/fundamentals/code-analysis/quality-rules/ca1829) [D:\simplesign\SimpleSign\tests\unit\SimpleSign.Core.Tests\SimpleSign.Core.Tests.csproj::TargetFramework=net8.0]
D:\simplesign\SimpleSign\tests\unit\SimpleSign.Core.Tests\Inspection\SignatureGlossaryTests.cs(13,9): error CA1829: Use a propriedade "Count" em vez de Enumerable.Count() (https://learn.microsoft.com/dotnet/fundamentals/code-analysis/quality-rules/ca1829) [D:\simplesign\SimpleSign\tests\unit\SimpleSign.Core.Tests\SimpleSign.Core.Tests.csproj::TargetFramework=net8.0]
D:\simplesign\SimpleSign\tests\unit\SimpleSign.Core.Tests\Crypto\FileCertificateStoreDirectoryTests.cs(80,9): error CA1829: Use a propriedade "Count" em vez de Enumerable.Count() (https://learn.microsoft.com/dotnet/fundamentals/code-analysis/quality-rules/ca1829) [D:\simplesign\SimpleSign\tests\unit\SimpleSign.Core.Tests\SimpleSign.Core.Tests.csproj::TargetFramework=net8.0]
D:\simplesign\SimpleSign\tests\unit\SimpleSign.Core.Tests\Validation\CertificateChainUtilityTests.cs(71,9): error CA1829: Use a propriedade "Count" em vez de Enumerable.Count() (https://learn.microsoft.com/dotnet/fundamentals/code-analysis/quality-rules/ca1829) [D:\simplesign\SimpleSign\tests\unit\SimpleSign.Core.Tests\SimpleSign.Core.Tests.csproj::TargetFramework=net8.0]
D:\simplesign\SimpleSign\tests\unit\SimpleSign.Core.Tests\Crypto\FileCertificateStoreDirectoryTests.cs(92,9): error CA1829: Use a propriedade "Count" em vez de Enumerable.Count() (https://learn.microsoft.com/dotnet/fundamentals/code-analysis/quality-rules/ca1829) [D:\simplesign\SimpleSign\tests\unit\SimpleSign.Core.Tests\SimpleSign.Core.Tests.csproj::TargetFramework=net8.0]
D:\simplesign\SimpleSign\tests\unit\SimpleSign.Core.Tests\Inspection\SignatureGlossaryTests.cs(21,48): error CA1829: Use a propriedade "Count" em vez de Enumerable.Count() (https://learn.microsoft.com/dotnet/fundamentals/code-analysis/quality-rules/ca1829) [D:\simplesign\SimpleSign\tests\unit\SimpleSign.Core.Tests\SimpleSign.Core.Tests.csproj::TargetFramework=net8.0]
D:\simplesign\SimpleSign\tests\unit\SimpleSign.Core.Tests\Crypto\FileCertificateStoreDirectoryTests.cs(134,9): error CA1829: Use a propriedade "Count" em vez de Enumerable.Count() (https://learn.microsoft.com/dotnet/fundamentals/code-analysis/quality-rules/ca1829) [D:\simplesign\SimpleSign\tests\unit\SimpleSign.Core.Tests\SimpleSign.Core.Tests.csproj::TargetFramework=net8.0]
D:\simplesign\SimpleSign\tests\unit\SimpleSign.Core.Tests\Compliance\Rfc5652CmsComplianceTests.cs(282,9): error CA1829: Use a propriedade "Length" em vez de Enumerable.Count() (https://learn.microsoft.com/dotnet/fundamentals/code-analysis/quality-rules/ca1829) [D:\simplesign\SimpleSign\tests\unit\SimpleSign.Core.Tests\SimpleSign.Core.Tests.csproj::TargetFramework=net8.0]
D:\simplesign\SimpleSign\tests\unit\SimpleSign.Core.Tests\Compliance\Rfc5652CmsComplianceTests.cs(283,9): error CA1829: Use a propriedade "Length" em vez de Enumerable.Count() (https://learn.microsoft.com/dotnet/fundamentals/code-analysis/quality-rules/ca1829) [D:\simplesign\SimpleSign\tests\unit\SimpleSign.Core.Tests\SimpleSign.Core.Tests.csproj::TargetFramework=net8.0]
  SimpleSign.PAdES -> D:\simplesign\SimpleSign\src\SimpleSign.PAdES\bin\Debug\net10.0\SimpleSign.PAdES.dll
D:\simplesign\SimpleSign\tests\unit\SimpleSign.Pdf.Tests\PdfStructureReaderXrefTests.cs(26,9): error CA1829: Use a propriedade "Count" em vez de Enumerable.Count() (https://learn.microsoft.com/dotnet/fundamentals/code-analysis/quality-rules/ca1829) [D:\simplesign\SimpleSign\tests\unit\SimpleSign.Pdf.Tests\SimpleSign.Pdf.Tests.csproj::TargetFramework=net8.0]
D:\simplesign\SimpleSign\tests\unit\SimpleSign.Pdf.Tests\PdfStructureReaderXrefTests.cs(39,9): error CA1829: Use a propriedade "Count" em vez de Enumerable.Count() (https://learn.microsoft.com/dotnet/fundamentals/code-analysis/quality-rules/ca1829) [D:\simplesign\SimpleSign\tests\unit\SimpleSign.Pdf.Tests\SimpleSign.Pdf.Tests.csproj::TargetFramework=net8.0]
D:\simplesign\SimpleSign\tests\unit\SimpleSign.Pdf.Tests\Iso32000ComplianceTests.cs(42,9): error CA1829: Use a propriedade "Length" em vez de Enumerable.Count() (https://learn.microsoft.com/dotnet/fundamentals/code-analysis/quality-rules/ca1829) [D:\simplesign\SimpleSign\tests\unit\SimpleSign.Pdf.Tests\SimpleSign.Pdf.Tests.csproj::TargetFramework=net8.0]
D:\simplesign\SimpleSign\tests\unit\SimpleSign.Pdf.Tests\Iso32000ComplianceTests.cs(50,9): error CA1829: Use a propriedade "Length" em vez de Enumerable.Count() (https://learn.microsoft.com/dotnet/fundamentals/code-analysis/quality-rules/ca1829) [D:\simplesign\SimpleSign\tests\unit\SimpleSign.Pdf.Tests\SimpleSign.Pdf.Tests.csproj::TargetFramework=net8.0]
D:\simplesign\SimpleSign\tests\unit\SimpleSign.Pdf.Tests\PdfStructureReaderXrefTests.cs(54,9): error CA1829: Use a propriedade "Count" em vez de Enumerable.Count() (https://learn.microsoft.com/dotnet/fundamentals/code-analysis/quality-rules/ca1829) [D:\simplesign\SimpleSign\tests\unit\SimpleSign.Pdf.Tests\SimpleSign.Pdf.Tests.csproj::TargetFramework=net8.0]
D:\simplesign\SimpleSign\tests\unit\SimpleSign.Pdf.Tests\PdfStructureReaderXrefTests.cs(74,9): error CA1829: Use a propriedade "Count" em vez de Enumerable.Count() (https://learn.microsoft.com/dotnet/fundamentals/code-analysis/quality-rules/ca1829) [D:\simplesign\SimpleSign\tests\unit\SimpleSign.Pdf.Tests\SimpleSign.Pdf.Tests.csproj::TargetFramework=net8.0]
D:\simplesign\SimpleSign\tests\unit\SimpleSign.Pdf.Tests\PdfStructureParserTests.cs(74,9): error CA1829: Use a propriedade "Count" em vez de Enumerable.Count() (https://learn.microsoft.com/dotnet/fundamentals/code-analysis/quality-rules/ca1829) [D:\simplesign\SimpleSign\tests\unit\SimpleSign.Pdf.Tests\SimpleSign.Pdf.Tests.csproj::TargetFramework=net8.0]
D:\simplesign\SimpleSign\tests\unit\SimpleSign.Pdf.Tests\PdfStructureReaderTests.cs(151,9): error CA1829: Use a propriedade "Count" em vez de Enumerable.Count() (https://learn.microsoft.com/dotnet/fundamentals/code-analysis/quality-rules/ca1829) [D:\simplesign\SimpleSign\tests\unit\SimpleSign.Pdf.Tests\SimpleSign.Pdf.Tests.csproj::TargetFramework=net8.0]
D:\simplesign\SimpleSign\tests\unit\SimpleSign.Pdf.Tests\PdfStructureReaderTests.cs(200,9): error CA1829: Use a propriedade "Length" em vez de Enumerable.Count() (https://learn.microsoft.com/dotnet/fundamentals/code-analysis/quality-rules/ca1829) [D:\simplesign\SimpleSign\tests\unit\SimpleSign.Pdf.Tests\SimpleSign.Pdf.Tests.csproj::TargetFramework=net8.0]
D:\simplesign\SimpleSign\tests\unit\SimpleSign.Pdf.Tests\Iso32000ComplianceTests.cs(312,9): error CA1829: Use a propriedade "Count" em vez de Enumerable.Count() (https://learn.microsoft.com/dotnet/fundamentals/code-analysis/quality-rules/ca1829) [D:\simplesign\SimpleSign\tests\unit\SimpleSign.Pdf.Tests\SimpleSign.Pdf.Tests.csproj::TargetFramework=net8.0]
D:\simplesign\SimpleSign\tests\unit\SimpleSign.Pdf.Tests\PdfStructureReaderTests.cs(260,9): error CA1829: Use a propriedade "Count" em vez de Enumerable.Count() (https://learn.microsoft.com/dotnet/fundamentals/code-analysis/quality-rules/ca1829) [D:\simplesign\SimpleSign\tests\unit\SimpleSign.Pdf.Tests\SimpleSign.Pdf.Tests.csproj::TargetFramework=net8.0]
D:\simplesign\SimpleSign\tests\unit\SimpleSign.Pdf.Tests\PdfStructureParserTests.cs(241,9): error CA1829: Use a propriedade "Count" em vez de Enumerable.Count() (https://learn.microsoft.com/dotnet/fundamentals/code-analysis/quality-rules/ca1829) [D:\simplesign\SimpleSign\tests\unit\SimpleSign.Pdf.Tests\SimpleSign.Pdf.Tests.csproj::TargetFramework=net8.0]
D:\simplesign\SimpleSign\tests\unit\SimpleSign.Pdf.Tests\PdfStructureReaderTests.cs(273,9): error CA1829: Use a propriedade "Count" em vez de Enumerable.Count() (https://learn.microsoft.com/dotnet/fundamentals/code-analysis/quality-rules/ca1829) [D:\simplesign\SimpleSign\tests\unit\SimpleSign.Pdf.Tests\SimpleSign.Pdf.Tests.csproj::TargetFramework=net8.0]
D:\simplesign\SimpleSign\tests\unit\SimpleSign.Pdf.Tests\Iso32000ComplianceTests.cs(406,9): error CA1829: Use a propriedade "Count" em vez de Enumerable.Count() (https://learn.microsoft.com/dotnet/fundamentals/code-analysis/quality-rules/ca1829) [D:\simplesign\SimpleSign\tests\unit\SimpleSign.Pdf.Tests\SimpleSign.Pdf.Tests.csproj::TargetFramework=net8.0]
D:\simplesign\SimpleSign\tests\unit\SimpleSign.Pdf.Tests\Iso32000ComplianceTests.cs(393,9): error CA1829: Use a propriedade "Count" em vez de Enumerable.Count() (https://learn.microsoft.com/dotnet/fundamentals/code-analysis/quality-rules/ca1829) [D:\simplesign\SimpleSign\tests\unit\SimpleSign.Pdf.Tests\SimpleSign.Pdf.Tests.csproj::TargetFramework=net8.0]
D:\simplesign\SimpleSign\tests\unit\SimpleSign.Core.Tests\Validation\CertificateChainUtilityTests.cs(71,9): error CA1829: Use a propriedade "Count" em vez de Enumerable.Count() (https://learn.microsoft.com/dotnet/fundamentals/code-analysis/quality-rules/ca1829) [D:\simplesign\SimpleSign\tests\unit\SimpleSign.Core.Tests\SimpleSign.Core.Tests.csproj::TargetFramework=net10.0]
D:\simplesign\SimpleSign\tests\unit\SimpleSign.Core.Tests\Crypto\TsaPoolTests.cs(36,9): error CA1829: Use a propriedade "Count" em vez de Enumerable.Count() (https://learn.microsoft.com/dotnet/fundamentals/code-analysis/quality-rules/ca1829) [D:\simplesign\SimpleSign\tests\unit\SimpleSign.Core.Tests\SimpleSign.Core.Tests.csproj::TargetFramework=net10.0]
D:\simplesign\SimpleSign\tests\unit\SimpleSign.Core.Tests\Compliance\Rfc5652CmsComplianceTests.cs(282,9): error CA1829: Use a propriedade "Length" em vez de Enumerable.Count() (https://learn.microsoft.com/dotnet/fundamentals/code-analysis/quality-rules/ca1829) [D:\simplesign\SimpleSign\tests\unit\SimpleSign.Core.Tests\SimpleSign.Core.Tests.csproj::TargetFramework=net10.0]
D:\simplesign\SimpleSign\tests\unit\SimpleSign.Core.Tests\Compliance\Rfc5652CmsComplianceTests.cs(283,9): error CA1829: Use a propriedade "Length" em vez de Enumerable.Count() (https://learn.microsoft.com/dotnet/fundamentals/code-analysis/quality-rules/ca1829) [D:\simplesign\SimpleSign\tests\unit\SimpleSign.Core.Tests\SimpleSign.Core.Tests.csproj::TargetFramework=net10.0]
D:\simplesign\SimpleSign\tests\unit\SimpleSign.Core.Tests\Extensions\ExtensionPointContractTests.cs(185,9): error CA1829: Use a propriedade "Count" em vez de Enumerable.Count() (https://learn.microsoft.com/dotnet/fundamentals/code-analysis/quality-rules/ca1829) [D:\simplesign\SimpleSign\tests\unit\SimpleSign.Core.Tests\SimpleSign.Core.Tests.csproj::TargetFramework=net10.0]
D:\simplesign\SimpleSign\tests\unit\SimpleSign.Core.Tests\Extensions\ExtensionPointContractTests.cs(186,9): error CA1829: Use a propriedade "Count" em vez de Enumerable.Count() (https://learn.microsoft.com/dotnet/fundamentals/code-analysis/quality-rules/ca1829) [D:\simplesign\SimpleSign\tests\unit\SimpleSign.Core.Tests\SimpleSign.Core.Tests.csproj::TargetFramework=net10.0]
D:\simplesign\SimpleSign\tests\unit\SimpleSign.Core.Tests\Inspection\SignatureGlossaryTests.cs(21,48): error CA1829: Use a propriedade "Count" em vez de Enumerable.Count() (https://learn.microsoft.com/dotnet/fundamentals/code-analysis/quality-rules/ca1829) [D:\simplesign\SimpleSign\tests\unit\SimpleSign.Core.Tests\SimpleSign.Core.Tests.csproj::TargetFramework=net10.0]
D:\simplesign\SimpleSign\tests\unit\SimpleSign.Core.Tests\Inspection\SignatureGlossaryTests.cs(13,9): error CA1829: Use a propriedade "Count" em vez de Enumerable.Count() (https://learn.microsoft.com/dotnet/fundamentals/code-analysis/quality-rules/ca1829) [D:\simplesign\SimpleSign\tests\unit\SimpleSign.Core.Tests\SimpleSign.Core.Tests.csproj::TargetFramework=net10.0]
D:\simplesign\SimpleSign\tests\unit\SimpleSign.Core.Tests\Crypto\CertificateStoreTests.cs(29,13): error CA1829: Use a propriedade "Count" em vez de Enumerable.Count() (https://learn.microsoft.com/dotnet/fundamentals/code-analysis/quality-rules/ca1829) [D:\simplesign\SimpleSign\tests\unit\SimpleSign.Core.Tests\SimpleSign.Core.Tests.csproj::TargetFramework=net10.0]
D:\simplesign\SimpleSign\tests\unit\SimpleSign.Core.Tests\Crypto\CertificateStoreTests.cs(69,13): error CA1829: Use a propriedade "Count" em vez de Enumerable.Count() (https://learn.microsoft.com/dotnet/fundamentals/code-analysis/quality-rules/ca1829) [D:\simplesign\SimpleSign\tests\unit\SimpleSign.Core.Tests\SimpleSign.Core.Tests.csproj::TargetFramework=net10.0]
D:\simplesign\SimpleSign\tests\unit\SimpleSign.Core.Tests\Crypto\FileCertificateStoreDirectoryTests.cs(60,9): error CA1829: Use a propriedade "Count" em vez de Enumerable.Count() (https://learn.microsoft.com/dotnet/fundamentals/code-analysis/quality-rules/ca1829) [D:\simplesign\SimpleSign\tests\unit\SimpleSign.Core.Tests\SimpleSign.Core.Tests.csproj::TargetFramework=net10.0]
D:\simplesign\SimpleSign\tests\unit\SimpleSign.Core.Tests\Crypto\FileCertificateStoreDirectoryTests.cs(80,9): error CA1829: Use a propriedade "Count" em vez de Enumerable.Count() (https://learn.microsoft.com/dotnet/fundamentals/code-analysis/quality-rules/ca1829) [D:\simplesign\SimpleSign\tests\unit\SimpleSign.Core.Tests\SimpleSign.Core.Tests.csproj::TargetFramework=net10.0]
D:\simplesign\SimpleSign\tests\unit\SimpleSign.Core.Tests\Crypto\FileCertificateStoreDirectoryTests.cs(49,9): error CA1829: Use a propriedade "Count" em vez de Enumerable.Count() (https://learn.microsoft.com/dotnet/fundamentals/code-analysis/quality-rules/ca1829) [D:\simplesign\SimpleSign\tests\unit\SimpleSign.Core.Tests\SimpleSign.Core.Tests.csproj::TargetFramework=net10.0]
D:\simplesign\SimpleSign\tests\unit\SimpleSign.Core.Tests\Crypto\FileCertificateStoreDirectoryTests.cs(92,9): error CA1829: Use a propriedade "Count" em vez de Enumerable.Count() (https://learn.microsoft.com/dotnet/fundamentals/code-analysis/quality-rules/ca1829) [D:\simplesign\SimpleSign\tests\unit\SimpleSign.Core.Tests\SimpleSign.Core.Tests.csproj::TargetFramework=net10.0]
D:\simplesign\SimpleSign\tests\unit\SimpleSign.Core.Tests\Crypto\FileCertificateStoreDirectoryTests.cs(134,9): error CA1829: Use a propriedade "Count" em vez de Enumerable.Count() (https://learn.microsoft.com/dotnet/fundamentals/code-analysis/quality-rules/ca1829) [D:\simplesign\SimpleSign\tests\unit\SimpleSign.Core.Tests\SimpleSign.Core.Tests.csproj::TargetFramework=net10.0]
D:\simplesign\SimpleSign\tests\unit\SimpleSign.Core.Tests\Crypto\CertificateStoreTests.cs(102,13): error CA1829: Use a propriedade "Count" em vez de Enumerable.Count() (https://learn.microsoft.com/dotnet/fundamentals/code-analysis/quality-rules/ca1829) [D:\simplesign\SimpleSign\tests\unit\SimpleSign.Core.Tests\SimpleSign.Core.Tests.csproj::TargetFramework=net10.0]
D:\simplesign\SimpleSign\tests\unit\SimpleSign.Core.Tests\Crypto\CertificateStoreTests.cs(103,13): error CA1829: Use a propriedade "Count" em vez de Enumerable.Count() (https://learn.microsoft.com/dotnet/fundamentals/code-analysis/quality-rules/ca1829) [D:\simplesign\SimpleSign\tests\unit\SimpleSign.Core.Tests\SimpleSign.Core.Tests.csproj::TargetFramework=net10.0]
D:\simplesign\SimpleSign\tests\unit\SimpleSign.Core.Tests\Crypto\CertificateStoreTests.cs(104,13): error CA1829: Use a propriedade "Count" em vez de Enumerable.Count() (https://learn.microsoft.com/dotnet/fundamentals/code-analysis/quality-rules/ca1829) [D:\simplesign\SimpleSign\tests\unit\SimpleSign.Core.Tests\SimpleSign.Core.Tests.csproj::TargetFramework=net10.0]
D:\simplesign\SimpleSign\tests\unit\SimpleSign.Core.Tests\Crypto\CertificateStoreTests.cs(144,13): error CA1829: Use a propriedade "Count" em vez de Enumerable.Count() (https://learn.microsoft.com/dotnet/fundamentals/code-analysis/quality-rules/ca1829) [D:\simplesign\SimpleSign\tests\unit\SimpleSign.Core.Tests\SimpleSign.Core.Tests.csproj::TargetFramework=net10.0]
D:\simplesign\SimpleSign\tests\unit\SimpleSign.Pdf.Tests\PdfStructureReaderXrefTests.cs(26,9): error CA1829: Use a propriedade "Count" em vez de Enumerable.Count() (https://learn.microsoft.com/dotnet/fundamentals/code-analysis/quality-rules/ca1829) [D:\simplesign\SimpleSign\tests\unit\SimpleSign.Pdf.Tests\SimpleSign.Pdf.Tests.csproj::TargetFramework=net10.0]
D:\simplesign\SimpleSign\tests\unit\SimpleSign.Pdf.Tests\Iso32000ComplianceTests.cs(42,9): error CA1829: Use a propriedade "Length" em vez de Enumerable.Count() (https://learn.microsoft.com/dotnet/fundamentals/code-analysis/quality-rules/ca1829) [D:\simplesign\SimpleSign\tests\unit\SimpleSign.Pdf.Tests\SimpleSign.Pdf.Tests.csproj::TargetFramework=net10.0]
D:\simplesign\SimpleSign\tests\unit\SimpleSign.Pdf.Tests\Iso32000ComplianceTests.cs(50,9): error CA1829: Use a propriedade "Length" em vez de Enumerable.Count() (https://learn.microsoft.com/dotnet/fundamentals/code-analysis/quality-rules/ca1829) [D:\simplesign\SimpleSign\tests\unit\SimpleSign.Pdf.Tests\SimpleSign.Pdf.Tests.csproj::TargetFramework=net10.0]
D:\simplesign\SimpleSign\tests\unit\SimpleSign.Pdf.Tests\PdfStructureReaderXrefTests.cs(54,9): error CA1829: Use a propriedade "Count" em vez de Enumerable.Count() (https://learn.microsoft.com/dotnet/fundamentals/code-analysis/quality-rules/ca1829) [D:\simplesign\SimpleSign\tests\unit\SimpleSign.Pdf.Tests\SimpleSign.Pdf.Tests.csproj::TargetFramework=net10.0]
D:\simplesign\SimpleSign\tests\unit\SimpleSign.Pdf.Tests\PdfStructureReaderXrefTests.cs(39,9): error CA1829: Use a propriedade "Count" em vez de Enumerable.Count() (https://learn.microsoft.com/dotnet/fundamentals/code-analysis/quality-rules/ca1829) [D:\simplesign\SimpleSign\tests\unit\SimpleSign.Pdf.Tests\SimpleSign.Pdf.Tests.csproj::TargetFramework=net10.0]
D:\simplesign\SimpleSign\tests\unit\SimpleSign.Pdf.Tests\PdfStructureReaderXrefTests.cs(74,9): error CA1829: Use a propriedade "Count" em vez de Enumerable.Count() (https://learn.microsoft.com/dotnet/fundamentals/code-analysis/quality-rules/ca1829) [D:\simplesign\SimpleSign\tests\unit\SimpleSign.Pdf.Tests\SimpleSign.Pdf.Tests.csproj::TargetFramework=net10.0]
D:\simplesign\SimpleSign\tests\unit\SimpleSign.Pdf.Tests\PdfStructureReaderTests.cs(151,9): error CA1829: Use a propriedade "Count" em vez de Enumerable.Count() (https://learn.microsoft.com/dotnet/fundamentals/code-analysis/quality-rules/ca1829) [D:\simplesign\SimpleSign\tests\unit\SimpleSign.Pdf.Tests\SimpleSign.Pdf.Tests.csproj::TargetFramework=net10.0]
D:\simplesign\SimpleSign\tests\unit\SimpleSign.Pdf.Tests\PdfStructureParserTests.cs(74,9): error CA1829: Use a propriedade "Count" em vez de Enumerable.Count() (https://learn.microsoft.com/dotnet/fundamentals/code-analysis/quality-rules/ca1829) [D:\simplesign\SimpleSign\tests\unit\SimpleSign.Pdf.Tests\SimpleSign.Pdf.Tests.csproj::TargetFramework=net10.0]
D:\simplesign\SimpleSign\tests\unit\SimpleSign.Pdf.Tests\PdfStructureReaderTests.cs(200,9): error CA1829: Use a propriedade "Length" em vez de Enumerable.Count() (https://learn.microsoft.com/dotnet/fundamentals/code-analysis/quality-rules/ca1829) [D:\simplesign\SimpleSign\tests\unit\SimpleSign.Pdf.Tests\SimpleSign.Pdf.Tests.csproj::TargetFramework=net10.0]
D:\simplesign\SimpleSign\tests\unit\SimpleSign.Pdf.Tests\PdfStructureReaderTests.cs(260,9): error CA1829: Use a propriedade "Count" em vez de Enumerable.Count() (https://learn.microsoft.com/dotnet/fundamentals/code-analysis/quality-rules/ca1829) [D:\simplesign\SimpleSign\tests\unit\SimpleSign.Pdf.Tests\SimpleSign.Pdf.Tests.csproj::TargetFramework=net10.0]
D:\simplesign\SimpleSign\tests\unit\SimpleSign.Pdf.Tests\PdfStructureReaderTests.cs(273,9): error CA1829: Use a propriedade "Count" em vez de Enumerable.Count() (https://learn.microsoft.com/dotnet/fundamentals/code-analysis/quality-rules/ca1829) [D:\simplesign\SimpleSign\tests\unit\SimpleSign.Pdf.Tests\SimpleSign.Pdf.Tests.csproj::TargetFramework=net10.0]
D:\simplesign\SimpleSign\tests\unit\SimpleSign.Pdf.Tests\Iso32000ComplianceTests.cs(312,9): error CA1829: Use a propriedade "Count" em vez de Enumerable.Count() (https://learn.microsoft.com/dotnet/fundamentals/code-analysis/quality-rules/ca1829) [D:\simplesign\SimpleSign\tests\unit\SimpleSign.Pdf.Tests\SimpleSign.Pdf.Tests.csproj::TargetFramework=net10.0]
D:\simplesign\SimpleSign\tests\unit\SimpleSign.Pdf.Tests\PdfStructureParserTests.cs(241,9): error CA1829: Use a propriedade "Count" em vez de Enumerable.Count() (https://learn.microsoft.com/dotnet/fundamentals/code-analysis/quality-rules/ca1829) [D:\simplesign\SimpleSign\tests\unit\SimpleSign.Pdf.Tests\SimpleSign.Pdf.Tests.csproj::TargetFramework=net10.0]
D:\simplesign\SimpleSign\tests\unit\SimpleSign.Pdf.Tests\Iso32000ComplianceTests.cs(393,9): error CA1829: Use a propriedade "Count" em vez de Enumerable.Count() (https://learn.microsoft.com/dotnet/fundamentals/code-analysis/quality-rules/ca1829) [D:\simplesign\SimpleSign\tests\unit\SimpleSign.Pdf.Tests\SimpleSign.Pdf.Tests.csproj::TargetFramework=net10.0]
D:\simplesign\SimpleSign\tests\unit\SimpleSign.Pdf.Tests\Iso32000ComplianceTests.cs(406,9): error CA1829: Use a propriedade "Count" em vez de Enumerable.Count() (https://learn.microsoft.com/dotnet/fundamentals/code-analysis/quality-rules/ca1829) [D:\simplesign\SimpleSign\tests\unit\SimpleSign.Pdf.Tests\SimpleSign.Pdf.Tests.csproj::TargetFramework=net10.0]
  SimpleSign -> D:\simplesign\SimpleSign\src\SimpleSign\bin\Debug\net8.0\SimpleSign.dll
  SimpleSign.Brasil -> D:\simplesign\SimpleSign\src\SimpleSign.Brasil\bin\Debug\net8.0\SimpleSign.Brasil.dll
  SimpleSign.AotSmokeTest -> D:\simplesign\SimpleSign\tests\smoke\SimpleSign.AotSmokeTest\bin\Debug\net8.0\SimpleSign.AotSmokeTest.dll
  SimpleSign.Benchmarks -> D:\simplesign\SimpleSign\bench\SimpleSign.Benchmarks\bin\Debug\net8.0\SimpleSign.Benchmarks.dll
  SimpleSign.Fuzz -> D:\simplesign\SimpleSign\tests\fuzz\SimpleSign.Fuzz\bin\Debug\net8.0\SimpleSign.Fuzz.dll
D:\simplesign\SimpleSign\tests\interop\SimpleSign.Interop.Tests\EtsiCorpusTests.cs(150,35): error IDE0055: Corrigir a formata├º├úo (https://learn.microsoft.com/dotnet/fundamentals/code-analysis/style-rules/ide0055) [D:\simplesign\SimpleSign\tests\interop\SimpleSign.Interop.Tests\SimpleSign.Interop.Tests.csproj::TargetFramework=net8.0]
D:\simplesign\SimpleSign\tests\interop\SimpleSign.Interop.Tests\BrasilInteropTests.cs(48,9): error CA1829: Use a propriedade "Count" em vez de Enumerable.Count() (https://learn.microsoft.com/dotnet/fundamentals/code-analysis/quality-rules/ca1829) [D:\simplesign\SimpleSign\tests\interop\SimpleSign.Interop.Tests\SimpleSign.Interop.Tests.csproj::TargetFramework=net8.0]
D:\simplesign\SimpleSign\tests\interop\SimpleSign.Interop.Tests\EtsiCorpusTests.cs(72,9): error CA1829: Use a propriedade "Count" em vez de Enumerable.Count() (https://learn.microsoft.com/dotnet/fundamentals/code-analysis/quality-rules/ca1829) [D:\simplesign\SimpleSign\tests\interop\SimpleSign.Interop.Tests\SimpleSign.Interop.Tests.csproj::TargetFramework=net8.0]
D:\simplesign\SimpleSign\tests\interop\SimpleSign.Interop.Tests\ExpandedInteropTests.cs(43,9): error CA1829: Use a propriedade "Count" em vez de Enumerable.Count() (https://learn.microsoft.com/dotnet/fundamentals/code-analysis/quality-rules/ca1829) [D:\simplesign\SimpleSign\tests\interop\SimpleSign.Interop.Tests\SimpleSign.Interop.Tests.csproj::TargetFramework=net8.0]
D:\simplesign\SimpleSign\tests\interop\SimpleSign.Interop.Tests\ExpandedInteropTests.cs(83,9): error CA1829: Use a propriedade "Count" em vez de Enumerable.Count() (https://learn.microsoft.com/dotnet/fundamentals/code-analysis/quality-rules/ca1829) [D:\simplesign\SimpleSign\tests\interop\SimpleSign.Interop.Tests\SimpleSign.Interop.Tests.csproj::TargetFramework=net8.0]
D:\simplesign\SimpleSign\tests\interop\SimpleSign.Interop.Tests\EtsiCorpusTests.cs(125,9): error CA1829: Use a propriedade "Count" em vez de Enumerable.Count() (https://learn.microsoft.com/dotnet/fundamentals/code-analysis/quality-rules/ca1829) [D:\simplesign\SimpleSign\tests\interop\SimpleSign.Interop.Tests\SimpleSign.Interop.Tests.csproj::TargetFramework=net8.0]
D:\simplesign\SimpleSign\tests\interop\SimpleSign.Interop.Tests\ExpandedInteropTests.cs(170,9): error CA1829: Use a propriedade "Count" em vez de Enumerable.Count() (https://learn.microsoft.com/dotnet/fundamentals/code-analysis/quality-rules/ca1829) [D:\simplesign\SimpleSign\tests\interop\SimpleSign.Interop.Tests\SimpleSign.Interop.Tests.csproj::TargetFramework=net8.0]
D:\simplesign\SimpleSign\tests\interop\SimpleSign.Interop.Tests\PadesDssInteropTests.cs(36,9): error CA1829: Use a propriedade "Count" em vez de Enumerable.Count() (https://learn.microsoft.com/dotnet/fundamentals/code-analysis/quality-rules/ca1829) [D:\simplesign\SimpleSign\tests\interop\SimpleSign.Interop.Tests\SimpleSign.Interop.Tests.csproj::TargetFramework=net8.0]
D:\simplesign\SimpleSign\tests\interop\SimpleSign.Interop.Tests\PadesDssInteropTests.cs(78,9): error CA1829: Use a propriedade "Count" em vez de Enumerable.Count() (https://learn.microsoft.com/dotnet/fundamentals/code-analysis/quality-rules/ca1829) [D:\simplesign\SimpleSign\tests\interop\SimpleSign.Interop.Tests\SimpleSign.Interop.Tests.csproj::TargetFramework=net8.0]
D:\simplesign\SimpleSign\tests\interop\SimpleSign.Interop.Tests\PadesDssInteropTests.cs(148,9): error CA1829: Use a propriedade "Count" em vez de Enumerable.Count() (https://learn.microsoft.com/dotnet/fundamentals/code-analysis/quality-rules/ca1829) [D:\simplesign\SimpleSign\tests\interop\SimpleSign.Interop.Tests\SimpleSign.Interop.Tests.csproj::TargetFramework=net8.0]
D:\simplesign\SimpleSign\tests\interop\SimpleSign.Interop.Tests\PadesDssInteropTests.cs(132,9): error CA1829: Use a propriedade "Count" em vez de Enumerable.Count() (https://learn.microsoft.com/dotnet/fundamentals/code-analysis/quality-rules/ca1829) [D:\simplesign\SimpleSign\tests\interop\SimpleSign.Interop.Tests\SimpleSign.Interop.Tests.csproj::TargetFramework=net8.0]
D:\simplesign\SimpleSign\tests\interop\SimpleSign.Interop.Tests\PadesDssInteropTests.cs(161,9): error CA1829: Use a propriedade "Count" em vez de Enumerable.Count() (https://learn.microsoft.com/dotnet/fundamentals/code-analysis/quality-rules/ca1829) [D:\simplesign\SimpleSign\tests\interop\SimpleSign.Interop.Tests\SimpleSign.Interop.Tests.csproj::TargetFramework=net8.0]
D:\simplesign\SimpleSign\tests\interop\SimpleSign.Interop.Tests\ReverseInteropTests.cs(148,13): error CA1829: Use a propriedade "Count" em vez de Enumerable.Count() (https://learn.microsoft.com/dotnet/fundamentals/code-analysis/quality-rules/ca1829) [D:\simplesign\SimpleSign\tests\interop\SimpleSign.Interop.Tests\SimpleSign.Interop.Tests.csproj::TargetFramework=net8.0]
D:\simplesign\SimpleSign\tests\interop\SimpleSign.Interop.Tests\PadesDssInteropTests.cs(174,9): error CA1829: Use a propriedade "Count" em vez de Enumerable.Count() (https://learn.microsoft.com/dotnet/fundamentals/code-analysis/quality-rules/ca1829) [D:\simplesign\SimpleSign\tests\interop\SimpleSign.Interop.Tests\SimpleSign.Interop.Tests.csproj::TargetFramework=net8.0]
D:\simplesign\SimpleSign\tests\interop\SimpleSign.Interop.Tests\EtsiCorpusTests.cs(242,9): error CA1829: Use a propriedade "Count" em vez de Enumerable.Count() (https://learn.microsoft.com/dotnet/fundamentals/code-analysis/quality-rules/ca1829) [D:\simplesign\SimpleSign\tests\interop\SimpleSign.Interop.Tests\SimpleSign.Interop.Tests.csproj::TargetFramework=net8.0]
D:\simplesign\SimpleSign\tests\interop\SimpleSign.Interop.Tests\ExpandedInteropTests.cs(361,9): error CA1829: Use a propriedade "Count" em vez de Enumerable.Count() (https://learn.microsoft.com/dotnet/fundamentals/code-analysis/quality-rules/ca1829) [D:\simplesign\SimpleSign\tests\interop\SimpleSign.Interop.Tests\SimpleSign.Interop.Tests.csproj::TargetFramework=net8.0]
D:\simplesign\SimpleSign\tests\interop\SimpleSign.Interop.Tests\ReverseInteropTests.cs(224,13): error CA1829: Use a propriedade "Count" em vez de Enumerable.Count() (https://learn.microsoft.com/dotnet/fundamentals/code-analysis/quality-rules/ca1829) [D:\simplesign\SimpleSign\tests\interop\SimpleSign.Interop.Tests\SimpleSign.Interop.Tests.csproj::TargetFramework=net8.0]
D:\simplesign\SimpleSign\tests\interop\SimpleSign.Interop.Tests\PadesDssInteropTests.cs(354,9): error CA1829: Use a propriedade "Count" em vez de Enumerable.Count() (https://learn.microsoft.com/dotnet/fundamentals/code-analysis/quality-rules/ca1829) [D:\simplesign\SimpleSign\tests\interop\SimpleSign.Interop.Tests\SimpleSign.Interop.Tests.csproj::TargetFramework=net8.0]
D:\simplesign\SimpleSign\tests\interop\SimpleSign.Interop.Tests\PadesDssInteropTests.cs(441,9): error CA1829: Use a propriedade "Count" em vez de Enumerable.Count() (https://learn.microsoft.com/dotnet/fundamentals/code-analysis/quality-rules/ca1829) [D:\simplesign\SimpleSign\tests\interop\SimpleSign.Interop.Tests\SimpleSign.Interop.Tests.csproj::TargetFramework=net8.0]
D:\simplesign\SimpleSign\tests\interop\SimpleSign.Interop.Tests\PadesDssInteropTests.cs(459,13): error CA1829: Use a propriedade "Count" em vez de Enumerable.Count() (https://learn.microsoft.com/dotnet/fundamentals/code-analysis/quality-rules/ca1829) [D:\simplesign\SimpleSign\tests\interop\SimpleSign.Interop.Tests\SimpleSign.Interop.Tests.csproj::TargetFramework=net8.0]
D:\simplesign\SimpleSign\tests\interop\SimpleSign.Interop.Tests\ExpandedInteropTests.cs(513,9): error CA1829: Use a propriedade "Count" em vez de Enumerable.Count() (https://learn.microsoft.com/dotnet/fundamentals/code-analysis/quality-rules/ca1829) [D:\simplesign\SimpleSign\tests\interop\SimpleSign.Interop.Tests\SimpleSign.Interop.Tests.csproj::TargetFramework=net8.0]
D:\simplesign\SimpleSign\tests\interop\SimpleSign.Interop.Tests\ExpandedInteropTests.cs(532,9): error CA1829: Use a propriedade "Count" em vez de Enumerable.Count() (https://learn.microsoft.com/dotnet/fundamentals/code-analysis/quality-rules/ca1829) [D:\simplesign\SimpleSign\tests\interop\SimpleSign.Interop.Tests\SimpleSign.Interop.Tests.csproj::TargetFramework=net8.0]
D:\simplesign\SimpleSign\tests\interop\SimpleSign.Interop.Tests\ExpandedInteropTests.cs(557,9): error CA1829: Use a propriedade "Count" em vez de Enumerable.Count() (https://learn.microsoft.com/dotnet/fundamentals/code-analysis/quality-rules/ca1829) [D:\simplesign\SimpleSign\tests\interop\SimpleSign.Interop.Tests\SimpleSign.Interop.Tests.csproj::TargetFramework=net8.0]
D:\simplesign\SimpleSign\tests\interop\SimpleSign.Interop.Tests\ExpandedInteropTests.cs(624,13): error CA1829: Use a propriedade "Count" em vez de Enumerable.Count() (https://learn.microsoft.com/dotnet/fundamentals/code-analysis/quality-rules/ca1829) [D:\simplesign\SimpleSign\tests\interop\SimpleSign.Interop.Tests\SimpleSign.Interop.Tests.csproj::TargetFramework=net8.0]
D:\simplesign\SimpleSign\tests\interop\SimpleSign.Interop.Tests\ExpandedInteropTests.cs(691,13): error CA1829: Use a propriedade "Count" em vez de Enumerable.Count() (https://learn.microsoft.com/dotnet/fundamentals/code-analysis/quality-rules/ca1829) [D:\simplesign\SimpleSign\tests\interop\SimpleSign.Interop.Tests\SimpleSign.Interop.Tests.csproj::TargetFramework=net8.0]
  SimpleSign.HostSigner -> D:\simplesign\SimpleSign\src\SimpleSign.HostSigner\bin\Debug\net8.0-windows\simplesign-hostsigner.dll
  SimpleSign.Benchmarks -> D:\simplesign\SimpleSign\bench\SimpleSign.Benchmarks\bin\Debug\net10.0\SimpleSign.Benchmarks.dll
D:\simplesign\SimpleSign\tests\unit\SimpleSign.PAdES.Tests\EndToEnd\SyntheticPkiPadesEndToEndTests.cs(36,9): error CA1829: Use a propriedade "Count" em vez de Enumerable.Count() (https://learn.microsoft.com/dotnet/fundamentals/code-analysis/quality-rules/ca1829) [D:\simplesign\SimpleSign\tests\unit\SimpleSign.PAdES.Tests\SimpleSign.PAdES.Tests.csproj::TargetFramework=net8.0]
D:\simplesign\SimpleSign\tests\unit\SimpleSign.PAdES.Tests\Compliance\EtsiEn319142ComplianceTests.cs(51,9): error CA1829: Use a propriedade "Count" em vez de Enumerable.Count() (https://learn.microsoft.com/dotnet/fundamentals/code-analysis/quality-rules/ca1829) [D:\simplesign\SimpleSign\tests\unit\SimpleSign.PAdES.Tests\SimpleSign.PAdES.Tests.csproj::TargetFramework=net8.0]
D:\simplesign\SimpleSign\tests\unit\SimpleSign.PAdES.Tests\Compliance\EtsiEn319142ComplianceTests.cs(374,9): error CA1829: Use a propriedade "Count" em vez de Enumerable.Count() (https://learn.microsoft.com/dotnet/fundamentals/code-analysis/quality-rules/ca1829) [D:\simplesign\SimpleSign\tests\unit\SimpleSign.PAdES.Tests\SimpleSign.PAdES.Tests.csproj::TargetFramework=net8.0]
D:\simplesign\SimpleSign\tests\unit\SimpleSign.PAdES.Tests\Compliance\EtsiEn319142ComplianceTests.cs(434,9): error CA1829: Use a propriedade "Count" em vez de Enumerable.Count() (https://learn.microsoft.com/dotnet/fundamentals/code-analysis/quality-rules/ca1829) [D:\simplesign\SimpleSign\tests\unit\SimpleSign.PAdES.Tests\SimpleSign.PAdES.Tests.csproj::TargetFramework=net8.0]
D:\simplesign\SimpleSign\tests\unit\SimpleSign.PAdES.Tests\RobustnessTests.cs(65,9): error CA1829: Use a propriedade "Count" em vez de Enumerable.Count() (https://learn.microsoft.com/dotnet/fundamentals/code-analysis/quality-rules/ca1829) [D:\simplesign\SimpleSign\tests\unit\SimpleSign.PAdES.Tests\SimpleSign.PAdES.Tests.csproj::TargetFramework=net8.0]
D:\simplesign\SimpleSign\tests\unit\SimpleSign.PAdES.Tests\RobustnessTests.cs(70,9): error CA1829: Use a propriedade "Count" em vez de Enumerable.Count() (https://learn.microsoft.com/dotnet/fundamentals/code-analysis/quality-rules/ca1829) [D:\simplesign\SimpleSign\tests\unit\SimpleSign.PAdES.Tests\SimpleSign.PAdES.Tests.csproj::TargetFramework=net8.0]
D:\simplesign\SimpleSign\tests\unit\SimpleSign.PAdES.Tests\RobustnessTests.cs(101,9): error CA1829: Use a propriedade "Count" em vez de Enumerable.Count() (https://learn.microsoft.com/dotnet/fundamentals/code-analysis/quality-rules/ca1829) [D:\simplesign\SimpleSign\tests\unit\SimpleSign.PAdES.Tests\SimpleSign.PAdES.Tests.csproj::TargetFramework=net8.0]
D:\simplesign\SimpleSign\tests\unit\SimpleSign.PAdES.Tests\RobustnessTests.cs(115,9): error CA1829: Use a propriedade "Count" em vez de Enumerable.Count() (https://learn.microsoft.com/dotnet/fundamentals/code-analysis/quality-rules/ca1829) [D:\simplesign\SimpleSign\tests\unit\SimpleSign.PAdES.Tests\SimpleSign.PAdES.Tests.csproj::TargetFramework=net8.0]
D:\simplesign\SimpleSign\tests\unit\SimpleSign.PAdES.Tests\RobustnessTests.cs(131,9): error CA1829: Use a propriedade "Count" em vez de Enumerable.Count() (https://learn.microsoft.com/dotnet/fundamentals/code-analysis/quality-rules/ca1829) [D:\simplesign\SimpleSign\tests\unit\SimpleSign.PAdES.Tests\SimpleSign.PAdES.Tests.csproj::TargetFramework=net8.0]
D:\simplesign\SimpleSign\tests\unit\SimpleSign.PAdES.Tests\Inspection\PdfSignatureInspectorTests.cs(88,9): error CA1829: Use a propriedade "Count" em vez de Enumerable.Count() (https://learn.microsoft.com/dotnet/fundamentals/code-analysis/quality-rules/ca1829) [D:\simplesign\SimpleSign\tests\unit\SimpleSign.PAdES.Tests\SimpleSign.PAdES.Tests.csproj::TargetFramework=net8.0]
D:\simplesign\SimpleSign\tests\unit\SimpleSign.PAdES.Tests\Inspection\ConformanceDetectorTests.cs(94,9): error CA1829: Use a propriedade "Count" em vez de Enumerable.Count() (https://learn.microsoft.com/dotnet/fundamentals/code-analysis/quality-rules/ca1829) [D:\simplesign\SimpleSign\tests\unit\SimpleSign.PAdES.Tests\SimpleSign.PAdES.Tests.csproj::TargetFramework=net8.0]
D:\simplesign\SimpleSign\tests\unit\SimpleSign.PAdES.Tests\RobustnessTests.cs(189,9): error CA1829: Use a propriedade "Count" em vez de Enumerable.Count() (https://learn.microsoft.com/dotnet/fundamentals/code-analysis/quality-rules/ca1829) [D:\simplesign\SimpleSign\tests\unit\SimpleSign.PAdES.Tests\SimpleSign.PAdES.Tests.csproj::TargetFramework=net8.0]
D:\simplesign\SimpleSign\tests\unit\SimpleSign.PAdES.Tests\MissingCoverageTests.cs(186,13): error CA1829: Use a propriedade "Count" em vez de Enumerable.Count() (https://learn.microsoft.com/dotnet/fundamentals/code-analysis/quality-rules/ca1829) [D:\simplesign\SimpleSign\tests\unit\SimpleSign.PAdES.Tests\SimpleSign.PAdES.Tests.csproj::TargetFramework=net8.0]
D:\simplesign\SimpleSign\tests\unit\SimpleSign.PAdES.Tests\MissingCoverageTests.cs(248,9): error CA1829: Use a propriedade "Count" em vez de Enumerable.Count() (https://learn.microsoft.com/dotnet/fundamentals/code-analysis/quality-rules/ca1829) [D:\simplesign\SimpleSign\tests\unit\SimpleSign.PAdES.Tests\SimpleSign.PAdES.Tests.csproj::TargetFramework=net8.0]
D:\simplesign\SimpleSign\tests\unit\SimpleSign.PAdES.Tests\MissingCoverageTests.cs(252,9): error CA1829: Use a propriedade "Count" em vez de Enumerable.Count() (https://learn.microsoft.com/dotnet/fundamentals/code-analysis/quality-rules/ca1829) [D:\simplesign\SimpleSign\tests\unit\SimpleSign.PAdES.Tests\SimpleSign.PAdES.Tests.csproj::TargetFramework=net8.0]
D:\simplesign\SimpleSign\tests\unit\SimpleSign.PAdES.Tests\RobustnessTests.cs(215,9): error CA1829: Use a propriedade "Length" em vez de Enumerable.Count() (https://learn.microsoft.com/dotnet/fundamentals/code-analysis/quality-rules/ca1829) [D:\simplesign\SimpleSign\tests\unit\SimpleSign.PAdES.Tests\SimpleSign.PAdES.Tests.csproj::TargetFramework=net8.0]
D:\simplesign\SimpleSign\tests\unit\SimpleSign.PAdES.Tests\RobustnessTests.cs(218,13): error CA1829: Use a propriedade "Count" em vez de Enumerable.Count() (https://learn.microsoft.com/dotnet/fundamentals/code-analysis/quality-rules/ca1829) [D:\simplesign\SimpleSign\tests\unit\SimpleSign.PAdES.Tests\SimpleSign.PAdES.Tests.csproj::TargetFramework=net8.0]
D:\simplesign\SimpleSign\tests\unit\SimpleSign.PAdES.Tests\RobustnessTests.cs(238,9): error CA1829: Use a propriedade "Count" em vez de Enumerable.Count() (https://learn.microsoft.com/dotnet/fundamentals/code-analysis/quality-rules/ca1829) [D:\simplesign\SimpleSign\tests\unit\SimpleSign.PAdES.Tests\SimpleSign.PAdES.Tests.csproj::TargetFramework=net8.0]
D:\simplesign\SimpleSign\tests\unit\SimpleSign.PAdES.Tests\RobustnessTests.cs(252,9): error CA1829: Use a propriedade "Count" em vez de Enumerable.Count() (https://learn.microsoft.com/dotnet/fundamentals/code-analysis/quality-rules/ca1829) [D:\simplesign\SimpleSign\tests\unit\SimpleSign.PAdES.Tests\SimpleSign.PAdES.Tests.csproj::TargetFramework=net8.0]
D:\simplesign\SimpleSign\tests\unit\SimpleSign.PAdES.Tests\RobustnessTests.cs(269,9): error CA1829: Use a propriedade "Count" em vez de Enumerable.Count() (https://learn.microsoft.com/dotnet/fundamentals/code-analysis/quality-rules/ca1829) [D:\simplesign\SimpleSign\tests\unit\SimpleSign.PAdES.Tests\SimpleSign.PAdES.Tests.csproj::TargetFramework=net8.0]
D:\simplesign\SimpleSign\tests\unit\SimpleSign.PAdES.Tests\RobustnessTests.cs(299,17): error CA1829: Use a propriedade "Count" em vez de Enumerable.Count() (https://learn.microsoft.com/dotnet/fundamentals/code-analysis/quality-rules/ca1829) [D:\simplesign\SimpleSign\tests\unit\SimpleSign.PAdES.Tests\SimpleSign.PAdES.Tests.csproj::TargetFramework=net8.0]
D:\simplesign\SimpleSign\tests\unit\SimpleSign.PAdES.Tests\RobustnessTests.cs(317,17): error CA1508: 'stream != null' ├® sempre 'true'. Remova ou refatore as condi├º├Áes para evitar um c├│digo morto. (https://learn.microsoft.com/dotnet/fundamentals/code-analysis/quality-rules/ca1508) [D:\simplesign\SimpleSign\tests\unit\SimpleSign.PAdES.Tests\SimpleSign.PAdES.Tests.csproj::TargetFramework=net8.0]
D:\simplesign\SimpleSign\tests\unit\SimpleSign.PAdES.Tests\Validation\Phase3ProductionTests.cs(429,35): error IDE0055: Corrigir a formata├º├úo (https://learn.microsoft.com/dotnet/fundamentals/code-analysis/style-rules/ide0055) [D:\simplesign\SimpleSign\tests\unit\SimpleSign.PAdES.Tests\SimpleSign.PAdES.Tests.csproj::TargetFramework=net8.0]
D:\simplesign\SimpleSign\tests\unit\SimpleSign.PAdES.Tests\Validation\RoundTripValidationTests.cs(179,35): error IDE0055: Corrigir a formata├º├úo (https://learn.microsoft.com/dotnet/fundamentals/code-analysis/style-rules/ide0055) [D:\simplesign\SimpleSign\tests\unit\SimpleSign.PAdES.Tests\SimpleSign.PAdES.Tests.csproj::TargetFramework=net8.0]
D:\simplesign\SimpleSign\tests\unit\SimpleSign.PAdES.Tests\Signing\BatchErrorRecoveryTests.cs(44,9): error CA1829: Use a propriedade "Count" em vez de Enumerable.Count() (https://learn.microsoft.com/dotnet/fundamentals/code-analysis/quality-rules/ca1829) [D:\simplesign\SimpleSign\tests\unit\SimpleSign.PAdES.Tests\SimpleSign.PAdES.Tests.csproj::TargetFramework=net8.0]
D:\simplesign\SimpleSign\tests\unit\SimpleSign.PAdES.Tests\Signing\BatchErrorRecoveryTests.cs(49,9): error CA1829: Use a propriedade "Count" em vez de Enumerable.Count() (https://learn.microsoft.com/dotnet/fundamentals/code-analysis/quality-rules/ca1829) [D:\simplesign\SimpleSign\tests\unit\SimpleSign.PAdES.Tests\SimpleSign.PAdES.Tests.csproj::TargetFramework=net8.0]
D:\simplesign\SimpleSign\tests\unit\SimpleSign.PAdES.Tests\Signing\BatchErrorRecoveryTests.cs(52,9): error CA1829: Use a propriedade "Count" em vez de Enumerable.Count() (https://learn.microsoft.com/dotnet/fundamentals/code-analysis/quality-rules/ca1829) [D:\simplesign\SimpleSign\tests\unit\SimpleSign.PAdES.Tests\SimpleSign.PAdES.Tests.csproj::TargetFramework=net8.0]
D:\simplesign\SimpleSign\tests\unit\SimpleSign.PAdES.Tests\Signing\SimpleSignerEndToEndTests.cs(57,9): error CA1829: Use a propriedade "Count" em vez de Enumerable.Count() (https://learn.microsoft.com/dotnet/fundamentals/code-analysis/quality-rules/ca1829) [D:\simplesign\SimpleSign\tests\unit\SimpleSign.PAdES.Tests\SimpleSign.PAdES.Tests.csproj::TargetFramework=net8.0]
D:\simplesign\SimpleSign\tests\unit\SimpleSign.PAdES.Tests\Signing\BatchErrorRecoveryTests.cs(70,9): error CA1829: Use a propriedade "Count" em vez de Enumerable.Count() (https://learn.microsoft.com/dotnet/fundamentals/code-analysis/quality-rules/ca1829) [D:\simplesign\SimpleSign\tests\unit\SimpleSign.PAdES.Tests\SimpleSign.PAdES.Tests.csproj::TargetFramework=net8.0]
D:\simplesign\SimpleSign\tests\unit\SimpleSign.PAdES.Tests\Signing\SimpleSignerEndToEndTests.cs(69,9): error CA1829: Use a propriedade "Count" em vez de Enumerable.Count() (https://learn.microsoft.com/dotnet/fundamentals/code-analysis/quality-rules/ca1829) [D:\simplesign\SimpleSign\tests\unit\SimpleSign.PAdES.Tests\SimpleSign.PAdES.Tests.csproj::TargetFramework=net8.0]
D:\simplesign\SimpleSign\tests\unit\SimpleSign.PAdES.Tests\Signing\SimpleSignerEndToEndTests.cs(82,9): error CA1829: Use a propriedade "Count" em vez de Enumerable.Count() (https://learn.microsoft.com/dotnet/fundamentals/code-analysis/quality-rules/ca1829) [D:\simplesign\SimpleSign\tests\unit\SimpleSign.PAdES.Tests\SimpleSign.PAdES.Tests.csproj::TargetFramework=net8.0]
D:\simplesign\SimpleSign\tests\unit\SimpleSign.PAdES.Tests\Signing\SimpleSignerEndToEndTests.cs(95,9): error CA1829: Use a propriedade "Count" em vez de Enumerable.Count() (https://learn.microsoft.com/dotnet/fundamentals/code-analysis/quality-rules/ca1829) [D:\simplesign\SimpleSign\tests\unit\SimpleSign.PAdES.Tests\SimpleSign.PAdES.Tests.csproj::TargetFramework=net8.0]
D:\simplesign\SimpleSign\tests\unit\SimpleSign.PAdES.Tests\Signing\SimpleSignerEndToEndTests.cs(107,9): error CA1829: Use a propriedade "Count" em vez de Enumerable.Count() (https://learn.microsoft.com/dotnet/fundamentals/code-analysis/quality-rules/ca1829) [D:\simplesign\SimpleSign\tests\unit\SimpleSign.PAdES.Tests\SimpleSign.PAdES.Tests.csproj::TargetFramework=net8.0]
D:\simplesign\SimpleSign\tests\unit\SimpleSign.PAdES.Tests\Signing\SimpleSignerEndToEndTests.cs(121,9): error CA1829: Use a propriedade "Count" em vez de Enumerable.Count() (https://learn.microsoft.com/dotnet/fundamentals/code-analysis/quality-rules/ca1829) [D:\simplesign\SimpleSign\tests\unit\SimpleSign.PAdES.Tests\SimpleSign.PAdES.Tests.csproj::TargetFramework=net8.0]
D:\simplesign\SimpleSign\tests\unit\SimpleSign.PAdES.Tests\Signing\PdfSignatureWriterInternalsTests.cs(170,9): error CA1829: Use a propriedade "Length" em vez de Enumerable.Count() (https://learn.microsoft.com/dotnet/fundamentals/code-analysis/quality-rules/ca1829) [D:\simplesign\SimpleSign\tests\unit\SimpleSign.PAdES.Tests\SimpleSign.PAdES.Tests.csproj::TargetFramework=net8.0]
D:\simplesign\SimpleSign\tests\unit\SimpleSign.PAdES.Tests\Signing\BatchSignerBuilderTests.cs(57,9): error CA1829: Use a propriedade "Count" em vez de Enumerable.Count() (https://learn.microsoft.com/dotnet/fundamentals/code-analysis/quality-rules/ca1829) [D:\simplesign\SimpleSign\tests\unit\SimpleSign.PAdES.Tests\SimpleSign.PAdES.Tests.csproj::TargetFramework=net8.0]
D:\simplesign\SimpleSign\tests\unit\SimpleSign.PAdES.Tests\Signing\PdfAPreservationValidatorTests.cs(23,9): error CA1829: Use a propriedade "Count" em vez de Enumerable.Count() (https://learn.microsoft.com/dotnet/fundamentals/code-analysis/quality-rules/ca1829) [D:\simplesign\SimpleSign\tests\unit\SimpleSign.PAdES.Tests\SimpleSign.PAdES.Tests.csproj::TargetFramework=net8.0]
D:\simplesign\SimpleSign\tests\unit\SimpleSign.PAdES.Tests\Signing\SignatureAppearanceEndToEndTests.cs(58,9): error CA1829: Use a propriedade "Count" em vez de Enumerable.Count() (https://learn.microsoft.com/dotnet/fundamentals/code-analysis/quality-rules/ca1829) [D:\simplesign\SimpleSign\tests\unit\SimpleSign.PAdES.Tests\SimpleSign.PAdES.Tests.csproj::TargetFramework=net8.0]
D:\simplesign\SimpleSign\tests\unit\SimpleSign.PAdES.Tests\Signing\PdfAPreservationValidatorTests.cs(32,9): error CA1829: Use a propriedade "Count" em vez de Enumerable.Count() (https://learn.microsoft.com/dotnet/fundamentals/code-analysis/quality-rules/ca1829) [D:\simplesign\SimpleSign\tests\unit\SimpleSign.PAdES.Tests\SimpleSign.PAdES.Tests.csproj::TargetFramework=net8.0]
D:\simplesign\SimpleSign\tests\unit\SimpleSign.PAdES.Tests\Signing\SimpleSignerEndToEndTests.cs(142,9): error CA1829: Use a propriedade "Count" em vez de Enumerable.Count() (https://learn.microsoft.com/dotnet/fundamentals/code-analysis/quality-rules/ca1829) [D:\simplesign\SimpleSign\tests\unit\SimpleSign.PAdES.Tests\SimpleSign.PAdES.Tests.csproj::TargetFramework=net8.0]
D:\simplesign\SimpleSign\tests\unit\SimpleSign.PAdES.Tests\Signing\BatchSignerTests.cs(85,9): error CA1829: Use a propriedade "Count" em vez de Enumerable.Count() (https://learn.microsoft.com/dotnet/fundamentals/code-analysis/quality-rules/ca1829) [D:\simplesign\SimpleSign\tests\unit\SimpleSign.PAdES.Tests\SimpleSign.PAdES.Tests.csproj::TargetFramework=net8.0]
D:\simplesign\SimpleSign\tests\unit\SimpleSign.PAdES.Tests\Signing\SimpleSignerEndToEndTests.cs(155,9): error CA1829: Use a propriedade "Count" em vez de Enumerable.Count() (https://learn.microsoft.com/dotnet/fundamentals/code-analysis/quality-rules/ca1829) [D:\simplesign\SimpleSign\tests\unit\SimpleSign.PAdES.Tests\SimpleSign.PAdES.Tests.csproj::TargetFramework=net8.0]
D:\simplesign\SimpleSign\tests\unit\SimpleSign.PAdES.Tests\Signing\PdfAPreservationValidatorTests.cs(56,9): error CA1829: Use a propriedade "Count" em vez de Enumerable.Count() (https://learn.microsoft.com/dotnet/fundamentals/code-analysis/quality-rules/ca1829) [D:\simplesign\SimpleSign\tests\unit\SimpleSign.PAdES.Tests\SimpleSign.PAdES.Tests.csproj::TargetFramework=net8.0]
D:\simplesign\SimpleSign\tests\unit\SimpleSign.PAdES.Tests\Signing\SignatureAppearanceEndToEndTests.cs(122,9): error CA1829: Use a propriedade "Count" em vez de Enumerable.Count() (https://learn.microsoft.com/dotnet/fundamentals/code-analysis/quality-rules/ca1829) [D:\simplesign\SimpleSign\tests\unit\SimpleSign.PAdES.Tests\SimpleSign.PAdES.Tests.csproj::TargetFramework=net8.0]
D:\simplesign\SimpleSign\tests\unit\SimpleSign.Brasil.Tests\BrasilExtensionContractTests.cs(34,62): error IDE0055: Corrigir a formata├º├úo (https://learn.microsoft.com/dotnet/fundamentals/code-analysis/style-rules/ide0055) [D:\simplesign\SimpleSign\tests\unit\SimpleSign.Brasil.Tests\SimpleSign.Brasil.Tests.csproj::TargetFramework=net8.0]
D:\simplesign\SimpleSign\tests\unit\SimpleSign.PAdES.Tests\Inspection\PadesExtractorTests.cs(31,9): error CA1829: Use a propriedade "Count" em vez de Enumerable.Count() (https://learn.microsoft.com/dotnet/fundamentals/code-analysis/quality-rules/ca1829) [D:\simplesign\SimpleSign\tests\unit\SimpleSign.PAdES.Tests\SimpleSign.PAdES.Tests.csproj::TargetFramework=net8.0]
D:\simplesign\SimpleSign\tests\unit\SimpleSign.Brasil.Tests\GovBrDetectionTests.cs(94,33): error IDE0055: Corrigir a formata├º├úo (https://learn.microsoft.com/dotnet/fundamentals/code-analysis/style-rules/ide0055) [D:\simplesign\SimpleSign\tests\unit\SimpleSign.Brasil.Tests\SimpleSign.Brasil.Tests.csproj::TargetFramework=net8.0]
D:\simplesign\SimpleSign\tests\unit\SimpleSign.PAdES.Tests\Inspection\PadesExtractorTests.cs(72,9): error CA1829: Use a propriedade "Count" em vez de Enumerable.Count() (https://learn.microsoft.com/dotnet/fundamentals/code-analysis/quality-rules/ca1829) [D:\simplesign\SimpleSign\tests\unit\SimpleSign.PAdES.Tests\SimpleSign.PAdES.Tests.csproj::TargetFramework=net8.0]
D:\simplesign\SimpleSign\tests\unit\SimpleSign.Brasil.Tests\Integration\IcpBrasilIntegrationTests.cs(32,9): error CA1829: Use a propriedade "Count" em vez de Enumerable.Count() (https://learn.microsoft.com/dotnet/fundamentals/code-analysis/quality-rules/ca1829) [D:\simplesign\SimpleSign\tests\unit\SimpleSign.Brasil.Tests\SimpleSign.Brasil.Tests.csproj::TargetFramework=net8.0]
D:\simplesign\SimpleSign\tests\unit\SimpleSign.PAdES.Tests\Inspection\PadesExtractorTests.cs(101,9): error CA1829: Use a propriedade "Count" em vez de Enumerable.Count() (https://learn.microsoft.com/dotnet/fundamentals/code-analysis/quality-rules/ca1829) [D:\simplesign\SimpleSign\tests\unit\SimpleSign.PAdES.Tests\SimpleSign.PAdES.Tests.csproj::TargetFramework=net8.0]
D:\simplesign\SimpleSign\tests\unit\SimpleSign.Brasil.Tests\Integration\IcpBrasilIntegrationTests.cs(50,9): error CA1829: Use a propriedade "Count" em vez de Enumerable.Count() (https://learn.microsoft.com/dotnet/fundamentals/code-analysis/quality-rules/ca1829) [D:\simplesign\SimpleSign\tests\unit\SimpleSign.Brasil.Tests\SimpleSign.Brasil.Tests.csproj::TargetFramework=net8.0]
D:\simplesign\SimpleSign\tests\unit\SimpleSign.PAdES.Tests\Signing\SignerBuilderEdgeCaseTests.cs(123,9): error CA1829: Use a propriedade "Count" em vez de Enumerable.Count() (https://learn.microsoft.com/dotnet/fundamentals/code-analysis/quality-rules/ca1829) [D:\simplesign\SimpleSign\tests\unit\SimpleSign.PAdES.Tests\SimpleSign.PAdES.Tests.csproj::TargetFramework=net8.0]
D:\simplesign\SimpleSign\tests\unit\SimpleSign.PAdES.Tests\Inspection\PadesExtractorTests.cs(87,9): error CA1829: Use a propriedade "Count" em vez de Enumerable.Count() (https://learn.microsoft.com/dotnet/fundamentals/code-analysis/quality-rules/ca1829) [D:\simplesign\SimpleSign\tests\unit\SimpleSign.PAdES.Tests\SimpleSign.PAdES.Tests.csproj::TargetFramework=net8.0]
D:\simplesign\SimpleSign\tests\unit\SimpleSign.Brasil.Tests\AdvancedSignatureTests.cs(182,9): error CA1829: Use a propriedade "Count" em vez de Enumerable.Count() (https://learn.microsoft.com/dotnet/fundamentals/code-analysis/quality-rules/ca1829) [D:\simplesign\SimpleSign\tests\unit\SimpleSign.Brasil.Tests\SimpleSign.Brasil.Tests.csproj::TargetFramework=net8.0]
D:\simplesign\SimpleSign\tests\unit\SimpleSign.Brasil.Tests\AdvancedSignatureTests.cs(219,9): error CA1829: Use a propriedade "Count" em vez de Enumerable.Count() (https://learn.microsoft.com/dotnet/fundamentals/code-analysis/quality-rules/ca1829) [D:\simplesign\SimpleSign\tests\unit\SimpleSign.Brasil.Tests\SimpleSign.Brasil.Tests.csproj::TargetFramework=net8.0]
D:\simplesign\SimpleSign\tests\unit\SimpleSign.PAdES.Tests\Signing\ConcurrencyTests.cs(41,9): error CA1829: Use a propriedade "Length" em vez de Enumerable.Count() (https://learn.microsoft.com/dotnet/fundamentals/code-analysis/quality-rules/ca1829) [D:\simplesign\SimpleSign\tests\unit\SimpleSign.PAdES.Tests\SimpleSign.PAdES.Tests.csproj::TargetFramework=net8.0]
D:\simplesign\SimpleSign\tests\unit\SimpleSign.PAdES.Tests\Inspection\PadesExtractorTests.cs(191,9): error CA1829: Use a propriedade "Count" em vez de Enumerable.Count() (https://learn.microsoft.com/dotnet/fundamentals/code-analysis/quality-rules/ca1829) [D:\simplesign\SimpleSign\tests\unit\SimpleSign.PAdES.Tests\SimpleSign.PAdES.Tests.csproj::TargetFramework=net8.0]
D:\simplesign\SimpleSign\tests\unit\SimpleSign.Brasil.Tests\Integration\IcpBrasilIntegrationTests.cs(66,9): error CA1829: Use a propriedade "Count" em vez de Enumerable.Count() (https://learn.microsoft.com/dotnet/fundamentals/code-analysis/quality-rules/ca1829) [D:\simplesign\SimpleSign\tests\unit\SimpleSign.Brasil.Tests\SimpleSign.Brasil.Tests.csproj::TargetFramework=net8.0]
D:\simplesign\SimpleSign\tests\unit\SimpleSign.Brasil.Tests\Integration\IcpBrasilIntegrationTests.cs(83,9): error CA1829: Use a propriedade "Count" em vez de Enumerable.Count() (https://learn.microsoft.com/dotnet/fundamentals/code-analysis/quality-rules/ca1829) [D:\simplesign\SimpleSign\tests\unit\SimpleSign.Brasil.Tests\SimpleSign.Brasil.Tests.csproj::TargetFramework=net8.0]
D:\simplesign\SimpleSign\tests\unit\SimpleSign.PAdES.Tests\Signing\ConcurrencyTests.cs(59,9): error CA1829: Use a propriedade "Length" em vez de Enumerable.Count() (https://learn.microsoft.com/dotnet/fundamentals/code-analysis/quality-rules/ca1829) [D:\simplesign\SimpleSign\tests\unit\SimpleSign.PAdES.Tests\SimpleSign.PAdES.Tests.csproj::TargetFramework=net8.0]
D:\simplesign\SimpleSign\tests\unit\SimpleSign.Brasil.Tests\Integration\GovBrIntegrationTests.cs(34,9): error CA1829: Use a propriedade "Count" em vez de Enumerable.Count() (https://learn.microsoft.com/dotnet/fundamentals/code-analysis/quality-rules/ca1829) [D:\simplesign\SimpleSign\tests\unit\SimpleSign.Brasil.Tests\SimpleSign.Brasil.Tests.csproj::TargetFramework=net8.0]
D:\simplesign\SimpleSign\tests\unit\SimpleSign.PAdES.Tests\Signing\ConcurrencyTests.cs(79,9): error CA1829: Use a propriedade "Count" em vez de Enumerable.Count() (https://learn.microsoft.com/dotnet/fundamentals/code-analysis/quality-rules/ca1829) [D:\simplesign\SimpleSign\tests\unit\SimpleSign.PAdES.Tests\SimpleSign.PAdES.Tests.csproj::TargetFramework=net8.0]
D:\simplesign\SimpleSign\tests\unit\SimpleSign.Brasil.Tests\Integration\GovBrIntegrationTests.cs(53,9): error CA1829: Use a propriedade "Count" em vez de Enumerable.Count() (https://learn.microsoft.com/dotnet/fundamentals/code-analysis/quality-rules/ca1829) [D:\simplesign\SimpleSign\tests\unit\SimpleSign.Brasil.Tests\SimpleSign.Brasil.Tests.csproj::TargetFramework=net8.0]
D:\simplesign\SimpleSign\tests\unit\SimpleSign.PAdES.Tests\Inspection\PadesExtractorTests.cs(211,13): error CA1829: Use a propriedade "Count" em vez de Enumerable.Count() (https://learn.microsoft.com/dotnet/fundamentals/code-analysis/quality-rules/ca1829) [D:\simplesign\SimpleSign\tests\unit\SimpleSign.PAdES.Tests\SimpleSign.PAdES.Tests.csproj::TargetFramework=net8.0]
D:\simplesign\SimpleSign\tests\unit\SimpleSign.PAdES.Tests\Inspection\PadesExtractorTests.cs(229,9): error CA1829: Use a propriedade "Count" em vez de Enumerable.Count() (https://learn.microsoft.com/dotnet/fundamentals/code-analysis/quality-rules/ca1829) [D:\simplesign\SimpleSign\tests\unit\SimpleSign.PAdES.Tests\SimpleSign.PAdES.Tests.csproj::TargetFramework=net8.0]
D:\simplesign\SimpleSign\tests\unit\SimpleSign.Brasil.Tests\Integration\IcpBrasilIntegrationTests.cs(105,9): error CA1829: Use a propriedade "Count" em vez de Enumerable.Count() (https://learn.microsoft.com/dotnet/fundamentals/code-analysis/quality-rules/ca1829) [D:\simplesign\SimpleSign\tests\unit\SimpleSign.Brasil.Tests\SimpleSign.Brasil.Tests.csproj::TargetFramework=net8.0]
D:\simplesign\SimpleSign\tests\unit\SimpleSign.PAdES.Tests\Validation\BulkValidatorTests.cs(75,9): error CA1829: Use a propriedade "Count" em vez de Enumerable.Count() (https://learn.microsoft.com/dotnet/fundamentals/code-analysis/quality-rules/ca1829) [D:\simplesign\SimpleSign\tests\unit\SimpleSign.PAdES.Tests\SimpleSign.PAdES.Tests.csproj::TargetFramework=net8.0]
D:\simplesign\SimpleSign\tests\unit\SimpleSign.Brasil.Tests\Integration\IcpBrasilIntegrationTests.cs(121,9): error CA1829: Use a propriedade "Count" em vez de Enumerable.Count() (https://learn.microsoft.com/dotnet/fundamentals/code-analysis/quality-rules/ca1829) [D:\simplesign\SimpleSign\tests\unit\SimpleSign.Brasil.Tests\SimpleSign.Brasil.Tests.csproj::TargetFramework=net8.0]
D:\simplesign\SimpleSign\tests\unit\SimpleSign.PAdES.Tests\Signing\DeferredSignerEdgeCaseTests.cs(102,9): error CA1829: Use a propriedade "Length" em vez de Enumerable.Count() (https://learn.microsoft.com/dotnet/fundamentals/code-analysis/quality-rules/ca1829) [D:\simplesign\SimpleSign\tests\unit\SimpleSign.PAdES.Tests\SimpleSign.PAdES.Tests.csproj::TargetFramework=net8.0]
D:\simplesign\SimpleSign\tests\unit\SimpleSign.Brasil.Tests\Integration\GovBrIntegrationTests.cs(67,9): error CA1829: Use a propriedade "Count" em vez de Enumerable.Count() (https://learn.microsoft.com/dotnet/fundamentals/code-analysis/quality-rules/ca1829) [D:\simplesign\SimpleSign\tests\unit\SimpleSign.Brasil.Tests\SimpleSign.Brasil.Tests.csproj::TargetFramework=net8.0]
D:\simplesign\SimpleSign\tests\unit\SimpleSign.PAdES.Tests\Validation\DssExtractorTests.cs(72,25): error CA1861: Prefira campos 'static readonly' em vez de argumentos de matriz constante se o m├®todo chamado for chamado repetidamente e n├úo estiver modificando a matriz passada (https://learn.microsoft.com/dotnet/fundamentals/code-analysis/quality-rules/ca1861) [D:\simplesign\SimpleSign\tests\unit\SimpleSign.PAdES.Tests\SimpleSign.PAdES.Tests.csproj::TargetFramework=net8.0]
D:\simplesign\SimpleSign\tests\unit\SimpleSign.Brasil.Tests\Integration\GovBrIntegrationTests.cs(82,9): error CA1829: Use a propriedade "Count" em vez de Enumerable.Count() (https://learn.microsoft.com/dotnet/fundamentals/code-analysis/quality-rules/ca1829) [D:\simplesign\SimpleSign\tests\unit\SimpleSign.Brasil.Tests\SimpleSign.Brasil.Tests.csproj::TargetFramework=net8.0]
D:\simplesign\SimpleSign\tests\unit\SimpleSign.PAdES.Tests\Inspection\PadesExtractorTests.cs(244,9): error CA1829: Use a propriedade "Count" em vez de Enumerable.Count() (https://learn.microsoft.com/dotnet/fundamentals/code-analysis/quality-rules/ca1829) [D:\simplesign\SimpleSign\tests\unit\SimpleSign.PAdES.Tests\SimpleSign.PAdES.Tests.csproj::TargetFramework=net8.0]
D:\simplesign\SimpleSign\tests\unit\SimpleSign.Brasil.Tests\Integration\GovBrIntegrationTests.cs(97,9): error CA1829: Use a propriedade "Count" em vez de Enumerable.Count() (https://learn.microsoft.com/dotnet/fundamentals/code-analysis/quality-rules/ca1829) [D:\simplesign\SimpleSign\tests\unit\SimpleSign.Brasil.Tests\SimpleSign.Brasil.Tests.csproj::TargetFramework=net8.0]
D:\simplesign\SimpleSign\tests\unit\SimpleSign.PAdES.Tests\Validation\DssExtractorTests.cs(80,25): error CA1861: Prefira campos 'static readonly' em vez de argumentos de matriz constante se o m├®todo chamado for chamado repetidamente e n├úo estiver modificando a matriz passada (https://learn.microsoft.com/dotnet/fundamentals/code-analysis/quality-rules/ca1861) [D:\simplesign\SimpleSign\tests\unit\SimpleSign.PAdES.Tests\SimpleSign.PAdES.Tests.csproj::TargetFramework=net8.0]
D:\simplesign\SimpleSign\tests\unit\SimpleSign.Brasil.Tests\Integration\GovBrIntegrationTests.cs(120,9): error CA1829: Use a propriedade "Count" em vez de Enumerable.Count() (https://learn.microsoft.com/dotnet/fundamentals/code-analysis/quality-rules/ca1829) [D:\simplesign\SimpleSign\tests\unit\SimpleSign.Brasil.Tests\SimpleSign.Brasil.Tests.csproj::TargetFramework=net8.0]
D:\simplesign\SimpleSign\tests\unit\SimpleSign.PAdES.Tests\Signing\SignerBuilderEdgeCaseTests.cs(165,13): error CA1829: Use a propriedade "Count" em vez de Enumerable.Count() (https://learn.microsoft.com/dotnet/fundamentals/code-analysis/quality-rules/ca1829) [D:\simplesign\SimpleSign\tests\unit\SimpleSign.PAdES.Tests\SimpleSign.PAdES.Tests.csproj::TargetFramework=net8.0]
D:\simplesign\SimpleSign\tests\unit\SimpleSign.Brasil.Tests\Compliance\DocIcp15ComplianceTests.cs(252,9): error CA1829: Use a propriedade "Count" em vez de Enumerable.Count() (https://learn.microsoft.com/dotnet/fundamentals/code-analysis/quality-rules/ca1829) [D:\simplesign\SimpleSign\tests\unit\SimpleSign.Brasil.Tests\SimpleSign.Brasil.Tests.csproj::TargetFramework=net8.0]
D:\simplesign\SimpleSign\tests\unit\SimpleSign.PAdES.Tests\Inspection\PadesExtractorTests.cs(280,9): error CA1829: Use a propriedade "Count" em vez de Enumerable.Count() (https://learn.microsoft.com/dotnet/fundamentals/code-analysis/quality-rules/ca1829) [D:\simplesign\SimpleSign\tests\unit\SimpleSign.PAdES.Tests\SimpleSign.PAdES.Tests.csproj::TargetFramework=net8.0]
D:\simplesign\SimpleSign\tests\unit\SimpleSign.PAdES.Tests\Inspection\PadesExtractorTests.cs(263,9): error CA1829: Use a propriedade "Count" em vez de Enumerable.Count() (https://learn.microsoft.com/dotnet/fundamentals/code-analysis/quality-rules/ca1829) [D:\simplesign\SimpleSign\tests\unit\SimpleSign.PAdES.Tests\SimpleSign.PAdES.Tests.csproj::TargetFramework=net8.0]
D:\simplesign\SimpleSign\tests\unit\SimpleSign.PAdES.Tests\Validation\DssExtractorTests.cs(168,9): error CA1829: Use a propriedade "Count" em vez de Enumerable.Count() (https://learn.microsoft.com/dotnet/fundamentals/code-analysis/quality-rules/ca1829) [D:\simplesign\SimpleSign\tests\unit\SimpleSign.PAdES.Tests\SimpleSign.PAdES.Tests.csproj::TargetFramework=net8.0]
D:\simplesign\SimpleSign\tests\unit\SimpleSign.PAdES.Tests\Validation\BulkValidatorTests.cs(106,9): error CA1829: Use a propriedade "Count" em vez de Enumerable.Count() (https://learn.microsoft.com/dotnet/fundamentals/code-analysis/quality-rules/ca1829) [D:\simplesign\SimpleSign\tests\unit\SimpleSign.PAdES.Tests\SimpleSign.PAdES.Tests.csproj::TargetFramework=net8.0]
D:\simplesign\SimpleSign\tests\unit\SimpleSign.PAdES.Tests\Validation\BulkValidatorTests.cs(110,9): error CA1829: Use a propriedade "Count" em vez de Enumerable.Count() (https://learn.microsoft.com/dotnet/fundamentals/code-analysis/quality-rules/ca1829) [D:\simplesign\SimpleSign\tests\unit\SimpleSign.PAdES.Tests\SimpleSign.PAdES.Tests.csproj::TargetFramework=net8.0]
D:\simplesign\SimpleSign\tests\unit\SimpleSign.PAdES.Tests\Validation\BulkValidatorTests.cs(111,9): error CA1829: Use a propriedade "Count" em vez de Enumerable.Count() (https://learn.microsoft.com/dotnet/fundamentals/code-analysis/quality-rules/ca1829) [D:\simplesign\SimpleSign\tests\unit\SimpleSign.PAdES.Tests\SimpleSign.PAdES.Tests.csproj::TargetFramework=net8.0]
D:\simplesign\SimpleSign\tests\unit\SimpleSign.PAdES.Tests\Signing\SignerBuilderEdgeCaseTests.cs(201,9): error CA1829: Use a propriedade "Count" em vez de Enumerable.Count() (https://learn.microsoft.com/dotnet/fundamentals/code-analysis/quality-rules/ca1829) [D:\simplesign\SimpleSign\tests\unit\SimpleSign.PAdES.Tests\SimpleSign.PAdES.Tests.csproj::TargetFramework=net8.0]
D:\simplesign\SimpleSign\tests\unit\SimpleSign.PAdES.Tests\Signing\SignerBuilderEdgeCaseTests.cs(213,9): error CA1829: Use a propriedade "Count" em vez de Enumerable.Count() (https://learn.microsoft.com/dotnet/fundamentals/code-analysis/quality-rules/ca1829) [D:\simplesign\SimpleSign\tests\unit\SimpleSign.PAdES.Tests\SimpleSign.PAdES.Tests.csproj::TargetFramework=net8.0]
D:\simplesign\SimpleSign\tests\unit\SimpleSign.PAdES.Tests\Signing\SignerBuilderEdgeCaseTests.cs(184,13): error CA1829: Use a propriedade "Count" em vez de Enumerable.Count() (https://learn.microsoft.com/dotnet/fundamentals/code-analysis/quality-rules/ca1829) [D:\simplesign\SimpleSign\tests\unit\SimpleSign.PAdES.Tests\SimpleSign.PAdES.Tests.csproj::TargetFramework=net8.0]
D:\simplesign\SimpleSign\tests\unit\SimpleSign.PAdES.Tests\Signing\SignerBuilderEdgeCaseTests.cs(225,9): error CA1829: Use a propriedade "Count" em vez de Enumerable.Count() (https://learn.microsoft.com/dotnet/fundamentals/code-analysis/quality-rules/ca1829) [D:\simplesign\SimpleSign\tests\unit\SimpleSign.PAdES.Tests\SimpleSign.PAdES.Tests.csproj::TargetFramework=net8.0]
D:\simplesign\SimpleSign\tests\unit\SimpleSign.PAdES.Tests\Signing\SignerBuilderEdgeCaseTests.cs(237,9): error CA1829: Use a propriedade "Count" em vez de Enumerable.Count() (https://learn.microsoft.com/dotnet/fundamentals/code-analysis/quality-rules/ca1829) [D:\simplesign\SimpleSign\tests\unit\SimpleSign.PAdES.Tests\SimpleSign.PAdES.Tests.csproj::TargetFramework=net8.0]
D:\simplesign\SimpleSign\tests\unit\SimpleSign.PAdES.Tests\Signing\LtvArchivalCorruptionTests.cs(151,9): error CA1829: Use a propriedade "Count" em vez de Enumerable.Count() (https://learn.microsoft.com/dotnet/fundamentals/code-analysis/quality-rules/ca1829) [D:\simplesign\SimpleSign\tests\unit\SimpleSign.PAdES.Tests\SimpleSign.PAdES.Tests.csproj::TargetFramework=net8.0]
D:\simplesign\SimpleSign\tests\unit\SimpleSign.PAdES.Tests\Validation\PdfSignatureValidatorTests.cs(130,13): error CA1829: Use a propriedade "Count" em vez de Enumerable.Count() (https://learn.microsoft.com/dotnet/fundamentals/code-analysis/quality-rules/ca1829) [D:\simplesign\SimpleSign\tests\unit\SimpleSign.PAdES.Tests\SimpleSign.PAdES.Tests.csproj::TargetFramework=net8.0]
D:\simplesign\SimpleSign\tests\unit\SimpleSign.PAdES.Tests\Validation\Phase3ProductionTests.cs(119,9): error CA1829: Use a propriedade "Length" em vez de Enumerable.Count() (https://learn.microsoft.com/dotnet/fundamentals/code-analysis/quality-rules/ca1829) [D:\simplesign\SimpleSign\tests\unit\SimpleSign.PAdES.Tests\SimpleSign.PAdES.Tests.csproj::TargetFramework=net8.0]
D:\simplesign\SimpleSign\tests\unit\SimpleSign.PAdES.Tests\Validation\Phase3ProductionTests.cs(120,9): error CA1829: Use a propriedade "Count" em vez de Enumerable.Count() (https://learn.microsoft.com/dotnet/fundamentals/code-analysis/quality-rules/ca1829) [D:\simplesign\SimpleSign\tests\unit\SimpleSign.PAdES.Tests\SimpleSign.PAdES.Tests.csproj::TargetFramework=net8.0]
D:\simplesign\SimpleSign\tests\unit\SimpleSign.PAdES.Tests\Validation\RoundTripValidationTests.cs(76,9): error CA1829: Use a propriedade "Count" em vez de Enumerable.Count() (https://learn.microsoft.com/dotnet/fundamentals/code-analysis/quality-rules/ca1829) [D:\simplesign\SimpleSign\tests\unit\SimpleSign.PAdES.Tests\SimpleSign.PAdES.Tests.csproj::TargetFramework=net8.0]
D:\simplesign\SimpleSign\tests\unit\SimpleSign.PAdES.Tests\Signing\LargeFileTests.cs(97,9): error CA1829: Use a propriedade "Count" em vez de Enumerable.Count() (https://learn.microsoft.com/dotnet/fundamentals/code-analysis/quality-rules/ca1829) [D:\simplesign\SimpleSign\tests\unit\SimpleSign.PAdES.Tests\SimpleSign.PAdES.Tests.csproj::TargetFramework=net8.0]
D:\simplesign\SimpleSign\tests\unit\SimpleSign.PAdES.Tests\Signing\DeferredSignerTests.cs(73,9): error CA1829: Use a propriedade "Count" em vez de Enumerable.Count() (https://learn.microsoft.com/dotnet/fundamentals/code-analysis/quality-rules/ca1829) [D:\simplesign\SimpleSign\tests\unit\SimpleSign.PAdES.Tests\SimpleSign.PAdES.Tests.csproj::TargetFramework=net8.0]
D:\simplesign\SimpleSign\tests\unit\SimpleSign.PAdES.Tests\Signing\DeferredSignerTests.cs(88,9): error CA1829: Use a propriedade "Count" em vez de Enumerable.Count() (https://learn.microsoft.com/dotnet/fundamentals/code-analysis/quality-rules/ca1829) [D:\simplesign\SimpleSign\tests\unit\SimpleSign.PAdES.Tests\SimpleSign.PAdES.Tests.csproj::TargetFramework=net8.0]
D:\simplesign\SimpleSign\tests\unit\SimpleSign.PAdES.Tests\Validation\ValidationEdgeCaseTests.cs(63,9): error CA1829: Use a propriedade "Count" em vez de Enumerable.Count() (https://learn.microsoft.com/dotnet/fundamentals/code-analysis/quality-rules/ca1829) [D:\simplesign\SimpleSign\tests\unit\SimpleSign.PAdES.Tests\SimpleSign.PAdES.Tests.csproj::TargetFramework=net8.0]
D:\simplesign\SimpleSign\tests\unit\SimpleSign.PAdES.Tests\Validation\ValidationEdgeCaseTests.cs(81,9): error CA1829: Use a propriedade "Count" em vez de Enumerable.Count() (https://learn.microsoft.com/dotnet/fundamentals/code-analysis/quality-rules/ca1829) [D:\simplesign\SimpleSign\tests\unit\SimpleSign.PAdES.Tests\SimpleSign.PAdES.Tests.csproj::TargetFramework=net8.0]
D:\simplesign\SimpleSign\tests\unit\SimpleSign.PAdES.Tests\Signing\DeferredSignerTests.cs(128,9): error CA1829: Use a propriedade "Count" em vez de Enumerable.Count() (https://learn.microsoft.com/dotnet/fundamentals/code-analysis/quality-rules/ca1829) [D:\simplesign\SimpleSign\tests\unit\SimpleSign.PAdES.Tests\SimpleSign.PAdES.Tests.csproj::TargetFramework=net8.0]
D:\simplesign\SimpleSign\tests\unit\SimpleSign.PAdES.Tests\Validation\ValidationEdgeCaseTests.cs(104,9): error CA1829: Use a propriedade "Count" em vez de Enumerable.Count() (https://learn.microsoft.com/dotnet/fundamentals/code-analysis/quality-rules/ca1829) [D:\simplesign\SimpleSign\tests\unit\SimpleSign.PAdES.Tests\SimpleSign.PAdES.Tests.csproj::TargetFramework=net8.0]
D:\simplesign\SimpleSign\tests\unit\SimpleSign.PAdES.Tests\Validation\Phase3ProductionTests.cs(216,9): error CA1829: Use a propriedade "Count" em vez de Enumerable.Count() (https://learn.microsoft.com/dotnet/fundamentals/code-analysis/quality-rules/ca1829) [D:\simplesign\SimpleSign\tests\unit\SimpleSign.PAdES.Tests\SimpleSign.PAdES.Tests.csproj::TargetFramework=net8.0]
D:\simplesign\SimpleSign\tests\unit\SimpleSign.PAdES.Tests\Validation\PdfSignatureValidatorTests.cs(149,9): error CA1829: Use a propriedade "Count" em vez de Enumerable.Count() (https://learn.microsoft.com/dotnet/fundamentals/code-analysis/quality-rules/ca1829) [D:\simplesign\SimpleSign\tests\unit\SimpleSign.PAdES.Tests\SimpleSign.PAdES.Tests.csproj::TargetFramework=net8.0]
D:\simplesign\SimpleSign\tests\unit\SimpleSign.PAdES.Tests\Validation\RoundTripValidationTests.cs(105,9): error CA1829: Use a propriedade "Count" em vez de Enumerable.Count() (https://learn.microsoft.com/dotnet/fundamentals/code-analysis/quality-rules/ca1829) [D:\simplesign\SimpleSign\tests\unit\SimpleSign.PAdES.Tests\SimpleSign.PAdES.Tests.csproj::TargetFramework=net8.0]
D:\simplesign\SimpleSign\tests\unit\SimpleSign.PAdES.Tests\Validation\ValidationEdgeCaseTests.cs(233,9): error CA1829: Use a propriedade "Count" em vez de Enumerable.Count() (https://learn.microsoft.com/dotnet/fundamentals/code-analysis/quality-rules/ca1829) [D:\simplesign\SimpleSign\tests\unit\SimpleSign.PAdES.Tests\SimpleSign.PAdES.Tests.csproj::TargetFramework=net8.0]
D:\simplesign\SimpleSign\tests\unit\SimpleSign.PAdES.Tests\Validation\ValidationEdgeCaseTests.cs(234,9): error CA1829: Use a propriedade "Count" em vez de Enumerable.Count() (https://learn.microsoft.com/dotnet/fundamentals/code-analysis/quality-rules/ca1829) [D:\simplesign\SimpleSign\tests\unit\SimpleSign.PAdES.Tests\SimpleSign.PAdES.Tests.csproj::TargetFramework=net8.0]
D:\simplesign\SimpleSign\tests\unit\SimpleSign.PAdES.Tests\Validation\RoundTripValidationTests.cs(135,9): error CA1829: Use a propriedade "Count" em vez de Enumerable.Count() (https://learn.microsoft.com/dotnet/fundamentals/code-analysis/quality-rules/ca1829) [D:\simplesign\SimpleSign\tests\unit\SimpleSign.PAdES.Tests\SimpleSign.PAdES.Tests.csproj::TargetFramework=net8.0]
D:\simplesign\SimpleSign\tests\unit\SimpleSign.PAdES.Tests\Signing\DocTimeStampWithAppearanceTests.cs(350,9): error CA1829: Use a propriedade "Count" em vez de Enumerable.Count() (https://learn.microsoft.com/dotnet/fundamentals/code-analysis/quality-rules/ca1829) [D:\simplesign\SimpleSign\tests\unit\SimpleSign.PAdES.Tests\SimpleSign.PAdES.Tests.csproj::TargetFramework=net8.0]
D:\simplesign\SimpleSign\tests\unit\SimpleSign.PAdES.Tests\Validation\RoundTripValidationTests.cs(178,9): error CA1829: Use a propriedade "Count" em vez de Enumerable.Count() (https://learn.microsoft.com/dotnet/fundamentals/code-analysis/quality-rules/ca1829) [D:\simplesign\SimpleSign\tests\unit\SimpleSign.PAdES.Tests\SimpleSign.PAdES.Tests.csproj::TargetFramework=net8.0]
D:\simplesign\SimpleSign\tests\unit\SimpleSign.PAdES.Tests\Validation\RoundTripValidationTests.cs(210,9): error CA1829: Use a propriedade "Count" em vez de Enumerable.Count() (https://learn.microsoft.com/dotnet/fundamentals/code-analysis/quality-rules/ca1829) [D:\simplesign\SimpleSign\tests\unit\SimpleSign.PAdES.Tests\SimpleSign.PAdES.Tests.csproj::TargetFramework=net8.0]
D:\simplesign\SimpleSign\tests\unit\SimpleSign.PAdES.Tests\Validation\Phase3ProductionTests.cs(428,9): error CA1829: Use a propriedade "Count" em vez de Enumerable.Count() (https://learn.microsoft.com/dotnet/fundamentals/code-analysis/quality-rules/ca1829) [D:\simplesign\SimpleSign\tests\unit\SimpleSign.PAdES.Tests\SimpleSign.PAdES.Tests.csproj::TargetFramework=net8.0]
D:\simplesign\SimpleSign\tests\unit\SimpleSign.PAdES.Tests\Validation\Phase3ProductionTests.cs(444,9): error CA1829: Use a propriedade "Count" em vez de Enumerable.Count() (https://learn.microsoft.com/dotnet/fundamentals/code-analysis/quality-rules/ca1829) [D:\simplesign\SimpleSign\tests\unit\SimpleSign.PAdES.Tests\SimpleSign.PAdES.Tests.csproj::TargetFramework=net8.0]
D:\simplesign\SimpleSign\tests\unit\SimpleSign.PAdES.Tests\Validation\ValidationEdgeCaseTests.cs(375,9): error CA1829: Use a propriedade "Count" em vez de Enumerable.Count() (https://learn.microsoft.com/dotnet/fundamentals/code-analysis/quality-rules/ca1829) [D:\simplesign\SimpleSign\tests\unit\SimpleSign.PAdES.Tests\SimpleSign.PAdES.Tests.csproj::TargetFramework=net8.0]
D:\simplesign\SimpleSign\tests\unit\SimpleSign.PAdES.Tests\Signing\DeferredSignerTests.cs(236,9): error CA1829: Use a propriedade "Count" em vez de Enumerable.Count() (https://learn.microsoft.com/dotnet/fundamentals/code-analysis/quality-rules/ca1829) [D:\simplesign\SimpleSign\tests\unit\SimpleSign.PAdES.Tests\SimpleSign.PAdES.Tests.csproj::TargetFramework=net8.0]
D:\simplesign\SimpleSign\tests\unit\SimpleSign.PAdES.Tests\Validation\ValidationEdgeCaseTests.cs(397,9): error CA1829: Use a propriedade "Count" em vez de Enumerable.Count() (https://learn.microsoft.com/dotnet/fundamentals/code-analysis/quality-rules/ca1829) [D:\simplesign\SimpleSign\tests\unit\SimpleSign.PAdES.Tests\SimpleSign.PAdES.Tests.csproj::TargetFramework=net8.0]
D:\simplesign\SimpleSign\tests\unit\SimpleSign.PAdES.Tests\Validation\RoundTripValidationTests.cs(236,9): error CA1829: Use a propriedade "Count" em vez de Enumerable.Count() (https://learn.microsoft.com/dotnet/fundamentals/code-analysis/quality-rules/ca1829) [D:\simplesign\SimpleSign\tests\unit\SimpleSign.PAdES.Tests\SimpleSign.PAdES.Tests.csproj::TargetFramework=net8.0]
D:\simplesign\SimpleSign\tests\unit\SimpleSign.PAdES.Tests\Validation\RoundTripValidationTests.cs(262,9): error CA1829: Use a propriedade "Count" em vez de Enumerable.Count() (https://learn.microsoft.com/dotnet/fundamentals/code-analysis/quality-rules/ca1829) [D:\simplesign\SimpleSign\tests\unit\SimpleSign.PAdES.Tests\SimpleSign.PAdES.Tests.csproj::TargetFramework=net8.0]
D:\simplesign\SimpleSign\tests\unit\SimpleSign.PAdES.Tests\Validation\Phase3ProductionTests.cs(575,9): error CA1829: Use a propriedade "Count" em vez de Enumerable.Count() (https://learn.microsoft.com/dotnet/fundamentals/code-analysis/quality-rules/ca1829) [D:\simplesign\SimpleSign\tests\unit\SimpleSign.PAdES.Tests\SimpleSign.PAdES.Tests.csproj::TargetFramework=net8.0]
D:\simplesign\SimpleSign\tests\integration\SimpleSign.Integration.Tests\SignatureValidationTests.cs(25,9): error CA1829: Use a propriedade "Count" em vez de Enumerable.Count() (https://learn.microsoft.com/dotnet/fundamentals/code-analysis/quality-rules/ca1829) [D:\simplesign\SimpleSign\tests\integration\SimpleSign.Integration.Tests\SimpleSign.Integration.Tests.csproj::TargetFramework=net8.0]
D:\simplesign\SimpleSign\tests\integration\SimpleSign.Integration.Tests\SignatureValidationTests.cs(41,9): error CA1829: Use a propriedade "Count" em vez de Enumerable.Count() (https://learn.microsoft.com/dotnet/fundamentals/code-analysis/quality-rules/ca1829) [D:\simplesign\SimpleSign\tests\integration\SimpleSign.Integration.Tests\SimpleSign.Integration.Tests.csproj::TargetFramework=net8.0]
D:\simplesign\SimpleSign\tests\integration\SimpleSign.Integration.Tests\SignatureValidationTests.cs(57,9): error CA1829: Use a propriedade "Count" em vez de Enumerable.Count() (https://learn.microsoft.com/dotnet/fundamentals/code-analysis/quality-rules/ca1829) [D:\simplesign\SimpleSign\tests\integration\SimpleSign.Integration.Tests\SimpleSign.Integration.Tests.csproj::TargetFramework=net8.0]
D:\simplesign\SimpleSign\tests\integration\SimpleSign.Integration.Tests\SignatureValidationTests.cs(73,9): error CA1829: Use a propriedade "Count" em vez de Enumerable.Count() (https://learn.microsoft.com/dotnet/fundamentals/code-analysis/quality-rules/ca1829) [D:\simplesign\SimpleSign\tests\integration\SimpleSign.Integration.Tests\SimpleSign.Integration.Tests.csproj::TargetFramework=net8.0]
D:\simplesign\SimpleSign\tests\integration\SimpleSign.Integration.Tests\SignatureValidationTests.cs(90,9): error CA1829: Use a propriedade "Count" em vez de Enumerable.Count() (https://learn.microsoft.com/dotnet/fundamentals/code-analysis/quality-rules/ca1829) [D:\simplesign\SimpleSign\tests\integration\SimpleSign.Integration.Tests\SimpleSign.Integration.Tests.csproj::TargetFramework=net8.0]
D:\simplesign\SimpleSign\tests\integration\SimpleSign.Integration.Tests\PdfParsingTests.cs(67,9): error CA1829: Use a propriedade "Count" em vez de Enumerable.Count() (https://learn.microsoft.com/dotnet/fundamentals/code-analysis/quality-rules/ca1829) [D:\simplesign\SimpleSign\tests\integration\SimpleSign.Integration.Tests\SimpleSign.Integration.Tests.csproj::TargetFramework=net8.0]
D:\simplesign\SimpleSign\tests\integration\SimpleSign.Integration.Tests\PdfParsingTests.cs(81,9): error CA1829: Use a propriedade "Count" em vez de Enumerable.Count() (https://learn.microsoft.com/dotnet/fundamentals/code-analysis/quality-rules/ca1829) [D:\simplesign\SimpleSign\tests\integration\SimpleSign.Integration.Tests\SimpleSign.Integration.Tests.csproj::TargetFramework=net8.0]
  WebSigningSample -> D:\simplesign\SimpleSign\samples\WebSigningSample\bin\Debug\net8.0\WebSigningSample.dll
D:\simplesign\SimpleSign\tests\integration\SimpleSign.Integration.Tests\PdfParsingTests.cs(48,9): error CA1829: Use a propriedade "Count" em vez de Enumerable.Count() (https://learn.microsoft.com/dotnet/fundamentals/code-analysis/quality-rules/ca1829) [D:\simplesign\SimpleSign\tests\integration\SimpleSign.Integration.Tests\SimpleSign.Integration.Tests.csproj::TargetFramework=net8.0]
D:\simplesign\SimpleSign\tests\integration\SimpleSign.Integration.Tests\PdfParsingTests.cs(96,9): error CA1829: Use a propriedade "Count" em vez de Enumerable.Count() (https://learn.microsoft.com/dotnet/fundamentals/code-analysis/quality-rules/ca1829) [D:\simplesign\SimpleSign\tests\integration\SimpleSign.Integration.Tests\SimpleSign.Integration.Tests.csproj::TargetFramework=net8.0]
D:\simplesign\SimpleSign\tests\integration\SimpleSign.Integration.Tests\PAdESLevelTests.cs(75,9): error CA1829: Use a propriedade "Count" em vez de Enumerable.Count() (https://learn.microsoft.com/dotnet/fundamentals/code-analysis/quality-rules/ca1829) [D:\simplesign\SimpleSign\tests\integration\SimpleSign.Integration.Tests\SimpleSign.Integration.Tests.csproj::TargetFramework=net8.0]
D:\simplesign\SimpleSign\tests\integration\SimpleSign.Integration.Tests\PAdESLevelTests.cs(126,9): error CA1829: Use a propriedade "Count" em vez de Enumerable.Count() (https://learn.microsoft.com/dotnet/fundamentals/code-analysis/quality-rules/ca1829) [D:\simplesign\SimpleSign\tests\integration\SimpleSign.Integration.Tests\SimpleSign.Integration.Tests.csproj::TargetFramework=net8.0]
D:\simplesign\SimpleSign\tests\integration\SimpleSign.Integration.Tests\NegativeValidationTests.cs(26,9): error CA1829: Use a propriedade "Count" em vez de Enumerable.Count() (https://learn.microsoft.com/dotnet/fundamentals/code-analysis/quality-rules/ca1829) [D:\simplesign\SimpleSign\tests\integration\SimpleSign.Integration.Tests\SimpleSign.Integration.Tests.csproj::TargetFramework=net8.0]
D:\simplesign\SimpleSign\tests\integration\SimpleSign.Integration.Tests\NegativeValidationTests.cs(45,9): error CA1829: Use a propriedade "Count" em vez de Enumerable.Count() (https://learn.microsoft.com/dotnet/fundamentals/code-analysis/quality-rules/ca1829) [D:\simplesign\SimpleSign\tests\integration\SimpleSign.Integration.Tests\SimpleSign.Integration.Tests.csproj::TargetFramework=net8.0]
D:\simplesign\SimpleSign\tests\integration\SimpleSign.Integration.Tests\MultiSignatureValidationTests.cs(25,9): error CA1829: Use a propriedade "Count" em vez de Enumerable.Count() (https://learn.microsoft.com/dotnet/fundamentals/code-analysis/quality-rules/ca1829) [D:\simplesign\SimpleSign\tests\integration\SimpleSign.Integration.Tests\SimpleSign.Integration.Tests.csproj::TargetFramework=net8.0]
D:\simplesign\SimpleSign\tests\integration\SimpleSign.Integration.Tests\MultiSignatureValidationTests.cs(39,9): error CA1829: Use a propriedade "Count" em vez de Enumerable.Count() (https://learn.microsoft.com/dotnet/fundamentals/code-analysis/quality-rules/ca1829) [D:\simplesign\SimpleSign\tests\integration\SimpleSign.Integration.Tests\SimpleSign.Integration.Tests.csproj::TargetFramework=net8.0]
D:\simplesign\SimpleSign\tests\integration\SimpleSign.Integration.Tests\MultiSignatureValidationTests.cs(53,9): error CA1829: Use a propriedade "Count" em vez de Enumerable.Count() (https://learn.microsoft.com/dotnet/fundamentals/code-analysis/quality-rules/ca1829) [D:\simplesign\SimpleSign\tests\integration\SimpleSign.Integration.Tests\SimpleSign.Integration.Tests.csproj::TargetFramework=net8.0]
D:\simplesign\SimpleSign\tests\integration\SimpleSign.Integration.Tests\IncrementalUpdateTests.cs(21,9): error CA1829: Use a propriedade "Count" em vez de Enumerable.Count() (https://learn.microsoft.com/dotnet/fundamentals/code-analysis/quality-rules/ca1829) [D:\simplesign\SimpleSign\tests\integration\SimpleSign.Integration.Tests\SimpleSign.Integration.Tests.csproj::TargetFramework=net8.0]
D:\simplesign\SimpleSign\tests\integration\SimpleSign.Integration.Tests\IncrementalUpdateTests.cs(52,9): error CA1829: Use a propriedade "Count" em vez de Enumerable.Count() (https://learn.microsoft.com/dotnet/fundamentals/code-analysis/quality-rules/ca1829) [D:\simplesign\SimpleSign\tests\integration\SimpleSign.Integration.Tests\SimpleSign.Integration.Tests.csproj::TargetFramework=net8.0]
D:\simplesign\SimpleSign\tests\integration\SimpleSign.Integration.Tests\Iso32000RegressionTests.cs(33,9): error CA1829: Use a propriedade "Count" em vez de Enumerable.Count() (https://learn.microsoft.com/dotnet/fundamentals/code-analysis/quality-rules/ca1829) [D:\simplesign\SimpleSign\tests\integration\SimpleSign.Integration.Tests\SimpleSign.Integration.Tests.csproj::TargetFramework=net8.0]
D:\simplesign\SimpleSign\tests\integration\SimpleSign.Integration.Tests\Iso32000RegressionTests.cs(47,9): error CA1829: Use a propriedade "Count" em vez de Enumerable.Count() (https://learn.microsoft.com/dotnet/fundamentals/code-analysis/quality-rules/ca1829) [D:\simplesign\SimpleSign\tests\integration\SimpleSign.Integration.Tests\SimpleSign.Integration.Tests.csproj::TargetFramework=net8.0]
D:\simplesign\SimpleSign\tests\integration\SimpleSign.Integration.Tests\IncrementalUpdateTests.cs(67,9): error CA1829: Use a propriedade "Count" em vez de Enumerable.Count() (https://learn.microsoft.com/dotnet/fundamentals/code-analysis/quality-rules/ca1829) [D:\simplesign\SimpleSign\tests\integration\SimpleSign.Integration.Tests\SimpleSign.Integration.Tests.csproj::TargetFramework=net8.0]
  WebInspectSample -> D:\simplesign\SimpleSign\samples\WebInspectSample\bin\Debug\net8.0\WebInspectSample.dll
  SimpleSign -> D:\simplesign\SimpleSign\src\SimpleSign\bin\Debug\net10.0\SimpleSign.dll
  SimpleSign.Brasil -> D:\simplesign\SimpleSign\src\SimpleSign.Brasil\bin\Debug\net10.0\SimpleSign.Brasil.dll
  SimpleSign.AotSmokeTest -> D:\simplesign\SimpleSign\tests\smoke\SimpleSign.AotSmokeTest\bin\Debug\net10.0\SimpleSign.AotSmokeTest.dll
  SimpleSign.Fuzz -> D:\simplesign\SimpleSign\tests\fuzz\SimpleSign.Fuzz\bin\Debug\net10.0\SimpleSign.Fuzz.dll
  SimpleSign.Cli -> D:\simplesign\SimpleSign\src\SimpleSign.Cli\bin\Debug\net8.0\simplesign-cli.dll
  SimpleSign.Cli -> D:\simplesign\SimpleSign\src\SimpleSign.Cli\bin\Debug\net10.0\simplesign-cli.dll
  WebInspectSample -> D:\simplesign\SimpleSign\samples\WebInspectSample\bin\Debug\net10.0\WebInspectSample.dll
D:\simplesign\SimpleSign\tests\unit\SimpleSign.PAdES.Tests\Inspection\PadesExtractorTests.cs(31,9): error CA1829: Use a propriedade "Count" em vez de Enumerable.Count() (https://learn.microsoft.com/dotnet/fundamentals/code-analysis/quality-rules/ca1829) [D:\simplesign\SimpleSign\tests\unit\SimpleSign.PAdES.Tests\SimpleSign.PAdES.Tests.csproj::TargetFramework=net10.0]
D:\simplesign\SimpleSign\tests\unit\SimpleSign.PAdES.Tests\EndToEnd\SyntheticPkiPadesEndToEndTests.cs(36,9): error CA1829: Use a propriedade "Count" em vez de Enumerable.Count() (https://learn.microsoft.com/dotnet/fundamentals/code-analysis/quality-rules/ca1829) [D:\simplesign\SimpleSign\tests\unit\SimpleSign.PAdES.Tests\SimpleSign.PAdES.Tests.csproj::TargetFramework=net10.0]
D:\simplesign\SimpleSign\tests\unit\SimpleSign.PAdES.Tests\Compliance\EtsiEn319142ComplianceTests.cs(51,9): error CA1829: Use a propriedade "Count" em vez de Enumerable.Count() (https://learn.microsoft.com/dotnet/fundamentals/code-analysis/quality-rules/ca1829) [D:\simplesign\SimpleSign\tests\unit\SimpleSign.PAdES.Tests\SimpleSign.PAdES.Tests.csproj::TargetFramework=net10.0]
D:\simplesign\SimpleSign\tests\unit\SimpleSign.PAdES.Tests\Inspection\PadesExtractorTests.cs(72,9): error CA1829: Use a propriedade "Count" em vez de Enumerable.Count() (https://learn.microsoft.com/dotnet/fundamentals/code-analysis/quality-rules/ca1829) [D:\simplesign\SimpleSign\tests\unit\SimpleSign.PAdES.Tests\SimpleSign.PAdES.Tests.csproj::TargetFramework=net10.0]
D:\simplesign\SimpleSign\tests\unit\SimpleSign.PAdES.Tests\Inspection\PdfSignatureInspectorTests.cs(88,9): error CA1829: Use a propriedade "Count" em vez de Enumerable.Count() (https://learn.microsoft.com/dotnet/fundamentals/code-analysis/quality-rules/ca1829) [D:\simplesign\SimpleSign\tests\unit\SimpleSign.PAdES.Tests\SimpleSign.PAdES.Tests.csproj::TargetFramework=net10.0]
D:\simplesign\SimpleSign\tests\unit\SimpleSign.PAdES.Tests\Inspection\PadesExtractorTests.cs(87,9): error CA1829: Use a propriedade "Count" em vez de Enumerable.Count() (https://learn.microsoft.com/dotnet/fundamentals/code-analysis/quality-rules/ca1829) [D:\simplesign\SimpleSign\tests\unit\SimpleSign.PAdES.Tests\SimpleSign.PAdES.Tests.csproj::TargetFramework=net10.0]
D:\simplesign\SimpleSign\tests\unit\SimpleSign.PAdES.Tests\Inspection\PadesExtractorTests.cs(101,9): error CA1829: Use a propriedade "Count" em vez de Enumerable.Count() (https://learn.microsoft.com/dotnet/fundamentals/code-analysis/quality-rules/ca1829) [D:\simplesign\SimpleSign\tests\unit\SimpleSign.PAdES.Tests\SimpleSign.PAdES.Tests.csproj::TargetFramework=net10.0]
D:\simplesign\SimpleSign\tests\unit\SimpleSign.PAdES.Tests\Inspection\ConformanceDetectorTests.cs(94,9): error CA1829: Use a propriedade "Count" em vez de Enumerable.Count() (https://learn.microsoft.com/dotnet/fundamentals/code-analysis/quality-rules/ca1829) [D:\simplesign\SimpleSign\tests\unit\SimpleSign.PAdES.Tests\SimpleSign.PAdES.Tests.csproj::TargetFramework=net10.0]
D:\simplesign\SimpleSign\tests\unit\SimpleSign.PAdES.Tests\Inspection\PadesExtractorTests.cs(191,9): error CA1829: Use a propriedade "Count" em vez de Enumerable.Count() (https://learn.microsoft.com/dotnet/fundamentals/code-analysis/quality-rules/ca1829) [D:\simplesign\SimpleSign\tests\unit\SimpleSign.PAdES.Tests\SimpleSign.PAdES.Tests.csproj::TargetFramework=net10.0]
D:\simplesign\SimpleSign\tests\unit\SimpleSign.PAdES.Tests\Validation\ValidationEdgeCaseTests.cs(63,9): error CA1829: Use a propriedade "Count" em vez de Enumerable.Count() (https://learn.microsoft.com/dotnet/fundamentals/code-analysis/quality-rules/ca1829) [D:\simplesign\SimpleSign\tests\unit\SimpleSign.PAdES.Tests\SimpleSign.PAdES.Tests.csproj::TargetFramework=net10.0]
D:\simplesign\SimpleSign\tests\unit\SimpleSign.PAdES.Tests\Inspection\PadesExtractorTests.cs(211,13): error CA1829: Use a propriedade "Count" em vez de Enumerable.Count() (https://learn.microsoft.com/dotnet/fundamentals/code-analysis/quality-rules/ca1829) [D:\simplesign\SimpleSign\tests\unit\SimpleSign.PAdES.Tests\SimpleSign.PAdES.Tests.csproj::TargetFramework=net10.0]
D:\simplesign\SimpleSign\tests\unit\SimpleSign.PAdES.Tests\Inspection\PadesExtractorTests.cs(229,9): error CA1829: Use a propriedade "Count" em vez de Enumerable.Count() (https://learn.microsoft.com/dotnet/fundamentals/code-analysis/quality-rules/ca1829) [D:\simplesign\SimpleSign\tests\unit\SimpleSign.PAdES.Tests\SimpleSign.PAdES.Tests.csproj::TargetFramework=net10.0]
D:\simplesign\SimpleSign\tests\unit\SimpleSign.PAdES.Tests\Validation\ValidationEdgeCaseTests.cs(81,9): error CA1829: Use a propriedade "Count" em vez de Enumerable.Count() (https://learn.microsoft.com/dotnet/fundamentals/code-analysis/quality-rules/ca1829) [D:\simplesign\SimpleSign\tests\unit\SimpleSign.PAdES.Tests\SimpleSign.PAdES.Tests.csproj::TargetFramework=net10.0]
D:\simplesign\SimpleSign\tests\unit\SimpleSign.PAdES.Tests\Inspection\PadesExtractorTests.cs(244,9): error CA1829: Use a propriedade "Count" em vez de Enumerable.Count() (https://learn.microsoft.com/dotnet/fundamentals/code-analysis/quality-rules/ca1829) [D:\simplesign\SimpleSign\tests\unit\SimpleSign.PAdES.Tests\SimpleSign.PAdES.Tests.csproj::TargetFramework=net10.0]
D:\simplesign\SimpleSign\tests\unit\SimpleSign.PAdES.Tests\RobustnessTests.cs(65,9): error CA1829: Use a propriedade "Count" em vez de Enumerable.Count() (https://learn.microsoft.com/dotnet/fundamentals/code-analysis/quality-rules/ca1829) [D:\simplesign\SimpleSign\tests\unit\SimpleSign.PAdES.Tests\SimpleSign.PAdES.Tests.csproj::TargetFramework=net10.0]
D:\simplesign\SimpleSign\tests\unit\SimpleSign.PAdES.Tests\RobustnessTests.cs(70,9): error CA1829: Use a propriedade "Count" em vez de Enumerable.Count() (https://learn.microsoft.com/dotnet/fundamentals/code-analysis/quality-rules/ca1829) [D:\simplesign\SimpleSign\tests\unit\SimpleSign.PAdES.Tests\SimpleSign.PAdES.Tests.csproj::TargetFramework=net10.0]
D:\simplesign\SimpleSign\tests\unit\SimpleSign.PAdES.Tests\Inspection\PadesExtractorTests.cs(263,9): error CA1829: Use a propriedade "Count" em vez de Enumerable.Count() (https://learn.microsoft.com/dotnet/fundamentals/code-analysis/quality-rules/ca1829) [D:\simplesign\SimpleSign\tests\unit\SimpleSign.PAdES.Tests\SimpleSign.PAdES.Tests.csproj::TargetFramework=net10.0]
D:\simplesign\SimpleSign\tests\unit\SimpleSign.PAdES.Tests\Inspection\PadesExtractorTests.cs(280,9): error CA1829: Use a propriedade "Count" em vez de Enumerable.Count() (https://learn.microsoft.com/dotnet/fundamentals/code-analysis/quality-rules/ca1829) [D:\simplesign\SimpleSign\tests\unit\SimpleSign.PAdES.Tests\SimpleSign.PAdES.Tests.csproj::TargetFramework=net10.0]
D:\simplesign\SimpleSign\tests\unit\SimpleSign.PAdES.Tests\RobustnessTests.cs(101,9): error CA1829: Use a propriedade "Count" em vez de Enumerable.Count() (https://learn.microsoft.com/dotnet/fundamentals/code-analysis/quality-rules/ca1829) [D:\simplesign\SimpleSign\tests\unit\SimpleSign.PAdES.Tests\SimpleSign.PAdES.Tests.csproj::TargetFramework=net10.0]
D:\simplesign\SimpleSign\tests\unit\SimpleSign.PAdES.Tests\Validation\ValidationEdgeCaseTests.cs(104,9): error CA1829: Use a propriedade "Count" em vez de Enumerable.Count() (https://learn.microsoft.com/dotnet/fundamentals/code-analysis/quality-rules/ca1829) [D:\simplesign\SimpleSign\tests\unit\SimpleSign.PAdES.Tests\SimpleSign.PAdES.Tests.csproj::TargetFramework=net10.0]
D:\simplesign\SimpleSign\tests\unit\SimpleSign.PAdES.Tests\Signing\SimpleSignerEndToEndTests.cs(57,9): error CA1829: Use a propriedade "Count" em vez de Enumerable.Count() (https://learn.microsoft.com/dotnet/fundamentals/code-analysis/quality-rules/ca1829) [D:\simplesign\SimpleSign\tests\unit\SimpleSign.PAdES.Tests\SimpleSign.PAdES.Tests.csproj::TargetFramework=net10.0]
D:\simplesign\SimpleSign\tests\unit\SimpleSign.PAdES.Tests\RobustnessTests.cs(115,9): error CA1829: Use a propriedade "Count" em vez de Enumerable.Count() (https://learn.microsoft.com/dotnet/fundamentals/code-analysis/quality-rules/ca1829) [D:\simplesign\SimpleSign\tests\unit\SimpleSign.PAdES.Tests\SimpleSign.PAdES.Tests.csproj::TargetFramework=net10.0]
D:\simplesign\SimpleSign\tests\unit\SimpleSign.PAdES.Tests\RobustnessTests.cs(131,9): error CA1829: Use a propriedade "Count" em vez de Enumerable.Count() (https://learn.microsoft.com/dotnet/fundamentals/code-analysis/quality-rules/ca1829) [D:\simplesign\SimpleSign\tests\unit\SimpleSign.PAdES.Tests\SimpleSign.PAdES.Tests.csproj::TargetFramework=net10.0]
D:\simplesign\SimpleSign\tests\unit\SimpleSign.PAdES.Tests\Signing\SimpleSignerEndToEndTests.cs(69,9): error CA1829: Use a propriedade "Count" em vez de Enumerable.Count() (https://learn.microsoft.com/dotnet/fundamentals/code-analysis/quality-rules/ca1829) [D:\simplesign\SimpleSign\tests\unit\SimpleSign.PAdES.Tests\SimpleSign.PAdES.Tests.csproj::TargetFramework=net10.0]
D:\simplesign\SimpleSign\tests\unit\SimpleSign.PAdES.Tests\Signing\SimpleSignerEndToEndTests.cs(82,9): error CA1829: Use a propriedade "Count" em vez de Enumerable.Count() (https://learn.microsoft.com/dotnet/fundamentals/code-analysis/quality-rules/ca1829) [D:\simplesign\SimpleSign\tests\unit\SimpleSign.PAdES.Tests\SimpleSign.PAdES.Tests.csproj::TargetFramework=net10.0]
D:\simplesign\SimpleSign\tests\unit\SimpleSign.PAdES.Tests\Signing\BatchErrorRecoveryTests.cs(44,9): error CA1829: Use a propriedade "Count" em vez de Enumerable.Count() (https://learn.microsoft.com/dotnet/fundamentals/code-analysis/quality-rules/ca1829) [D:\simplesign\SimpleSign\tests\unit\SimpleSign.PAdES.Tests\SimpleSign.PAdES.Tests.csproj::TargetFramework=net10.0]
D:\simplesign\SimpleSign\tests\unit\SimpleSign.PAdES.Tests\Signing\BatchErrorRecoveryTests.cs(49,9): error CA1829: Use a propriedade "Count" em vez de Enumerable.Count() (https://learn.microsoft.com/dotnet/fundamentals/code-analysis/quality-rules/ca1829) [D:\simplesign\SimpleSign\tests\unit\SimpleSign.PAdES.Tests\SimpleSign.PAdES.Tests.csproj::TargetFramework=net10.0]
D:\simplesign\SimpleSign\tests\unit\SimpleSign.PAdES.Tests\Signing\BatchErrorRecoveryTests.cs(52,9): error CA1829: Use a propriedade "Count" em vez de Enumerable.Count() (https://learn.microsoft.com/dotnet/fundamentals/code-analysis/quality-rules/ca1829) [D:\simplesign\SimpleSign\tests\unit\SimpleSign.PAdES.Tests\SimpleSign.PAdES.Tests.csproj::TargetFramework=net10.0]
D:\simplesign\SimpleSign\tests\unit\SimpleSign.PAdES.Tests\Signing\SimpleSignerEndToEndTests.cs(95,9): error CA1829: Use a propriedade "Count" em vez de Enumerable.Count() (https://learn.microsoft.com/dotnet/fundamentals/code-analysis/quality-rules/ca1829) [D:\simplesign\SimpleSign\tests\unit\SimpleSign.PAdES.Tests\SimpleSign.PAdES.Tests.csproj::TargetFramework=net10.0]
D:\simplesign\SimpleSign\tests\unit\SimpleSign.PAdES.Tests\Signing\BatchErrorRecoveryTests.cs(70,9): error CA1829: Use a propriedade "Count" em vez de Enumerable.Count() (https://learn.microsoft.com/dotnet/fundamentals/code-analysis/quality-rules/ca1829) [D:\simplesign\SimpleSign\tests\unit\SimpleSign.PAdES.Tests\SimpleSign.PAdES.Tests.csproj::TargetFramework=net10.0]
D:\simplesign\SimpleSign\tests\unit\SimpleSign.PAdES.Tests\Validation\ValidationEdgeCaseTests.cs(233,9): error CA1829: Use a propriedade "Count" em vez de Enumerable.Count() (https://learn.microsoft.com/dotnet/fundamentals/code-analysis/quality-rules/ca1829) [D:\simplesign\SimpleSign\tests\unit\SimpleSign.PAdES.Tests\SimpleSign.PAdES.Tests.csproj::TargetFramework=net10.0]
D:\simplesign\SimpleSign\tests\unit\SimpleSign.PAdES.Tests\Validation\ValidationEdgeCaseTests.cs(234,9): error CA1829: Use a propriedade "Count" em vez de Enumerable.Count() (https://learn.microsoft.com/dotnet/fundamentals/code-analysis/quality-rules/ca1829) [D:\simplesign\SimpleSign\tests\unit\SimpleSign.PAdES.Tests\SimpleSign.PAdES.Tests.csproj::TargetFramework=net10.0]
D:\simplesign\SimpleSign\tests\unit\SimpleSign.PAdES.Tests\Signing\SimpleSignerEndToEndTests.cs(107,9): error CA1829: Use a propriedade "Count" em vez de Enumerable.Count() (https://learn.microsoft.com/dotnet/fundamentals/code-analysis/quality-rules/ca1829) [D:\simplesign\SimpleSign\tests\unit\SimpleSign.PAdES.Tests\SimpleSign.PAdES.Tests.csproj::TargetFramework=net10.0]
D:\simplesign\SimpleSign\tests\unit\SimpleSign.PAdES.Tests\Compliance\EtsiEn319142ComplianceTests.cs(374,9): error CA1829: Use a propriedade "Count" em vez de Enumerable.Count() (https://learn.microsoft.com/dotnet/fundamentals/code-analysis/quality-rules/ca1829) [D:\simplesign\SimpleSign\tests\unit\SimpleSign.PAdES.Tests\SimpleSign.PAdES.Tests.csproj::TargetFramework=net10.0]
D:\simplesign\SimpleSign\tests\unit\SimpleSign.PAdES.Tests\Signing\SimpleSignerEndToEndTests.cs(121,9): error CA1829: Use a propriedade "Count" em vez de Enumerable.Count() (https://learn.microsoft.com/dotnet/fundamentals/code-analysis/quality-rules/ca1829) [D:\simplesign\SimpleSign\tests\unit\SimpleSign.PAdES.Tests\SimpleSign.PAdES.Tests.csproj::TargetFramework=net10.0]
D:\simplesign\SimpleSign\tests\unit\SimpleSign.PAdES.Tests\RobustnessTests.cs(189,9): error CA1829: Use a propriedade "Count" em vez de Enumerable.Count() (https://learn.microsoft.com/dotnet/fundamentals/code-analysis/quality-rules/ca1829) [D:\simplesign\SimpleSign\tests\unit\SimpleSign.PAdES.Tests\SimpleSign.PAdES.Tests.csproj::TargetFramework=net10.0]
D:\simplesign\SimpleSign\tests\unit\SimpleSign.PAdES.Tests\Signing\SignatureAppearanceEndToEndTests.cs(58,9): error CA1829: Use a propriedade "Count" em vez de Enumerable.Count() (https://learn.microsoft.com/dotnet/fundamentals/code-analysis/quality-rules/ca1829) [D:\simplesign\SimpleSign\tests\unit\SimpleSign.PAdES.Tests\SimpleSign.PAdES.Tests.csproj::TargetFramework=net10.0]
D:\simplesign\SimpleSign\tests\unit\SimpleSign.PAdES.Tests\MissingCoverageTests.cs(186,13): error CA1829: Use a propriedade "Count" em vez de Enumerable.Count() (https://learn.microsoft.com/dotnet/fundamentals/code-analysis/quality-rules/ca1829) [D:\simplesign\SimpleSign\tests\unit\SimpleSign.PAdES.Tests\SimpleSign.PAdES.Tests.csproj::TargetFramework=net10.0]
D:\simplesign\SimpleSign\tests\unit\SimpleSign.PAdES.Tests\Compliance\EtsiEn319142ComplianceTests.cs(434,9): error CA1829: Use a propriedade "Count" em vez de Enumerable.Count() (https://learn.microsoft.com/dotnet/fundamentals/code-analysis/quality-rules/ca1829) [D:\simplesign\SimpleSign\tests\unit\SimpleSign.PAdES.Tests\SimpleSign.PAdES.Tests.csproj::TargetFramework=net10.0]
D:\simplesign\SimpleSign\tests\unit\SimpleSign.PAdES.Tests\Signing\SignatureAppearanceEndToEndTests.cs(122,9): error CA1829: Use a propriedade "Count" em vez de Enumerable.Count() (https://learn.microsoft.com/dotnet/fundamentals/code-analysis/quality-rules/ca1829) [D:\simplesign\SimpleSign\tests\unit\SimpleSign.PAdES.Tests\SimpleSign.PAdES.Tests.csproj::TargetFramework=net10.0]
D:\simplesign\SimpleSign\tests\unit\SimpleSign.PAdES.Tests\MissingCoverageTests.cs(248,9): error CA1829: Use a propriedade "Count" em vez de Enumerable.Count() (https://learn.microsoft.com/dotnet/fundamentals/code-analysis/quality-rules/ca1829) [D:\simplesign\SimpleSign\tests\unit\SimpleSign.PAdES.Tests\SimpleSign.PAdES.Tests.csproj::TargetFramework=net10.0]
D:\simplesign\SimpleSign\tests\unit\SimpleSign.PAdES.Tests\MissingCoverageTests.cs(252,9): error CA1829: Use a propriedade "Count" em vez de Enumerable.Count() (https://learn.microsoft.com/dotnet/fundamentals/code-analysis/quality-rules/ca1829) [D:\simplesign\SimpleSign\tests\unit\SimpleSign.PAdES.Tests\SimpleSign.PAdES.Tests.csproj::TargetFramework=net10.0]
D:\simplesign\SimpleSign\tests\unit\SimpleSign.PAdES.Tests\RobustnessTests.cs(215,9): error CA1829: Use a propriedade "Length" em vez de Enumerable.Count() (https://learn.microsoft.com/dotnet/fundamentals/code-analysis/quality-rules/ca1829) [D:\simplesign\SimpleSign\tests\unit\SimpleSign.PAdES.Tests\SimpleSign.PAdES.Tests.csproj::TargetFramework=net10.0]
D:\simplesign\SimpleSign\tests\unit\SimpleSign.PAdES.Tests\RobustnessTests.cs(218,13): error CA1829: Use a propriedade "Count" em vez de Enumerable.Count() (https://learn.microsoft.com/dotnet/fundamentals/code-analysis/quality-rules/ca1829) [D:\simplesign\SimpleSign\tests\unit\SimpleSign.PAdES.Tests\SimpleSign.PAdES.Tests.csproj::TargetFramework=net10.0]
D:\simplesign\SimpleSign\tests\unit\SimpleSign.PAdES.Tests\Signing\BatchSignerBuilderTests.cs(57,9): error CA1829: Use a propriedade "Count" em vez de Enumerable.Count() (https://learn.microsoft.com/dotnet/fundamentals/code-analysis/quality-rules/ca1829) [D:\simplesign\SimpleSign\tests\unit\SimpleSign.PAdES.Tests\SimpleSign.PAdES.Tests.csproj::TargetFramework=net10.0]
D:\simplesign\SimpleSign\tests\unit\SimpleSign.PAdES.Tests\Validation\ValidationEdgeCaseTests.cs(375,9): error CA1829: Use a propriedade "Count" em vez de Enumerable.Count() (https://learn.microsoft.com/dotnet/fundamentals/code-analysis/quality-rules/ca1829) [D:\simplesign\SimpleSign\tests\unit\SimpleSign.PAdES.Tests\SimpleSign.PAdES.Tests.csproj::TargetFramework=net10.0]
D:\simplesign\SimpleSign\tests\unit\SimpleSign.PAdES.Tests\Validation\Phase3ProductionTests.cs(429,35): error IDE0055: Corrigir a formata├º├úo (https://learn.microsoft.com/dotnet/fundamentals/code-analysis/style-rules/ide0055) [D:\simplesign\SimpleSign\tests\unit\SimpleSign.PAdES.Tests\SimpleSign.PAdES.Tests.csproj::TargetFramework=net10.0]
D:\simplesign\SimpleSign\tests\unit\SimpleSign.PAdES.Tests\Validation\ValidationEdgeCaseTests.cs(397,9): error CA1829: Use a propriedade "Count" em vez de Enumerable.Count() (https://learn.microsoft.com/dotnet/fundamentals/code-analysis/quality-rules/ca1829) [D:\simplesign\SimpleSign\tests\unit\SimpleSign.PAdES.Tests\SimpleSign.PAdES.Tests.csproj::TargetFramework=net10.0]
D:\simplesign\SimpleSign\tests\unit\SimpleSign.PAdES.Tests\Signing\SimpleSignerEndToEndTests.cs(142,9): error CA1829: Use a propriedade "Count" em vez de Enumerable.Count() (https://learn.microsoft.com/dotnet/fundamentals/code-analysis/quality-rules/ca1829) [D:\simplesign\SimpleSign\tests\unit\SimpleSign.PAdES.Tests\SimpleSign.PAdES.Tests.csproj::TargetFramework=net10.0]
D:\simplesign\SimpleSign\tests\unit\SimpleSign.PAdES.Tests\RobustnessTests.cs(238,9): error CA1829: Use a propriedade "Count" em vez de Enumerable.Count() (https://learn.microsoft.com/dotnet/fundamentals/code-analysis/quality-rules/ca1829) [D:\simplesign\SimpleSign\tests\unit\SimpleSign.PAdES.Tests\SimpleSign.PAdES.Tests.csproj::TargetFramework=net10.0]
D:\simplesign\SimpleSign\tests\unit\SimpleSign.PAdES.Tests\Validation\RoundTripValidationTests.cs(179,35): error IDE0055: Corrigir a formata├º├úo (https://learn.microsoft.com/dotnet/fundamentals/code-analysis/style-rules/ide0055) [D:\simplesign\SimpleSign\tests\unit\SimpleSign.PAdES.Tests\SimpleSign.PAdES.Tests.csproj::TargetFramework=net10.0]
D:\simplesign\SimpleSign\tests\unit\SimpleSign.PAdES.Tests\RobustnessTests.cs(252,9): error CA1829: Use a propriedade "Count" em vez de Enumerable.Count() (https://learn.microsoft.com/dotnet/fundamentals/code-analysis/quality-rules/ca1829) [D:\simplesign\SimpleSign\tests\unit\SimpleSign.PAdES.Tests\SimpleSign.PAdES.Tests.csproj::TargetFramework=net10.0]
D:\simplesign\SimpleSign\tests\unit\SimpleSign.PAdES.Tests\Signing\SimpleSignerEndToEndTests.cs(155,9): error CA1829: Use a propriedade "Count" em vez de Enumerable.Count() (https://learn.microsoft.com/dotnet/fundamentals/code-analysis/quality-rules/ca1829) [D:\simplesign\SimpleSign\tests\unit\SimpleSign.PAdES.Tests\SimpleSign.PAdES.Tests.csproj::TargetFramework=net10.0]
D:\simplesign\SimpleSign\tests\unit\SimpleSign.PAdES.Tests\RobustnessTests.cs(269,9): error CA1829: Use a propriedade "Count" em vez de Enumerable.Count() (https://learn.microsoft.com/dotnet/fundamentals/code-analysis/quality-rules/ca1829) [D:\simplesign\SimpleSign\tests\unit\SimpleSign.PAdES.Tests\SimpleSign.PAdES.Tests.csproj::TargetFramework=net10.0]
D:\simplesign\SimpleSign\tests\unit\SimpleSign.PAdES.Tests\Signing\SignerBuilderEdgeCaseTests.cs(123,9): error CA1829: Use a propriedade "Count" em vez de Enumerable.Count() (https://learn.microsoft.com/dotnet/fundamentals/code-analysis/quality-rules/ca1829) [D:\simplesign\SimpleSign\tests\unit\SimpleSign.PAdES.Tests\SimpleSign.PAdES.Tests.csproj::TargetFramework=net10.0]
D:\simplesign\SimpleSign\tests\unit\SimpleSign.PAdES.Tests\Signing\SignerBuilderEdgeCaseTests.cs(165,13): error CA1829: Use a propriedade "Count" em vez de Enumerable.Count() (https://learn.microsoft.com/dotnet/fundamentals/code-analysis/quality-rules/ca1829) [D:\simplesign\SimpleSign\tests\unit\SimpleSign.PAdES.Tests\SimpleSign.PAdES.Tests.csproj::TargetFramework=net10.0]
D:\simplesign\SimpleSign\tests\unit\SimpleSign.PAdES.Tests\Signing\SignerBuilderEdgeCaseTests.cs(184,13): error CA1829: Use a propriedade "Count" em vez de Enumerable.Count() (https://learn.microsoft.com/dotnet/fundamentals/code-analysis/quality-rules/ca1829) [D:\simplesign\SimpleSign\tests\unit\SimpleSign.PAdES.Tests\SimpleSign.PAdES.Tests.csproj::TargetFramework=net10.0]
D:\simplesign\SimpleSign\tests\unit\SimpleSign.PAdES.Tests\RobustnessTests.cs(299,17): error CA1829: Use a propriedade "Count" em vez de Enumerable.Count() (https://learn.microsoft.com/dotnet/fundamentals/code-analysis/quality-rules/ca1829) [D:\simplesign\SimpleSign\tests\unit\SimpleSign.PAdES.Tests\SimpleSign.PAdES.Tests.csproj::TargetFramework=net10.0]
D:\simplesign\SimpleSign\tests\unit\SimpleSign.PAdES.Tests\Signing\SignerBuilderEdgeCaseTests.cs(201,9): error CA1829: Use a propriedade "Count" em vez de Enumerable.Count() (https://learn.microsoft.com/dotnet/fundamentals/code-analysis/quality-rules/ca1829) [D:\simplesign\SimpleSign\tests\unit\SimpleSign.PAdES.Tests\SimpleSign.PAdES.Tests.csproj::TargetFramework=net10.0]
D:\simplesign\SimpleSign\tests\unit\SimpleSign.PAdES.Tests\Signing\SignerBuilderEdgeCaseTests.cs(213,9): error CA1829: Use a propriedade "Count" em vez de Enumerable.Count() (https://learn.microsoft.com/dotnet/fundamentals/code-analysis/quality-rules/ca1829) [D:\simplesign\SimpleSign\tests\unit\SimpleSign.PAdES.Tests\SimpleSign.PAdES.Tests.csproj::TargetFramework=net10.0]
D:\simplesign\SimpleSign\tests\unit\SimpleSign.PAdES.Tests\Signing\SignerBuilderEdgeCaseTests.cs(225,9): error CA1829: Use a propriedade "Count" em vez de Enumerable.Count() (https://learn.microsoft.com/dotnet/fundamentals/code-analysis/quality-rules/ca1829) [D:\simplesign\SimpleSign\tests\unit\SimpleSign.PAdES.Tests\SimpleSign.PAdES.Tests.csproj::TargetFramework=net10.0]
D:\simplesign\SimpleSign\tests\unit\SimpleSign.PAdES.Tests\Validation\RoundTripValidationTests.cs(105,9): error CA1829: Use a propriedade "Count" em vez de Enumerable.Count() (https://learn.microsoft.com/dotnet/fundamentals/code-analysis/quality-rules/ca1829) [D:\simplesign\SimpleSign\tests\unit\SimpleSign.PAdES.Tests\SimpleSign.PAdES.Tests.csproj::TargetFramework=net10.0]
D:\simplesign\SimpleSign\tests\unit\SimpleSign.PAdES.Tests\Validation\RoundTripValidationTests.cs(76,9): error CA1829: Use a propriedade "Count" em vez de Enumerable.Count() (https://learn.microsoft.com/dotnet/fundamentals/code-analysis/quality-rules/ca1829) [D:\simplesign\SimpleSign\tests\unit\SimpleSign.PAdES.Tests\SimpleSign.PAdES.Tests.csproj::TargetFramework=net10.0]
D:\simplesign\SimpleSign\tests\unit\SimpleSign.PAdES.Tests\Validation\RoundTripValidationTests.cs(135,9): error CA1829: Use a propriedade "Count" em vez de Enumerable.Count() (https://learn.microsoft.com/dotnet/fundamentals/code-analysis/quality-rules/ca1829) [D:\simplesign\SimpleSign\tests\unit\SimpleSign.PAdES.Tests\SimpleSign.PAdES.Tests.csproj::TargetFramework=net10.0]
D:\simplesign\SimpleSign\tests\unit\SimpleSign.PAdES.Tests\Signing\BatchSignerTests.cs(85,9): error CA1829: Use a propriedade "Count" em vez de Enumerable.Count() (https://learn.microsoft.com/dotnet/fundamentals/code-analysis/quality-rules/ca1829) [D:\simplesign\SimpleSign\tests\unit\SimpleSign.PAdES.Tests\SimpleSign.PAdES.Tests.csproj::TargetFramework=net10.0]
D:\simplesign\SimpleSign\tests\unit\SimpleSign.PAdES.Tests\Validation\RoundTripValidationTests.cs(210,9): error CA1829: Use a propriedade "Count" em vez de Enumerable.Count() (https://learn.microsoft.com/dotnet/fundamentals/code-analysis/quality-rules/ca1829) [D:\simplesign\SimpleSign\tests\unit\SimpleSign.PAdES.Tests\SimpleSign.PAdES.Tests.csproj::TargetFramework=net10.0]
D:\simplesign\SimpleSign\tests\unit\SimpleSign.PAdES.Tests\RobustnessTests.cs(317,17): error CA1508: 'stream != null' ├® sempre 'true'. Remova ou refatore as condi├º├Áes para evitar um c├│digo morto. (https://learn.microsoft.com/dotnet/fundamentals/code-analysis/quality-rules/ca1508) [D:\simplesign\SimpleSign\tests\unit\SimpleSign.PAdES.Tests\SimpleSign.PAdES.Tests.csproj::TargetFramework=net10.0]
D:\simplesign\SimpleSign\tests\unit\SimpleSign.PAdES.Tests\Validation\RoundTripValidationTests.cs(178,9): error CA1829: Use a propriedade "Count" em vez de Enumerable.Count() (https://learn.microsoft.com/dotnet/fundamentals/code-analysis/quality-rules/ca1829) [D:\simplesign\SimpleSign\tests\unit\SimpleSign.PAdES.Tests\SimpleSign.PAdES.Tests.csproj::TargetFramework=net10.0]
D:\simplesign\SimpleSign\tests\unit\SimpleSign.PAdES.Tests\Signing\SignerBuilderEdgeCaseTests.cs(237,9): error CA1829: Use a propriedade "Count" em vez de Enumerable.Count() (https://learn.microsoft.com/dotnet/fundamentals/code-analysis/quality-rules/ca1829) [D:\simplesign\SimpleSign\tests\unit\SimpleSign.PAdES.Tests\SimpleSign.PAdES.Tests.csproj::TargetFramework=net10.0]
D:\simplesign\SimpleSign\tests\unit\SimpleSign.PAdES.Tests\Validation\RoundTripValidationTests.cs(236,9): error CA1829: Use a propriedade "Count" em vez de Enumerable.Count() (https://learn.microsoft.com/dotnet/fundamentals/code-analysis/quality-rules/ca1829) [D:\simplesign\SimpleSign\tests\unit\SimpleSign.PAdES.Tests\SimpleSign.PAdES.Tests.csproj::TargetFramework=net10.0]
D:\simplesign\SimpleSign\tests\unit\SimpleSign.PAdES.Tests\Validation\Phase3ProductionTests.cs(119,9): error CA1829: Use a propriedade "Length" em vez de Enumerable.Count() (https://learn.microsoft.com/dotnet/fundamentals/code-analysis/quality-rules/ca1829) [D:\simplesign\SimpleSign\tests\unit\SimpleSign.PAdES.Tests\SimpleSign.PAdES.Tests.csproj::TargetFramework=net10.0]
D:\simplesign\SimpleSign\tests\unit\SimpleSign.PAdES.Tests\Validation\Phase3ProductionTests.cs(120,9): error CA1829: Use a propriedade "Count" em vez de Enumerable.Count() (https://learn.microsoft.com/dotnet/fundamentals/code-analysis/quality-rules/ca1829) [D:\simplesign\SimpleSign\tests\unit\SimpleSign.PAdES.Tests\SimpleSign.PAdES.Tests.csproj::TargetFramework=net10.0]
D:\simplesign\SimpleSign\tests\unit\SimpleSign.PAdES.Tests\Validation\RoundTripValidationTests.cs(262,9): error CA1829: Use a propriedade "Count" em vez de Enumerable.Count() (https://learn.microsoft.com/dotnet/fundamentals/code-analysis/quality-rules/ca1829) [D:\simplesign\SimpleSign\tests\unit\SimpleSign.PAdES.Tests\SimpleSign.PAdES.Tests.csproj::TargetFramework=net10.0]
D:\simplesign\SimpleSign\tests\unit\SimpleSign.PAdES.Tests\Validation\Phase3ProductionTests.cs(216,9): error CA1829: Use a propriedade "Count" em vez de Enumerable.Count() (https://learn.microsoft.com/dotnet/fundamentals/code-analysis/quality-rules/ca1829) [D:\simplesign\SimpleSign\tests\unit\SimpleSign.PAdES.Tests\SimpleSign.PAdES.Tests.csproj::TargetFramework=net10.0]
D:\simplesign\SimpleSign\tests\unit\SimpleSign.PAdES.Tests\Validation\Phase3ProductionTests.cs(444,9): error CA1829: Use a propriedade "Count" em vez de Enumerable.Count() (https://learn.microsoft.com/dotnet/fundamentals/code-analysis/quality-rules/ca1829) [D:\simplesign\SimpleSign\tests\unit\SimpleSign.PAdES.Tests\SimpleSign.PAdES.Tests.csproj::TargetFramework=net10.0]
D:\simplesign\SimpleSign\tests\unit\SimpleSign.PAdES.Tests\Validation\Phase3ProductionTests.cs(428,9): error CA1829: Use a propriedade "Count" em vez de Enumerable.Count() (https://learn.microsoft.com/dotnet/fundamentals/code-analysis/quality-rules/ca1829) [D:\simplesign\SimpleSign\tests\unit\SimpleSign.PAdES.Tests\SimpleSign.PAdES.Tests.csproj::TargetFramework=net10.0]
D:\simplesign\SimpleSign\tests\unit\SimpleSign.PAdES.Tests\Validation\Phase3ProductionTests.cs(575,9): error CA1829: Use a propriedade "Count" em vez de Enumerable.Count() (https://learn.microsoft.com/dotnet/fundamentals/code-analysis/quality-rules/ca1829) [D:\simplesign\SimpleSign\tests\unit\SimpleSign.PAdES.Tests\SimpleSign.PAdES.Tests.csproj::TargetFramework=net10.0]
D:\simplesign\SimpleSign\tests\unit\SimpleSign.PAdES.Tests\Signing\PdfSignatureWriterInternalsTests.cs(170,9): error CA1829: Use a propriedade "Length" em vez de Enumerable.Count() (https://learn.microsoft.com/dotnet/fundamentals/code-analysis/quality-rules/ca1829) [D:\simplesign\SimpleSign\tests\unit\SimpleSign.PAdES.Tests\SimpleSign.PAdES.Tests.csproj::TargetFramework=net10.0]
D:\simplesign\SimpleSign\tests\unit\SimpleSign.PAdES.Tests\Signing\PdfAPreservationValidatorTests.cs(23,9): error CA1829: Use a propriedade "Count" em vez de Enumerable.Count() (https://learn.microsoft.com/dotnet/fundamentals/code-analysis/quality-rules/ca1829) [D:\simplesign\SimpleSign\tests\unit\SimpleSign.PAdES.Tests\SimpleSign.PAdES.Tests.csproj::TargetFramework=net10.0]
D:\simplesign\SimpleSign\tests\unit\SimpleSign.PAdES.Tests\Signing\PdfAPreservationValidatorTests.cs(32,9): error CA1829: Use a propriedade "Count" em vez de Enumerable.Count() (https://learn.microsoft.com/dotnet/fundamentals/code-analysis/quality-rules/ca1829) [D:\simplesign\SimpleSign\tests\unit\SimpleSign.PAdES.Tests\SimpleSign.PAdES.Tests.csproj::TargetFramework=net10.0]
D:\simplesign\SimpleSign\tests\unit\SimpleSign.PAdES.Tests\Signing\PdfAPreservationValidatorTests.cs(56,9): error CA1829: Use a propriedade "Count" em vez de Enumerable.Count() (https://learn.microsoft.com/dotnet/fundamentals/code-analysis/quality-rules/ca1829) [D:\simplesign\SimpleSign\tests\unit\SimpleSign.PAdES.Tests\SimpleSign.PAdES.Tests.csproj::TargetFramework=net10.0]
D:\simplesign\SimpleSign\tests\unit\SimpleSign.PAdES.Tests\Validation\PdfSignatureValidatorTests.cs(149,9): error CA1829: Use a propriedade "Count" em vez de Enumerable.Count() (https://learn.microsoft.com/dotnet/fundamentals/code-analysis/quality-rules/ca1829) [D:\simplesign\SimpleSign\tests\unit\SimpleSign.PAdES.Tests\SimpleSign.PAdES.Tests.csproj::TargetFramework=net10.0]
D:\simplesign\SimpleSign\tests\unit\SimpleSign.PAdES.Tests\Validation\PdfSignatureValidatorTests.cs(130,13): error CA1829: Use a propriedade "Count" em vez de Enumerable.Count() (https://learn.microsoft.com/dotnet/fundamentals/code-analysis/quality-rules/ca1829) [D:\simplesign\SimpleSign\tests\unit\SimpleSign.PAdES.Tests\SimpleSign.PAdES.Tests.csproj::TargetFramework=net10.0]
D:\simplesign\SimpleSign\tests\unit\SimpleSign.PAdES.Tests\Validation\DssExtractorTests.cs(72,25): error CA1861: Prefira campos 'static readonly' em vez de argumentos de matriz constante se o m├®todo chamado for chamado repetidamente e n├úo estiver modificando a matriz passada (https://learn.microsoft.com/dotnet/fundamentals/code-analysis/quality-rules/ca1861) [D:\simplesign\SimpleSign\tests\unit\SimpleSign.PAdES.Tests\SimpleSign.PAdES.Tests.csproj::TargetFramework=net10.0]
D:\simplesign\SimpleSign\tests\unit\SimpleSign.PAdES.Tests\Validation\DssExtractorTests.cs(80,25): error CA1861: Prefira campos 'static readonly' em vez de argumentos de matriz constante se o m├®todo chamado for chamado repetidamente e n├úo estiver modificando a matriz passada (https://learn.microsoft.com/dotnet/fundamentals/code-analysis/quality-rules/ca1861) [D:\simplesign\SimpleSign\tests\unit\SimpleSign.PAdES.Tests\SimpleSign.PAdES.Tests.csproj::TargetFramework=net10.0]
D:\simplesign\SimpleSign\tests\unit\SimpleSign.PAdES.Tests\Validation\DssExtractorTests.cs(168,9): error CA1829: Use a propriedade "Count" em vez de Enumerable.Count() (https://learn.microsoft.com/dotnet/fundamentals/code-analysis/quality-rules/ca1829) [D:\simplesign\SimpleSign\tests\unit\SimpleSign.PAdES.Tests\SimpleSign.PAdES.Tests.csproj::TargetFramework=net10.0]
D:\simplesign\SimpleSign\tests\unit\SimpleSign.PAdES.Tests\Validation\BulkValidatorTests.cs(75,9): error CA1829: Use a propriedade "Count" em vez de Enumerable.Count() (https://learn.microsoft.com/dotnet/fundamentals/code-analysis/quality-rules/ca1829) [D:\simplesign\SimpleSign\tests\unit\SimpleSign.PAdES.Tests\SimpleSign.PAdES.Tests.csproj::TargetFramework=net10.0]
D:\simplesign\SimpleSign\tests\unit\SimpleSign.PAdES.Tests\Validation\BulkValidatorTests.cs(106,9): error CA1829: Use a propriedade "Count" em vez de Enumerable.Count() (https://learn.microsoft.com/dotnet/fundamentals/code-analysis/quality-rules/ca1829) [D:\simplesign\SimpleSign\tests\unit\SimpleSign.PAdES.Tests\SimpleSign.PAdES.Tests.csproj::TargetFramework=net10.0]
D:\simplesign\SimpleSign\tests\unit\SimpleSign.PAdES.Tests\Validation\BulkValidatorTests.cs(110,9): error CA1829: Use a propriedade "Count" em vez de Enumerable.Count() (https://learn.microsoft.com/dotnet/fundamentals/code-analysis/quality-rules/ca1829) [D:\simplesign\SimpleSign\tests\unit\SimpleSign.PAdES.Tests\SimpleSign.PAdES.Tests.csproj::TargetFramework=net10.0]
D:\simplesign\SimpleSign\tests\unit\SimpleSign.PAdES.Tests\Validation\BulkValidatorTests.cs(111,9): error CA1829: Use a propriedade "Count" em vez de Enumerable.Count() (https://learn.microsoft.com/dotnet/fundamentals/code-analysis/quality-rules/ca1829) [D:\simplesign\SimpleSign\tests\unit\SimpleSign.PAdES.Tests\SimpleSign.PAdES.Tests.csproj::TargetFramework=net10.0]
D:\simplesign\SimpleSign\tests\unit\SimpleSign.PAdES.Tests\Signing\ConcurrencyTests.cs(41,9): error CA1829: Use a propriedade "Length" em vez de Enumerable.Count() (https://learn.microsoft.com/dotnet/fundamentals/code-analysis/quality-rules/ca1829) [D:\simplesign\SimpleSign\tests\unit\SimpleSign.PAdES.Tests\SimpleSign.PAdES.Tests.csproj::TargetFramework=net10.0]
D:\simplesign\SimpleSign\tests\unit\SimpleSign.PAdES.Tests\Signing\ConcurrencyTests.cs(59,9): error CA1829: Use a propriedade "Length" em vez de Enumerable.Count() (https://learn.microsoft.com/dotnet/fundamentals/code-analysis/quality-rules/ca1829) [D:\simplesign\SimpleSign\tests\unit\SimpleSign.PAdES.Tests\SimpleSign.PAdES.Tests.csproj::TargetFramework=net10.0]
D:\simplesign\SimpleSign\tests\unit\SimpleSign.PAdES.Tests\Signing\LtvArchivalCorruptionTests.cs(151,9): error CA1829: Use a propriedade "Count" em vez de Enumerable.Count() (https://learn.microsoft.com/dotnet/fundamentals/code-analysis/quality-rules/ca1829) [D:\simplesign\SimpleSign\tests\unit\SimpleSign.PAdES.Tests\SimpleSign.PAdES.Tests.csproj::TargetFramework=net10.0]
D:\simplesign\SimpleSign\tests\unit\SimpleSign.PAdES.Tests\Signing\ConcurrencyTests.cs(79,9): error CA1829: Use a propriedade "Count" em vez de Enumerable.Count() (https://learn.microsoft.com/dotnet/fundamentals/code-analysis/quality-rules/ca1829) [D:\simplesign\SimpleSign\tests\unit\SimpleSign.PAdES.Tests\SimpleSign.PAdES.Tests.csproj::TargetFramework=net10.0]
D:\simplesign\SimpleSign\tests\unit\SimpleSign.PAdES.Tests\Signing\DeferredSignerEdgeCaseTests.cs(102,9): error CA1829: Use a propriedade "Length" em vez de Enumerable.Count() (https://learn.microsoft.com/dotnet/fundamentals/code-analysis/quality-rules/ca1829) [D:\simplesign\SimpleSign\tests\unit\SimpleSign.PAdES.Tests\SimpleSign.PAdES.Tests.csproj::TargetFramework=net10.0]
D:\simplesign\SimpleSign\tests\unit\SimpleSign.PAdES.Tests\Signing\DeferredSignerTests.cs(73,9): error CA1829: Use a propriedade "Count" em vez de Enumerable.Count() (https://learn.microsoft.com/dotnet/fundamentals/code-analysis/quality-rules/ca1829) [D:\simplesign\SimpleSign\tests\unit\SimpleSign.PAdES.Tests\SimpleSign.PAdES.Tests.csproj::TargetFramework=net10.0]
D:\simplesign\SimpleSign\tests\unit\SimpleSign.PAdES.Tests\Signing\DeferredSignerTests.cs(88,9): error CA1829: Use a propriedade "Count" em vez de Enumerable.Count() (https://learn.microsoft.com/dotnet/fundamentals/code-analysis/quality-rules/ca1829) [D:\simplesign\SimpleSign\tests\unit\SimpleSign.PAdES.Tests\SimpleSign.PAdES.Tests.csproj::TargetFramework=net10.0]
D:\simplesign\SimpleSign\tests\unit\SimpleSign.PAdES.Tests\Signing\DeferredSignerTests.cs(128,9): error CA1829: Use a propriedade "Count" em vez de Enumerable.Count() (https://learn.microsoft.com/dotnet/fundamentals/code-analysis/quality-rules/ca1829) [D:\simplesign\SimpleSign\tests\unit\SimpleSign.PAdES.Tests\SimpleSign.PAdES.Tests.csproj::TargetFramework=net10.0]
D:\simplesign\SimpleSign\tests\unit\SimpleSign.PAdES.Tests\Signing\DeferredSignerTests.cs(236,9): error CA1829: Use a propriedade "Count" em vez de Enumerable.Count() (https://learn.microsoft.com/dotnet/fundamentals/code-analysis/quality-rules/ca1829) [D:\simplesign\SimpleSign\tests\unit\SimpleSign.PAdES.Tests\SimpleSign.PAdES.Tests.csproj::TargetFramework=net10.0]
D:\simplesign\SimpleSign\tests\unit\SimpleSign.PAdES.Tests\Signing\LargeFileTests.cs(97,9): error CA1829: Use a propriedade "Count" em vez de Enumerable.Count() (https://learn.microsoft.com/dotnet/fundamentals/code-analysis/quality-rules/ca1829) [D:\simplesign\SimpleSign\tests\unit\SimpleSign.PAdES.Tests\SimpleSign.PAdES.Tests.csproj::TargetFramework=net10.0]
D:\simplesign\SimpleSign\tests\unit\SimpleSign.PAdES.Tests\Signing\DocTimeStampWithAppearanceTests.cs(350,9): error CA1829: Use a propriedade "Count" em vez de Enumerable.Count() (https://learn.microsoft.com/dotnet/fundamentals/code-analysis/quality-rules/ca1829) [D:\simplesign\SimpleSign\tests\unit\SimpleSign.PAdES.Tests\SimpleSign.PAdES.Tests.csproj::TargetFramework=net10.0]
D:\simplesign\SimpleSign\tests\integration\SimpleSign.Integration.Tests\MultiSignatureValidationTests.cs(25,9): error CA1829: Use a propriedade "Count" em vez de Enumerable.Count() (https://learn.microsoft.com/dotnet/fundamentals/code-analysis/quality-rules/ca1829) [D:\simplesign\SimpleSign\tests\integration\SimpleSign.Integration.Tests\SimpleSign.Integration.Tests.csproj::TargetFramework=net10.0]
D:\simplesign\SimpleSign\tests\integration\SimpleSign.Integration.Tests\SignatureValidationTests.cs(25,9): error CA1829: Use a propriedade "Count" em vez de Enumerable.Count() (https://learn.microsoft.com/dotnet/fundamentals/code-analysis/quality-rules/ca1829) [D:\simplesign\SimpleSign\tests\integration\SimpleSign.Integration.Tests\SimpleSign.Integration.Tests.csproj::TargetFramework=net10.0]
D:\simplesign\SimpleSign\tests\integration\SimpleSign.Integration.Tests\IncrementalUpdateTests.cs(21,9): error CA1829: Use a propriedade "Count" em vez de Enumerable.Count() (https://learn.microsoft.com/dotnet/fundamentals/code-analysis/quality-rules/ca1829) [D:\simplesign\SimpleSign\tests\integration\SimpleSign.Integration.Tests\SimpleSign.Integration.Tests.csproj::TargetFramework=net10.0]
D:\simplesign\SimpleSign\tests\integration\SimpleSign.Integration.Tests\Iso32000RegressionTests.cs(33,9): error CA1829: Use a propriedade "Count" em vez de Enumerable.Count() (https://learn.microsoft.com/dotnet/fundamentals/code-analysis/quality-rules/ca1829) [D:\simplesign\SimpleSign\tests\integration\SimpleSign.Integration.Tests\SimpleSign.Integration.Tests.csproj::TargetFramework=net10.0]
D:\simplesign\SimpleSign\tests\integration\SimpleSign.Integration.Tests\NegativeValidationTests.cs(26,9): error CA1829: Use a propriedade "Count" em vez de Enumerable.Count() (https://learn.microsoft.com/dotnet/fundamentals/code-analysis/quality-rules/ca1829) [D:\simplesign\SimpleSign\tests\integration\SimpleSign.Integration.Tests\SimpleSign.Integration.Tests.csproj::TargetFramework=net10.0]
D:\simplesign\SimpleSign\tests\integration\SimpleSign.Integration.Tests\SignatureValidationTests.cs(41,9): error CA1829: Use a propriedade "Count" em vez de Enumerable.Count() (https://learn.microsoft.com/dotnet/fundamentals/code-analysis/quality-rules/ca1829) [D:\simplesign\SimpleSign\tests\integration\SimpleSign.Integration.Tests\SimpleSign.Integration.Tests.csproj::TargetFramework=net10.0]
D:\simplesign\SimpleSign\tests\integration\SimpleSign.Integration.Tests\MultiSignatureValidationTests.cs(39,9): error CA1829: Use a propriedade "Count" em vez de Enumerable.Count() (https://learn.microsoft.com/dotnet/fundamentals/code-analysis/quality-rules/ca1829) [D:\simplesign\SimpleSign\tests\integration\SimpleSign.Integration.Tests\SimpleSign.Integration.Tests.csproj::TargetFramework=net10.0]
D:\simplesign\SimpleSign\tests\integration\SimpleSign.Integration.Tests\Iso32000RegressionTests.cs(47,9): error CA1829: Use a propriedade "Count" em vez de Enumerable.Count() (https://learn.microsoft.com/dotnet/fundamentals/code-analysis/quality-rules/ca1829) [D:\simplesign\SimpleSign\tests\integration\SimpleSign.Integration.Tests\SimpleSign.Integration.Tests.csproj::TargetFramework=net10.0]
D:\simplesign\SimpleSign\tests\integration\SimpleSign.Integration.Tests\NegativeValidationTests.cs(45,9): error CA1829: Use a propriedade "Count" em vez de Enumerable.Count() (https://learn.microsoft.com/dotnet/fundamentals/code-analysis/quality-rules/ca1829) [D:\simplesign\SimpleSign\tests\integration\SimpleSign.Integration.Tests\SimpleSign.Integration.Tests.csproj::TargetFramework=net10.0]
D:\simplesign\SimpleSign\tests\integration\SimpleSign.Integration.Tests\SignatureValidationTests.cs(57,9): error CA1829: Use a propriedade "Count" em vez de Enumerable.Count() (https://learn.microsoft.com/dotnet/fundamentals/code-analysis/quality-rules/ca1829) [D:\simplesign\SimpleSign\tests\integration\SimpleSign.Integration.Tests\SimpleSign.Integration.Tests.csproj::TargetFramework=net10.0]
D:\simplesign\SimpleSign\tests\integration\SimpleSign.Integration.Tests\SignatureValidationTests.cs(73,9): error CA1829: Use a propriedade "Count" em vez de Enumerable.Count() (https://learn.microsoft.com/dotnet/fundamentals/code-analysis/quality-rules/ca1829) [D:\simplesign\SimpleSign\tests\integration\SimpleSign.Integration.Tests\SimpleSign.Integration.Tests.csproj::TargetFramework=net10.0]
D:\simplesign\SimpleSign\tests\integration\SimpleSign.Integration.Tests\MultiSignatureValidationTests.cs(53,9): error CA1829: Use a propriedade "Count" em vez de Enumerable.Count() (https://learn.microsoft.com/dotnet/fundamentals/code-analysis/quality-rules/ca1829) [D:\simplesign\SimpleSign\tests\integration\SimpleSign.Integration.Tests\SimpleSign.Integration.Tests.csproj::TargetFramework=net10.0]
D:\simplesign\SimpleSign\tests\integration\SimpleSign.Integration.Tests\PdfParsingTests.cs(48,9): error CA1829: Use a propriedade "Count" em vez de Enumerable.Count() (https://learn.microsoft.com/dotnet/fundamentals/code-analysis/quality-rules/ca1829) [D:\simplesign\SimpleSign\tests\integration\SimpleSign.Integration.Tests\SimpleSign.Integration.Tests.csproj::TargetFramework=net10.0]
D:\simplesign\SimpleSign\tests\integration\SimpleSign.Integration.Tests\SignatureValidationTests.cs(90,9): error CA1829: Use a propriedade "Count" em vez de Enumerable.Count() (https://learn.microsoft.com/dotnet/fundamentals/code-analysis/quality-rules/ca1829) [D:\simplesign\SimpleSign\tests\integration\SimpleSign.Integration.Tests\SimpleSign.Integration.Tests.csproj::TargetFramework=net10.0]
D:\simplesign\SimpleSign\tests\integration\SimpleSign.Integration.Tests\PdfParsingTests.cs(67,9): error CA1829: Use a propriedade "Count" em vez de Enumerable.Count() (https://learn.microsoft.com/dotnet/fundamentals/code-analysis/quality-rules/ca1829) [D:\simplesign\SimpleSign\tests\integration\SimpleSign.Integration.Tests\SimpleSign.Integration.Tests.csproj::TargetFramework=net10.0]
D:\simplesign\SimpleSign\tests\integration\SimpleSign.Integration.Tests\PdfParsingTests.cs(81,9): error CA1829: Use a propriedade "Count" em vez de Enumerable.Count() (https://learn.microsoft.com/dotnet/fundamentals/code-analysis/quality-rules/ca1829) [D:\simplesign\SimpleSign\tests\integration\SimpleSign.Integration.Tests\SimpleSign.Integration.Tests.csproj::TargetFramework=net10.0]
D:\simplesign\SimpleSign\tests\integration\SimpleSign.Integration.Tests\PAdESLevelTests.cs(75,9): error CA1829: Use a propriedade "Count" em vez de Enumerable.Count() (https://learn.microsoft.com/dotnet/fundamentals/code-analysis/quality-rules/ca1829) [D:\simplesign\SimpleSign\tests\integration\SimpleSign.Integration.Tests\SimpleSign.Integration.Tests.csproj::TargetFramework=net10.0]
D:\simplesign\SimpleSign\tests\integration\SimpleSign.Integration.Tests\PdfParsingTests.cs(96,9): error CA1829: Use a propriedade "Count" em vez de Enumerable.Count() (https://learn.microsoft.com/dotnet/fundamentals/code-analysis/quality-rules/ca1829) [D:\simplesign\SimpleSign\tests\integration\SimpleSign.Integration.Tests\SimpleSign.Integration.Tests.csproj::TargetFramework=net10.0]
D:\simplesign\SimpleSign\tests\integration\SimpleSign.Integration.Tests\IncrementalUpdateTests.cs(52,9): error CA1829: Use a propriedade "Count" em vez de Enumerable.Count() (https://learn.microsoft.com/dotnet/fundamentals/code-analysis/quality-rules/ca1829) [D:\simplesign\SimpleSign\tests\integration\SimpleSign.Integration.Tests\SimpleSign.Integration.Tests.csproj::TargetFramework=net10.0]
D:\simplesign\SimpleSign\tests\integration\SimpleSign.Integration.Tests\PAdESLevelTests.cs(126,9): error CA1829: Use a propriedade "Count" em vez de Enumerable.Count() (https://learn.microsoft.com/dotnet/fundamentals/code-analysis/quality-rules/ca1829) [D:\simplesign\SimpleSign\tests\integration\SimpleSign.Integration.Tests\SimpleSign.Integration.Tests.csproj::TargetFramework=net10.0]
D:\simplesign\SimpleSign\tests\integration\SimpleSign.Integration.Tests\IncrementalUpdateTests.cs(67,9): error CA1829: Use a propriedade "Count" em vez de Enumerable.Count() (https://learn.microsoft.com/dotnet/fundamentals/code-analysis/quality-rules/ca1829) [D:\simplesign\SimpleSign\tests\integration\SimpleSign.Integration.Tests\SimpleSign.Integration.Tests.csproj::TargetFramework=net10.0]
D:\simplesign\SimpleSign\tests\unit\SimpleSign.Brasil.Tests\BrasilExtensionContractTests.cs(34,62): error IDE0055: Corrigir a formata├º├úo (https://learn.microsoft.com/dotnet/fundamentals/code-analysis/style-rules/ide0055) [D:\simplesign\SimpleSign\tests\unit\SimpleSign.Brasil.Tests\SimpleSign.Brasil.Tests.csproj::TargetFramework=net10.0]
D:\simplesign\SimpleSign\tests\unit\SimpleSign.Brasil.Tests\GovBrDetectionTests.cs(94,33): error IDE0055: Corrigir a formata├º├úo (https://learn.microsoft.com/dotnet/fundamentals/code-analysis/style-rules/ide0055) [D:\simplesign\SimpleSign\tests\unit\SimpleSign.Brasil.Tests\SimpleSign.Brasil.Tests.csproj::TargetFramework=net10.0]
D:\simplesign\SimpleSign\tests\unit\SimpleSign.Brasil.Tests\Integration\IcpBrasilIntegrationTests.cs(32,9): error CA1829: Use a propriedade "Count" em vez de Enumerable.Count() (https://learn.microsoft.com/dotnet/fundamentals/code-analysis/quality-rules/ca1829) [D:\simplesign\SimpleSign\tests\unit\SimpleSign.Brasil.Tests\SimpleSign.Brasil.Tests.csproj::TargetFramework=net10.0]
D:\simplesign\SimpleSign\tests\unit\SimpleSign.Brasil.Tests\Integration\GovBrIntegrationTests.cs(34,9): error CA1829: Use a propriedade "Count" em vez de Enumerable.Count() (https://learn.microsoft.com/dotnet/fundamentals/code-analysis/quality-rules/ca1829) [D:\simplesign\SimpleSign\tests\unit\SimpleSign.Brasil.Tests\SimpleSign.Brasil.Tests.csproj::TargetFramework=net10.0]
D:\simplesign\SimpleSign\tests\unit\SimpleSign.Brasil.Tests\Integration\IcpBrasilIntegrationTests.cs(50,9): error CA1829: Use a propriedade "Count" em vez de Enumerable.Count() (https://learn.microsoft.com/dotnet/fundamentals/code-analysis/quality-rules/ca1829) [D:\simplesign\SimpleSign\tests\unit\SimpleSign.Brasil.Tests\SimpleSign.Brasil.Tests.csproj::TargetFramework=net10.0]
D:\simplesign\SimpleSign\tests\unit\SimpleSign.Brasil.Tests\Integration\GovBrIntegrationTests.cs(53,9): error CA1829: Use a propriedade "Count" em vez de Enumerable.Count() (https://learn.microsoft.com/dotnet/fundamentals/code-analysis/quality-rules/ca1829) [D:\simplesign\SimpleSign\tests\unit\SimpleSign.Brasil.Tests\SimpleSign.Brasil.Tests.csproj::TargetFramework=net10.0]
D:\simplesign\SimpleSign\tests\unit\SimpleSign.Brasil.Tests\AdvancedSignatureTests.cs(182,9): error CA1829: Use a propriedade "Count" em vez de Enumerable.Count() (https://learn.microsoft.com/dotnet/fundamentals/code-analysis/quality-rules/ca1829) [D:\simplesign\SimpleSign\tests\unit\SimpleSign.Brasil.Tests\SimpleSign.Brasil.Tests.csproj::TargetFramework=net10.0]
D:\simplesign\SimpleSign\tests\unit\SimpleSign.Brasil.Tests\Integration\GovBrIntegrationTests.cs(67,9): error CA1829: Use a propriedade "Count" em vez de Enumerable.Count() (https://learn.microsoft.com/dotnet/fundamentals/code-analysis/quality-rules/ca1829) [D:\simplesign\SimpleSign\tests\unit\SimpleSign.Brasil.Tests\SimpleSign.Brasil.Tests.csproj::TargetFramework=net10.0]
D:\simplesign\SimpleSign\tests\unit\SimpleSign.Brasil.Tests\Integration\IcpBrasilIntegrationTests.cs(66,9): error CA1829: Use a propriedade "Count" em vez de Enumerable.Count() (https://learn.microsoft.com/dotnet/fundamentals/code-analysis/quality-rules/ca1829) [D:\simplesign\SimpleSign\tests\unit\SimpleSign.Brasil.Tests\SimpleSign.Brasil.Tests.csproj::TargetFramework=net10.0]
D:\simplesign\SimpleSign\tests\unit\SimpleSign.Brasil.Tests\Integration\IcpBrasilIntegrationTests.cs(83,9): error CA1829: Use a propriedade "Count" em vez de Enumerable.Count() (https://learn.microsoft.com/dotnet/fundamentals/code-analysis/quality-rules/ca1829) [D:\simplesign\SimpleSign\tests\unit\SimpleSign.Brasil.Tests\SimpleSign.Brasil.Tests.csproj::TargetFramework=net10.0]
D:\simplesign\SimpleSign\tests\unit\SimpleSign.Brasil.Tests\AdvancedSignatureTests.cs(219,9): error CA1829: Use a propriedade "Count" em vez de Enumerable.Count() (https://learn.microsoft.com/dotnet/fundamentals/code-analysis/quality-rules/ca1829) [D:\simplesign\SimpleSign\tests\unit\SimpleSign.Brasil.Tests\SimpleSign.Brasil.Tests.csproj::TargetFramework=net10.0]
D:\simplesign\SimpleSign\tests\unit\SimpleSign.Brasil.Tests\Compliance\DocIcp15ComplianceTests.cs(252,9): error CA1829: Use a propriedade "Count" em vez de Enumerable.Count() (https://learn.microsoft.com/dotnet/fundamentals/code-analysis/quality-rules/ca1829) [D:\simplesign\SimpleSign\tests\unit\SimpleSign.Brasil.Tests\SimpleSign.Brasil.Tests.csproj::TargetFramework=net10.0]
D:\simplesign\SimpleSign\tests\unit\SimpleSign.Brasil.Tests\Integration\GovBrIntegrationTests.cs(82,9): error CA1829: Use a propriedade "Count" em vez de Enumerable.Count() (https://learn.microsoft.com/dotnet/fundamentals/code-analysis/quality-rules/ca1829) [D:\simplesign\SimpleSign\tests\unit\SimpleSign.Brasil.Tests\SimpleSign.Brasil.Tests.csproj::TargetFramework=net10.0]
D:\simplesign\SimpleSign\tests\unit\SimpleSign.Brasil.Tests\Integration\IcpBrasilIntegrationTests.cs(105,9): error CA1829: Use a propriedade "Count" em vez de Enumerable.Count() (https://learn.microsoft.com/dotnet/fundamentals/code-analysis/quality-rules/ca1829) [D:\simplesign\SimpleSign\tests\unit\SimpleSign.Brasil.Tests\SimpleSign.Brasil.Tests.csproj::TargetFramework=net10.0]
D:\simplesign\SimpleSign\tests\unit\SimpleSign.Brasil.Tests\Integration\IcpBrasilIntegrationTests.cs(121,9): error CA1829: Use a propriedade "Count" em vez de Enumerable.Count() (https://learn.microsoft.com/dotnet/fundamentals/code-analysis/quality-rules/ca1829) [D:\simplesign\SimpleSign\tests\unit\SimpleSign.Brasil.Tests\SimpleSign.Brasil.Tests.csproj::TargetFramework=net10.0]
D:\simplesign\SimpleSign\tests\unit\SimpleSign.Brasil.Tests\Integration\GovBrIntegrationTests.cs(97,9): error CA1829: Use a propriedade "Count" em vez de Enumerable.Count() (https://learn.microsoft.com/dotnet/fundamentals/code-analysis/quality-rules/ca1829) [D:\simplesign\SimpleSign\tests\unit\SimpleSign.Brasil.Tests\SimpleSign.Brasil.Tests.csproj::TargetFramework=net10.0]
D:\simplesign\SimpleSign\tests\unit\SimpleSign.Brasil.Tests\Integration\GovBrIntegrationTests.cs(120,9): error CA1829: Use a propriedade "Count" em vez de Enumerable.Count() (https://learn.microsoft.com/dotnet/fundamentals/code-analysis/quality-rules/ca1829) [D:\simplesign\SimpleSign\tests\unit\SimpleSign.Brasil.Tests\SimpleSign.Brasil.Tests.csproj::TargetFramework=net10.0]
D:\simplesign\SimpleSign\tests\interop\SimpleSign.Interop.Tests\BrasilInteropTests.cs(48,9): error CA1829: Use a propriedade "Count" em vez de Enumerable.Count() (https://learn.microsoft.com/dotnet/fundamentals/code-analysis/quality-rules/ca1829) [D:\simplesign\SimpleSign\tests\interop\SimpleSign.Interop.Tests\SimpleSign.Interop.Tests.csproj::TargetFramework=net10.0]
D:\simplesign\SimpleSign\tests\interop\SimpleSign.Interop.Tests\EtsiCorpusTests.cs(150,35): error IDE0055: Corrigir a formata├º├úo (https://learn.microsoft.com/dotnet/fundamentals/code-analysis/style-rules/ide0055) [D:\simplesign\SimpleSign\tests\interop\SimpleSign.Interop.Tests\SimpleSign.Interop.Tests.csproj::TargetFramework=net10.0]
D:\simplesign\SimpleSign\tests\interop\SimpleSign.Interop.Tests\EtsiCorpusTests.cs(72,9): error CA1829: Use a propriedade "Count" em vez de Enumerable.Count() (https://learn.microsoft.com/dotnet/fundamentals/code-analysis/quality-rules/ca1829) [D:\simplesign\SimpleSign\tests\interop\SimpleSign.Interop.Tests\SimpleSign.Interop.Tests.csproj::TargetFramework=net10.0]
D:\simplesign\SimpleSign\tests\interop\SimpleSign.Interop.Tests\ExpandedInteropTests.cs(43,9): error CA1829: Use a propriedade "Count" em vez de Enumerable.Count() (https://learn.microsoft.com/dotnet/fundamentals/code-analysis/quality-rules/ca1829) [D:\simplesign\SimpleSign\tests\interop\SimpleSign.Interop.Tests\SimpleSign.Interop.Tests.csproj::TargetFramework=net10.0]
D:\simplesign\SimpleSign\tests\interop\SimpleSign.Interop.Tests\PadesDssInteropTests.cs(36,9): error CA1829: Use a propriedade "Count" em vez de Enumerable.Count() (https://learn.microsoft.com/dotnet/fundamentals/code-analysis/quality-rules/ca1829) [D:\simplesign\SimpleSign\tests\interop\SimpleSign.Interop.Tests\SimpleSign.Interop.Tests.csproj::TargetFramework=net10.0]
D:\simplesign\SimpleSign\tests\interop\SimpleSign.Interop.Tests\EtsiCorpusTests.cs(125,9): error CA1829: Use a propriedade "Count" em vez de Enumerable.Count() (https://learn.microsoft.com/dotnet/fundamentals/code-analysis/quality-rules/ca1829) [D:\simplesign\SimpleSign\tests\interop\SimpleSign.Interop.Tests\SimpleSign.Interop.Tests.csproj::TargetFramework=net10.0]
D:\simplesign\SimpleSign\tests\interop\SimpleSign.Interop.Tests\ExpandedInteropTests.cs(83,9): error CA1829: Use a propriedade "Count" em vez de Enumerable.Count() (https://learn.microsoft.com/dotnet/fundamentals/code-analysis/quality-rules/ca1829) [D:\simplesign\SimpleSign\tests\interop\SimpleSign.Interop.Tests\SimpleSign.Interop.Tests.csproj::TargetFramework=net10.0]
D:\simplesign\SimpleSign\tests\interop\SimpleSign.Interop.Tests\PadesDssInteropTests.cs(78,9): error CA1829: Use a propriedade "Count" em vez de Enumerable.Count() (https://learn.microsoft.com/dotnet/fundamentals/code-analysis/quality-rules/ca1829) [D:\simplesign\SimpleSign\tests\interop\SimpleSign.Interop.Tests\SimpleSign.Interop.Tests.csproj::TargetFramework=net10.0]
D:\simplesign\SimpleSign\tests\interop\SimpleSign.Interop.Tests\PadesDssInteropTests.cs(132,9): error CA1829: Use a propriedade "Count" em vez de Enumerable.Count() (https://learn.microsoft.com/dotnet/fundamentals/code-analysis/quality-rules/ca1829) [D:\simplesign\SimpleSign\tests\interop\SimpleSign.Interop.Tests\SimpleSign.Interop.Tests.csproj::TargetFramework=net10.0]
D:\simplesign\SimpleSign\tests\interop\SimpleSign.Interop.Tests\EtsiCorpusTests.cs(242,9): error CA1829: Use a propriedade "Count" em vez de Enumerable.Count() (https://learn.microsoft.com/dotnet/fundamentals/code-analysis/quality-rules/ca1829) [D:\simplesign\SimpleSign\tests\interop\SimpleSign.Interop.Tests\SimpleSign.Interop.Tests.csproj::TargetFramework=net10.0]
D:\simplesign\SimpleSign\tests\interop\SimpleSign.Interop.Tests\ExpandedInteropTests.cs(170,9): error CA1829: Use a propriedade "Count" em vez de Enumerable.Count() (https://learn.microsoft.com/dotnet/fundamentals/code-analysis/quality-rules/ca1829) [D:\simplesign\SimpleSign\tests\interop\SimpleSign.Interop.Tests\SimpleSign.Interop.Tests.csproj::TargetFramework=net10.0]
D:\simplesign\SimpleSign\tests\interop\SimpleSign.Interop.Tests\PadesDssInteropTests.cs(148,9): error CA1829: Use a propriedade "Count" em vez de Enumerable.Count() (https://learn.microsoft.com/dotnet/fundamentals/code-analysis/quality-rules/ca1829) [D:\simplesign\SimpleSign\tests\interop\SimpleSign.Interop.Tests\SimpleSign.Interop.Tests.csproj::TargetFramework=net10.0]
D:\simplesign\SimpleSign\tests\interop\SimpleSign.Interop.Tests\PadesDssInteropTests.cs(161,9): error CA1829: Use a propriedade "Count" em vez de Enumerable.Count() (https://learn.microsoft.com/dotnet/fundamentals/code-analysis/quality-rules/ca1829) [D:\simplesign\SimpleSign\tests\interop\SimpleSign.Interop.Tests\SimpleSign.Interop.Tests.csproj::TargetFramework=net10.0]
D:\simplesign\SimpleSign\tests\interop\SimpleSign.Interop.Tests\PadesDssInteropTests.cs(174,9): error CA1829: Use a propriedade "Count" em vez de Enumerable.Count() (https://learn.microsoft.com/dotnet/fundamentals/code-analysis/quality-rules/ca1829) [D:\simplesign\SimpleSign\tests\interop\SimpleSign.Interop.Tests\SimpleSign.Interop.Tests.csproj::TargetFramework=net10.0]
D:\simplesign\SimpleSign\tests\interop\SimpleSign.Interop.Tests\ReverseInteropTests.cs(148,13): error CA1829: Use a propriedade "Count" em vez de Enumerable.Count() (https://learn.microsoft.com/dotnet/fundamentals/code-analysis/quality-rules/ca1829) [D:\simplesign\SimpleSign\tests\interop\SimpleSign.Interop.Tests\SimpleSign.Interop.Tests.csproj::TargetFramework=net10.0]
D:\simplesign\SimpleSign\tests\interop\SimpleSign.Interop.Tests\ReverseInteropTests.cs(224,13): error CA1829: Use a propriedade "Count" em vez de Enumerable.Count() (https://learn.microsoft.com/dotnet/fundamentals/code-analysis/quality-rules/ca1829) [D:\simplesign\SimpleSign\tests\interop\SimpleSign.Interop.Tests\SimpleSign.Interop.Tests.csproj::TargetFramework=net10.0]
D:\simplesign\SimpleSign\tests\interop\SimpleSign.Interop.Tests\PadesDssInteropTests.cs(354,9): error CA1829: Use a propriedade "Count" em vez de Enumerable.Count() (https://learn.microsoft.com/dotnet/fundamentals/code-analysis/quality-rules/ca1829) [D:\simplesign\SimpleSign\tests\interop\SimpleSign.Interop.Tests\SimpleSign.Interop.Tests.csproj::TargetFramework=net10.0]
D:\simplesign\SimpleSign\tests\interop\SimpleSign.Interop.Tests\ExpandedInteropTests.cs(361,9): error CA1829: Use a propriedade "Count" em vez de Enumerable.Count() (https://learn.microsoft.com/dotnet/fundamentals/code-analysis/quality-rules/ca1829) [D:\simplesign\SimpleSign\tests\interop\SimpleSign.Interop.Tests\SimpleSign.Interop.Tests.csproj::TargetFramework=net10.0]
D:\simplesign\SimpleSign\tests\interop\SimpleSign.Interop.Tests\PadesDssInteropTests.cs(441,9): error CA1829: Use a propriedade "Count" em vez de Enumerable.Count() (https://learn.microsoft.com/dotnet/fundamentals/code-analysis/quality-rules/ca1829) [D:\simplesign\SimpleSign\tests\interop\SimpleSign.Interop.Tests\SimpleSign.Interop.Tests.csproj::TargetFramework=net10.0]
D:\simplesign\SimpleSign\tests\interop\SimpleSign.Interop.Tests\ExpandedInteropTests.cs(513,9): error CA1829: Use a propriedade "Count" em vez de Enumerable.Count() (https://learn.microsoft.com/dotnet/fundamentals/code-analysis/quality-rules/ca1829) [D:\simplesign\SimpleSign\tests\interop\SimpleSign.Interop.Tests\SimpleSign.Interop.Tests.csproj::TargetFramework=net10.0]
D:\simplesign\SimpleSign\tests\interop\SimpleSign.Interop.Tests\ExpandedInteropTests.cs(532,9): error CA1829: Use a propriedade "Count" em vez de Enumerable.Count() (https://learn.microsoft.com/dotnet/fundamentals/code-analysis/quality-rules/ca1829) [D:\simplesign\SimpleSign\tests\interop\SimpleSign.Interop.Tests\SimpleSign.Interop.Tests.csproj::TargetFramework=net10.0]
D:\simplesign\SimpleSign\tests\interop\SimpleSign.Interop.Tests\ExpandedInteropTests.cs(557,9): error CA1829: Use a propriedade "Count" em vez de Enumerable.Count() (https://learn.microsoft.com/dotnet/fundamentals/code-analysis/quality-rules/ca1829) [D:\simplesign\SimpleSign\tests\interop\SimpleSign.Interop.Tests\SimpleSign.Interop.Tests.csproj::TargetFramework=net10.0]
D:\simplesign\SimpleSign\tests\interop\SimpleSign.Interop.Tests\PadesDssInteropTests.cs(459,13): error CA1829: Use a propriedade "Count" em vez de Enumerable.Count() (https://learn.microsoft.com/dotnet/fundamentals/code-analysis/quality-rules/ca1829) [D:\simplesign\SimpleSign\tests\interop\SimpleSign.Interop.Tests\SimpleSign.Interop.Tests.csproj::TargetFramework=net10.0]
D:\simplesign\SimpleSign\tests\interop\SimpleSign.Interop.Tests\ExpandedInteropTests.cs(624,13): error CA1829: Use a propriedade "Count" em vez de Enumerable.Count() (https://learn.microsoft.com/dotnet/fundamentals/code-analysis/quality-rules/ca1829) [D:\simplesign\SimpleSign\tests\interop\SimpleSign.Interop.Tests\SimpleSign.Interop.Tests.csproj::TargetFramework=net10.0]
D:\simplesign\SimpleSign\tests\interop\SimpleSign.Interop.Tests\ExpandedInteropTests.cs(691,13): error CA1829: Use a propriedade "Count" em vez de Enumerable.Count() (https://learn.microsoft.com/dotnet/fundamentals/code-analysis/quality-rules/ca1829) [D:\simplesign\SimpleSign\tests\interop\SimpleSign.Interop.Tests\SimpleSign.Interop.Tests.csproj::TargetFramework=net10.0]

FALHA da compila├º├úo.

D:\simplesign\SimpleSign\tests\unit\SimpleSign.HtmlToPdf.Tests\CssParserTests.cs(16,9): error CA1829: Use a propriedade "Count" em vez de Enumerable.Count() (https://learn.microsoft.com/dotnet/fundamentals/code-analysis/quality-rules/ca1829) [D:\simplesign\SimpleSign\tests\unit\SimpleSign.HtmlToPdf.Tests\SimpleSign.HtmlToPdf.Tests.csproj::TargetFramework=net8.0]
D:\simplesign\SimpleSign\tests\unit\SimpleSign.HtmlToPdf.Tests\CssParserTests.cs(29,9): error CA1829: Use a propriedade "Count" em vez de Enumerable.Count() (https://learn.microsoft.com/dotnet/fundamentals/code-analysis/quality-rules/ca1829) [D:\simplesign\SimpleSign\tests\unit\SimpleSign.HtmlToPdf.Tests\SimpleSign.HtmlToPdf.Tests.csproj::TargetFramework=net8.0]
D:\simplesign\SimpleSign\tests\unit\SimpleSign.HtmlToPdf.Tests\CssParserTests.cs(39,9): error CA1829: Use a propriedade "Count" em vez de Enumerable.Count() (https://learn.microsoft.com/dotnet/fundamentals/code-analysis/quality-rules/ca1829) [D:\simplesign\SimpleSign\tests\unit\SimpleSign.HtmlToPdf.Tests\SimpleSign.HtmlToPdf.Tests.csproj::TargetFramework=net8.0]
D:\simplesign\SimpleSign\tests\unit\SimpleSign.HtmlToPdf.Tests\CssParserTests.cs(48,9): error CA1829: Use a propriedade "Count" em vez de Enumerable.Count() (https://learn.microsoft.com/dotnet/fundamentals/code-analysis/quality-rules/ca1829) [D:\simplesign\SimpleSign\tests\unit\SimpleSign.HtmlToPdf.Tests\SimpleSign.HtmlToPdf.Tests.csproj::TargetFramework=net8.0]
D:\simplesign\SimpleSign\tests\unit\SimpleSign.HtmlToPdf.Tests\CssParserTests.cs(65,9): error CA1829: Use a propriedade "Count" em vez de Enumerable.Count() (https://learn.microsoft.com/dotnet/fundamentals/code-analysis/quality-rules/ca1829) [D:\simplesign\SimpleSign\tests\unit\SimpleSign.HtmlToPdf.Tests\SimpleSign.HtmlToPdf.Tests.csproj::TargetFramework=net8.0]
D:\simplesign\SimpleSign\tests\unit\SimpleSign.HtmlToPdf.Tests\FontTests.cs(94,9): error CA1829: Use a propriedade "Count" em vez de Enumerable.Count() (https://learn.microsoft.com/dotnet/fundamentals/code-analysis/quality-rules/ca1829) [D:\simplesign\SimpleSign\tests\unit\SimpleSign.HtmlToPdf.Tests\SimpleSign.HtmlToPdf.Tests.csproj::TargetFramework=net8.0]
D:\simplesign\SimpleSign\tests\unit\SimpleSign.HtmlToPdf.Tests\FontTests.cs(105,9): error CA1829: Use a propriedade "Count" em vez de Enumerable.Count() (https://learn.microsoft.com/dotnet/fundamentals/code-analysis/quality-rules/ca1829) [D:\simplesign\SimpleSign\tests\unit\SimpleSign.HtmlToPdf.Tests\SimpleSign.HtmlToPdf.Tests.csproj::TargetFramework=net8.0]
D:\simplesign\SimpleSign\tests\unit\SimpleSign.HtmlToPdf.Tests\HtmlTokenizerTests.cs(31,9): error CA1829: Use a propriedade "Count" em vez de Enumerable.Count() (https://learn.microsoft.com/dotnet/fundamentals/code-analysis/quality-rules/ca1829) [D:\simplesign\SimpleSign\tests\unit\SimpleSign.HtmlToPdf.Tests\SimpleSign.HtmlToPdf.Tests.csproj::TargetFramework=net8.0]
D:\simplesign\SimpleSign\tests\unit\SimpleSign.HtmlToPdf.Tests\HtmlTokenizerTests.cs(45,9): error CA1829: Use a propriedade "Count" em vez de Enumerable.Count() (https://learn.microsoft.com/dotnet/fundamentals/code-analysis/quality-rules/ca1829) [D:\simplesign\SimpleSign\tests\unit\SimpleSign.HtmlToPdf.Tests\SimpleSign.HtmlToPdf.Tests.csproj::TargetFramework=net8.0]
D:\simplesign\SimpleSign\tests\unit\SimpleSign.HtmlToPdf.Tests\LayoutEngineTests.cs(70,9): error CA1829: Use a propriedade "Count" em vez de Enumerable.Count() (https://learn.microsoft.com/dotnet/fundamentals/code-analysis/quality-rules/ca1829) [D:\simplesign\SimpleSign\tests\unit\SimpleSign.HtmlToPdf.Tests\SimpleSign.HtmlToPdf.Tests.csproj::TargetFramework=net8.0]
D:\simplesign\SimpleSign\tests\unit\SimpleSign.HtmlToPdf.Tests\HtmlTokenizerTests.cs(105,9): error CA1829: Use a propriedade "Count" em vez de Enumerable.Count() (https://learn.microsoft.com/dotnet/fundamentals/code-analysis/quality-rules/ca1829) [D:\simplesign\SimpleSign\tests\unit\SimpleSign.HtmlToPdf.Tests\SimpleSign.HtmlToPdf.Tests.csproj::TargetFramework=net8.0]
D:\simplesign\SimpleSign\tests\unit\SimpleSign.HtmlToPdf.Tests\HtmlTokenizerTests.cs(129,9): error CA1829: Use a propriedade "Count" em vez de Enumerable.Count() (https://learn.microsoft.com/dotnet/fundamentals/code-analysis/quality-rules/ca1829) [D:\simplesign\SimpleSign\tests\unit\SimpleSign.HtmlToPdf.Tests\SimpleSign.HtmlToPdf.Tests.csproj::TargetFramework=net8.0]
D:\simplesign\SimpleSign\tests\unit\SimpleSign.HtmlToPdf.Tests\HtmlTokenizerTests.cs(131,9): error CA1829: Use a propriedade "Count" em vez de Enumerable.Count() (https://learn.microsoft.com/dotnet/fundamentals/code-analysis/quality-rules/ca1829) [D:\simplesign\SimpleSign\tests\unit\SimpleSign.HtmlToPdf.Tests\SimpleSign.HtmlToPdf.Tests.csproj::TargetFramework=net8.0]
D:\simplesign\SimpleSign\tests\unit\SimpleSign.HtmlToPdf.Tests\HtmlTokenizerTests.cs(140,9): error CA1829: Use a propriedade "Count" em vez de Enumerable.Count() (https://learn.microsoft.com/dotnet/fundamentals/code-analysis/quality-rules/ca1829) [D:\simplesign\SimpleSign\tests\unit\SimpleSign.HtmlToPdf.Tests\SimpleSign.HtmlToPdf.Tests.csproj::TargetFramework=net8.0]
D:\simplesign\SimpleSign\tests\unit\SimpleSign.HtmlToPdf.Tests\HtmlTokenizerTests.cs(149,9): error CA1829: Use a propriedade "Count" em vez de Enumerable.Count() (https://learn.microsoft.com/dotnet/fundamentals/code-analysis/quality-rules/ca1829) [D:\simplesign\SimpleSign\tests\unit\SimpleSign.HtmlToPdf.Tests\SimpleSign.HtmlToPdf.Tests.csproj::TargetFramework=net8.0]
D:\simplesign\SimpleSign\tests\unit\SimpleSign.HtmlToPdf.Tests\LayoutEngineTests.cs(115,9): error CA1829: Use a propriedade "Count" em vez de Enumerable.Count() (https://learn.microsoft.com/dotnet/fundamentals/code-analysis/quality-rules/ca1829) [D:\simplesign\SimpleSign\tests\unit\SimpleSign.HtmlToPdf.Tests\SimpleSign.HtmlToPdf.Tests.csproj::TargetFramework=net8.0]
D:\simplesign\SimpleSign\tests\unit\SimpleSign.HtmlToPdf.Tests\LayoutEngineTests.cs(148,9): error CA1829: Use a propriedade "Count" em vez de Enumerable.Count() (https://learn.microsoft.com/dotnet/fundamentals/code-analysis/quality-rules/ca1829) [D:\simplesign\SimpleSign\tests\unit\SimpleSign.HtmlToPdf.Tests\SimpleSign.HtmlToPdf.Tests.csproj::TargetFramework=net8.0]
D:\simplesign\SimpleSign\tests\unit\SimpleSign.HtmlToPdf.Tests\CssParserTests.cs(16,9): error CA1829: Use a propriedade "Count" em vez de Enumerable.Count() (https://learn.microsoft.com/dotnet/fundamentals/code-analysis/quality-rules/ca1829) [D:\simplesign\SimpleSign\tests\unit\SimpleSign.HtmlToPdf.Tests\SimpleSign.HtmlToPdf.Tests.csproj::TargetFramework=net10.0]
D:\simplesign\SimpleSign\tests\unit\SimpleSign.HtmlToPdf.Tests\CssParserTests.cs(29,9): error CA1829: Use a propriedade "Count" em vez de Enumerable.Count() (https://learn.microsoft.com/dotnet/fundamentals/code-analysis/quality-rules/ca1829) [D:\simplesign\SimpleSign\tests\unit\SimpleSign.HtmlToPdf.Tests\SimpleSign.HtmlToPdf.Tests.csproj::TargetFramework=net10.0]
D:\simplesign\SimpleSign\tests\unit\SimpleSign.HtmlToPdf.Tests\CssParserTests.cs(39,9): error CA1829: Use a propriedade "Count" em vez de Enumerable.Count() (https://learn.microsoft.com/dotnet/fundamentals/code-analysis/quality-rules/ca1829) [D:\simplesign\SimpleSign\tests\unit\SimpleSign.HtmlToPdf.Tests\SimpleSign.HtmlToPdf.Tests.csproj::TargetFramework=net10.0]
D:\simplesign\SimpleSign\tests\unit\SimpleSign.HtmlToPdf.Tests\CssParserTests.cs(48,9): error CA1829: Use a propriedade "Count" em vez de Enumerable.Count() (https://learn.microsoft.com/dotnet/fundamentals/code-analysis/quality-rules/ca1829) [D:\simplesign\SimpleSign\tests\unit\SimpleSign.HtmlToPdf.Tests\SimpleSign.HtmlToPdf.Tests.csproj::TargetFramework=net10.0]
D:\simplesign\SimpleSign\tests\unit\SimpleSign.HtmlToPdf.Tests\FontTests.cs(94,9): error CA1829: Use a propriedade "Count" em vez de Enumerable.Count() (https://learn.microsoft.com/dotnet/fundamentals/code-analysis/quality-rules/ca1829) [D:\simplesign\SimpleSign\tests\unit\SimpleSign.HtmlToPdf.Tests\SimpleSign.HtmlToPdf.Tests.csproj::TargetFramework=net10.0]
D:\simplesign\SimpleSign\tests\unit\SimpleSign.HtmlToPdf.Tests\FontTests.cs(105,9): error CA1829: Use a propriedade "Count" em vez de Enumerable.Count() (https://learn.microsoft.com/dotnet/fundamentals/code-analysis/quality-rules/ca1829) [D:\simplesign\SimpleSign\tests\unit\SimpleSign.HtmlToPdf.Tests\SimpleSign.HtmlToPdf.Tests.csproj::TargetFramework=net10.0]
D:\simplesign\SimpleSign\tests\unit\SimpleSign.HtmlToPdf.Tests\CssParserTests.cs(65,9): error CA1829: Use a propriedade "Count" em vez de Enumerable.Count() (https://learn.microsoft.com/dotnet/fundamentals/code-analysis/quality-rules/ca1829) [D:\simplesign\SimpleSign\tests\unit\SimpleSign.HtmlToPdf.Tests\SimpleSign.HtmlToPdf.Tests.csproj::TargetFramework=net10.0]
D:\simplesign\SimpleSign\tests\unit\SimpleSign.HtmlToPdf.Tests\HtmlTokenizerTests.cs(31,9): error CA1829: Use a propriedade "Count" em vez de Enumerable.Count() (https://learn.microsoft.com/dotnet/fundamentals/code-analysis/quality-rules/ca1829) [D:\simplesign\SimpleSign\tests\unit\SimpleSign.HtmlToPdf.Tests\SimpleSign.HtmlToPdf.Tests.csproj::TargetFramework=net10.0]
D:\simplesign\SimpleSign\tests\unit\SimpleSign.HtmlToPdf.Tests\HtmlTokenizerTests.cs(45,9): error CA1829: Use a propriedade "Count" em vez de Enumerable.Count() (https://learn.microsoft.com/dotnet/fundamentals/code-analysis/quality-rules/ca1829) [D:\simplesign\SimpleSign\tests\unit\SimpleSign.HtmlToPdf.Tests\SimpleSign.HtmlToPdf.Tests.csproj::TargetFramework=net10.0]
D:\simplesign\SimpleSign\tests\unit\SimpleSign.HtmlToPdf.Tests\HtmlTokenizerTests.cs(105,9): error CA1829: Use a propriedade "Count" em vez de Enumerable.Count() (https://learn.microsoft.com/dotnet/fundamentals/code-analysis/quality-rules/ca1829) [D:\simplesign\SimpleSign\tests\unit\SimpleSign.HtmlToPdf.Tests\SimpleSign.HtmlToPdf.Tests.csproj::TargetFramework=net10.0]
D:\simplesign\SimpleSign\tests\unit\SimpleSign.HtmlToPdf.Tests\LayoutEngineTests.cs(70,9): error CA1829: Use a propriedade "Count" em vez de Enumerable.Count() (https://learn.microsoft.com/dotnet/fundamentals/code-analysis/quality-rules/ca1829) [D:\simplesign\SimpleSign\tests\unit\SimpleSign.HtmlToPdf.Tests\SimpleSign.HtmlToPdf.Tests.csproj::TargetFramework=net10.0]
D:\simplesign\SimpleSign\tests\unit\SimpleSign.HtmlToPdf.Tests\HtmlTokenizerTests.cs(129,9): error CA1829: Use a propriedade "Count" em vez de Enumerable.Count() (https://learn.microsoft.com/dotnet/fundamentals/code-analysis/quality-rules/ca1829) [D:\simplesign\SimpleSign\tests\unit\SimpleSign.HtmlToPdf.Tests\SimpleSign.HtmlToPdf.Tests.csproj::TargetFramework=net10.0]
D:\simplesign\SimpleSign\tests\unit\SimpleSign.HtmlToPdf.Tests\HtmlTokenizerTests.cs(131,9): error CA1829: Use a propriedade "Count" em vez de Enumerable.Count() (https://learn.microsoft.com/dotnet/fundamentals/code-analysis/quality-rules/ca1829) [D:\simplesign\SimpleSign\tests\unit\SimpleSign.HtmlToPdf.Tests\SimpleSign.HtmlToPdf.Tests.csproj::TargetFramework=net10.0]
D:\simplesign\SimpleSign\tests\unit\SimpleSign.HtmlToPdf.Tests\HtmlTokenizerTests.cs(140,9): error CA1829: Use a propriedade "Count" em vez de Enumerable.Count() (https://learn.microsoft.com/dotnet/fundamentals/code-analysis/quality-rules/ca1829) [D:\simplesign\SimpleSign\tests\unit\SimpleSign.HtmlToPdf.Tests\SimpleSign.HtmlToPdf.Tests.csproj::TargetFramework=net10.0]
D:\simplesign\SimpleSign\tests\unit\SimpleSign.HtmlToPdf.Tests\HtmlTokenizerTests.cs(149,9): error CA1829: Use a propriedade "Count" em vez de Enumerable.Count() (https://learn.microsoft.com/dotnet/fundamentals/code-analysis/quality-rules/ca1829) [D:\simplesign\SimpleSign\tests\unit\SimpleSign.HtmlToPdf.Tests\SimpleSign.HtmlToPdf.Tests.csproj::TargetFramework=net10.0]
D:\simplesign\SimpleSign\tests\unit\SimpleSign.HtmlToPdf.Tests\LayoutEngineTests.cs(115,9): error CA1829: Use a propriedade "Count" em vez de Enumerable.Count() (https://learn.microsoft.com/dotnet/fundamentals/code-analysis/quality-rules/ca1829) [D:\simplesign\SimpleSign\tests\unit\SimpleSign.HtmlToPdf.Tests\SimpleSign.HtmlToPdf.Tests.csproj::TargetFramework=net10.0]
D:\simplesign\SimpleSign\tests\unit\SimpleSign.HtmlToPdf.Tests\LayoutEngineTests.cs(148,9): error CA1829: Use a propriedade "Count" em vez de Enumerable.Count() (https://learn.microsoft.com/dotnet/fundamentals/code-analysis/quality-rules/ca1829) [D:\simplesign\SimpleSign\tests\unit\SimpleSign.HtmlToPdf.Tests\SimpleSign.HtmlToPdf.Tests.csproj::TargetFramework=net10.0]
D:\simplesign\SimpleSign\tests\unit\SimpleSign.Core.Tests\Crypto\CertificateStoreTests.cs(29,13): error CA1829: Use a propriedade "Count" em vez de Enumerable.Count() (https://learn.microsoft.com/dotnet/fundamentals/code-analysis/quality-rules/ca1829) [D:\simplesign\SimpleSign\tests\unit\SimpleSign.Core.Tests\SimpleSign.Core.Tests.csproj::TargetFramework=net8.0]
D:\simplesign\SimpleSign\tests\unit\SimpleSign.Core.Tests\Crypto\CertificateStoreTests.cs(69,13): error CA1829: Use a propriedade "Count" em vez de Enumerable.Count() (https://learn.microsoft.com/dotnet/fundamentals/code-analysis/quality-rules/ca1829) [D:\simplesign\SimpleSign\tests\unit\SimpleSign.Core.Tests\SimpleSign.Core.Tests.csproj::TargetFramework=net8.0]
D:\simplesign\SimpleSign\tests\unit\SimpleSign.Core.Tests\Crypto\TsaPoolTests.cs(36,9): error CA1829: Use a propriedade "Count" em vez de Enumerable.Count() (https://learn.microsoft.com/dotnet/fundamentals/code-analysis/quality-rules/ca1829) [D:\simplesign\SimpleSign\tests\unit\SimpleSign.Core.Tests\SimpleSign.Core.Tests.csproj::TargetFramework=net8.0]
D:\simplesign\SimpleSign\tests\unit\SimpleSign.Core.Tests\Crypto\CertificateStoreTests.cs(102,13): error CA1829: Use a propriedade "Count" em vez de Enumerable.Count() (https://learn.microsoft.com/dotnet/fundamentals/code-analysis/quality-rules/ca1829) [D:\simplesign\SimpleSign\tests\unit\SimpleSign.Core.Tests\SimpleSign.Core.Tests.csproj::TargetFramework=net8.0]
D:\simplesign\SimpleSign\tests\unit\SimpleSign.Core.Tests\Crypto\CertificateStoreTests.cs(103,13): error CA1829: Use a propriedade "Count" em vez de Enumerable.Count() (https://learn.microsoft.com/dotnet/fundamentals/code-analysis/quality-rules/ca1829) [D:\simplesign\SimpleSign\tests\unit\SimpleSign.Core.Tests\SimpleSign.Core.Tests.csproj::TargetFramework=net8.0]
D:\simplesign\SimpleSign\tests\unit\SimpleSign.Core.Tests\Crypto\CertificateStoreTests.cs(104,13): error CA1829: Use a propriedade "Count" em vez de Enumerable.Count() (https://learn.microsoft.com/dotnet/fundamentals/code-analysis/quality-rules/ca1829) [D:\simplesign\SimpleSign\tests\unit\SimpleSign.Core.Tests\SimpleSign.Core.Tests.csproj::TargetFramework=net8.0]
D:\simplesign\SimpleSign\tests\unit\SimpleSign.Core.Tests\Crypto\CertificateStoreTests.cs(144,13): error CA1829: Use a propriedade "Count" em vez de Enumerable.Count() (https://learn.microsoft.com/dotnet/fundamentals/code-analysis/quality-rules/ca1829) [D:\simplesign\SimpleSign\tests\unit\SimpleSign.Core.Tests\SimpleSign.Core.Tests.csproj::TargetFramework=net8.0]
D:\simplesign\SimpleSign\tests\unit\SimpleSign.Core.Tests\Extensions\ExtensionPointContractTests.cs(185,9): error CA1829: Use a propriedade "Count" em vez de Enumerable.Count() (https://learn.microsoft.com/dotnet/fundamentals/code-analysis/quality-rules/ca1829) [D:\simplesign\SimpleSign\tests\unit\SimpleSign.Core.Tests\SimpleSign.Core.Tests.csproj::TargetFramework=net8.0]
D:\simplesign\SimpleSign\tests\unit\SimpleSign.Core.Tests\Extensions\ExtensionPointContractTests.cs(186,9): error CA1829: Use a propriedade "Count" em vez de Enumerable.Count() (https://learn.microsoft.com/dotnet/fundamentals/code-analysis/quality-rules/ca1829) [D:\simplesign\SimpleSign\tests\unit\SimpleSign.Core.Tests\SimpleSign.Core.Tests.csproj::TargetFramework=net8.0]
D:\simplesign\SimpleSign\tests\unit\SimpleSign.Core.Tests\Crypto\FileCertificateStoreDirectoryTests.cs(49,9): error CA1829: Use a propriedade "Count" em vez de Enumerable.Count() (https://learn.microsoft.com/dotnet/fundamentals/code-analysis/quality-rules/ca1829) [D:\simplesign\SimpleSign\tests\unit\SimpleSign.Core.Tests\SimpleSign.Core.Tests.csproj::TargetFramework=net8.0]
D:\simplesign\SimpleSign\tests\unit\SimpleSign.Core.Tests\Crypto\FileCertificateStoreDirectoryTests.cs(60,9): error CA1829: Use a propriedade "Count" em vez de Enumerable.Count() (https://learn.microsoft.com/dotnet/fundamentals/code-analysis/quality-rules/ca1829) [D:\simplesign\SimpleSign\tests\unit\SimpleSign.Core.Tests\SimpleSign.Core.Tests.csproj::TargetFramework=net8.0]
D:\simplesign\SimpleSign\tests\unit\SimpleSign.Core.Tests\Inspection\SignatureGlossaryTests.cs(13,9): error CA1829: Use a propriedade "Count" em vez de Enumerable.Count() (https://learn.microsoft.com/dotnet/fundamentals/code-analysis/quality-rules/ca1829) [D:\simplesign\SimpleSign\tests\unit\SimpleSign.Core.Tests\SimpleSign.Core.Tests.csproj::TargetFramework=net8.0]
D:\simplesign\SimpleSign\tests\unit\SimpleSign.Core.Tests\Crypto\FileCertificateStoreDirectoryTests.cs(80,9): error CA1829: Use a propriedade "Count" em vez de Enumerable.Count() (https://learn.microsoft.com/dotnet/fundamentals/code-analysis/quality-rules/ca1829) [D:\simplesign\SimpleSign\tests\unit\SimpleSign.Core.Tests\SimpleSign.Core.Tests.csproj::TargetFramework=net8.0]
D:\simplesign\SimpleSign\tests\unit\SimpleSign.Core.Tests\Validation\CertificateChainUtilityTests.cs(71,9): error CA1829: Use a propriedade "Count" em vez de Enumerable.Count() (https://learn.microsoft.com/dotnet/fundamentals/code-analysis/quality-rules/ca1829) [D:\simplesign\SimpleSign\tests\unit\SimpleSign.Core.Tests\SimpleSign.Core.Tests.csproj::TargetFramework=net8.0]
D:\simplesign\SimpleSign\tests\unit\SimpleSign.Core.Tests\Crypto\FileCertificateStoreDirectoryTests.cs(92,9): error CA1829: Use a propriedade "Count" em vez de Enumerable.Count() (https://learn.microsoft.com/dotnet/fundamentals/code-analysis/quality-rules/ca1829) [D:\simplesign\SimpleSign\tests\unit\SimpleSign.Core.Tests\SimpleSign.Core.Tests.csproj::TargetFramework=net8.0]
D:\simplesign\SimpleSign\tests\unit\SimpleSign.Core.Tests\Inspection\SignatureGlossaryTests.cs(21,48): error CA1829: Use a propriedade "Count" em vez de Enumerable.Count() (https://learn.microsoft.com/dotnet/fundamentals/code-analysis/quality-rules/ca1829) [D:\simplesign\SimpleSign\tests\unit\SimpleSign.Core.Tests\SimpleSign.Core.Tests.csproj::TargetFramework=net8.0]
D:\simplesign\SimpleSign\tests\unit\SimpleSign.Core.Tests\Crypto\FileCertificateStoreDirectoryTests.cs(134,9): error CA1829: Use a propriedade "Count" em vez de Enumerable.Count() (https://learn.microsoft.com/dotnet/fundamentals/code-analysis/quality-rules/ca1829) [D:\simplesign\SimpleSign\tests\unit\SimpleSign.Core.Tests\SimpleSign.Core.Tests.csproj::TargetFramework=net8.0]
D:\simplesign\SimpleSign\tests\unit\SimpleSign.Core.Tests\Compliance\Rfc5652CmsComplianceTests.cs(282,9): error CA1829: Use a propriedade "Length" em vez de Enumerable.Count() (https://learn.microsoft.com/dotnet/fundamentals/code-analysis/quality-rules/ca1829) [D:\simplesign\SimpleSign\tests\unit\SimpleSign.Core.Tests\SimpleSign.Core.Tests.csproj::TargetFramework=net8.0]
D:\simplesign\SimpleSign\tests\unit\SimpleSign.Core.Tests\Compliance\Rfc5652CmsComplianceTests.cs(283,9): error CA1829: Use a propriedade "Length" em vez de Enumerable.Count() (https://learn.microsoft.com/dotnet/fundamentals/code-analysis/quality-rules/ca1829) [D:\simplesign\SimpleSign\tests\unit\SimpleSign.Core.Tests\SimpleSign.Core.Tests.csproj::TargetFramework=net8.0]
D:\simplesign\SimpleSign\tests\unit\SimpleSign.Pdf.Tests\PdfStructureReaderXrefTests.cs(26,9): error CA1829: Use a propriedade "Count" em vez de Enumerable.Count() (https://learn.microsoft.com/dotnet/fundamentals/code-analysis/quality-rules/ca1829) [D:\simplesign\SimpleSign\tests\unit\SimpleSign.Pdf.Tests\SimpleSign.Pdf.Tests.csproj::TargetFramework=net8.0]
D:\simplesign\SimpleSign\tests\unit\SimpleSign.Pdf.Tests\PdfStructureReaderXrefTests.cs(39,9): error CA1829: Use a propriedade "Count" em vez de Enumerable.Count() (https://learn.microsoft.com/dotnet/fundamentals/code-analysis/quality-rules/ca1829) [D:\simplesign\SimpleSign\tests\unit\SimpleSign.Pdf.Tests\SimpleSign.Pdf.Tests.csproj::TargetFramework=net8.0]
D:\simplesign\SimpleSign\tests\unit\SimpleSign.Pdf.Tests\Iso32000ComplianceTests.cs(42,9): error CA1829: Use a propriedade "Length" em vez de Enumerable.Count() (https://learn.microsoft.com/dotnet/fundamentals/code-analysis/quality-rules/ca1829) [D:\simplesign\SimpleSign\tests\unit\SimpleSign.Pdf.Tests\SimpleSign.Pdf.Tests.csproj::TargetFramework=net8.0]
D:\simplesign\SimpleSign\tests\unit\SimpleSign.Pdf.Tests\Iso32000ComplianceTests.cs(50,9): error CA1829: Use a propriedade "Length" em vez de Enumerable.Count() (https://learn.microsoft.com/dotnet/fundamentals/code-analysis/quality-rules/ca1829) [D:\simplesign\SimpleSign\tests\unit\SimpleSign.Pdf.Tests\SimpleSign.Pdf.Tests.csproj::TargetFramework=net8.0]
D:\simplesign\SimpleSign\tests\unit\SimpleSign.Pdf.Tests\PdfStructureReaderXrefTests.cs(54,9): error CA1829: Use a propriedade "Count" em vez de Enumerable.Count() (https://learn.microsoft.com/dotnet/fundamentals/code-analysis/quality-rules/ca1829) [D:\simplesign\SimpleSign\tests\unit\SimpleSign.Pdf.Tests\SimpleSign.Pdf.Tests.csproj::TargetFramework=net8.0]
D:\simplesign\SimpleSign\tests\unit\SimpleSign.Pdf.Tests\PdfStructureReaderXrefTests.cs(74,9): error CA1829: Use a propriedade "Count" em vez de Enumerable.Count() (https://learn.microsoft.com/dotnet/fundamentals/code-analysis/quality-rules/ca1829) [D:\simplesign\SimpleSign\tests\unit\SimpleSign.Pdf.Tests\SimpleSign.Pdf.Tests.csproj::TargetFramework=net8.0]
D:\simplesign\SimpleSign\tests\unit\SimpleSign.Pdf.Tests\PdfStructureParserTests.cs(74,9): error CA1829: Use a propriedade "Count" em vez de Enumerable.Count() (https://learn.microsoft.com/dotnet/fundamentals/code-analysis/quality-rules/ca1829) [D:\simplesign\SimpleSign\tests\unit\SimpleSign.Pdf.Tests\SimpleSign.Pdf.Tests.csproj::TargetFramework=net8.0]
D:\simplesign\SimpleSign\tests\unit\SimpleSign.Pdf.Tests\PdfStructureReaderTests.cs(151,9): error CA1829: Use a propriedade "Count" em vez de Enumerable.Count() (https://learn.microsoft.com/dotnet/fundamentals/code-analysis/quality-rules/ca1829) [D:\simplesign\SimpleSign\tests\unit\SimpleSign.Pdf.Tests\SimpleSign.Pdf.Tests.csproj::TargetFramework=net8.0]
D:\simplesign\SimpleSign\tests\unit\SimpleSign.Pdf.Tests\PdfStructureReaderTests.cs(200,9): error CA1829: Use a propriedade "Length" em vez de Enumerable.Count() (https://learn.microsoft.com/dotnet/fundamentals/code-analysis/quality-rules/ca1829) [D:\simplesign\SimpleSign\tests\unit\SimpleSign.Pdf.Tests\SimpleSign.Pdf.Tests.csproj::TargetFramework=net8.0]
D:\simplesign\SimpleSign\tests\unit\SimpleSign.Pdf.Tests\Iso32000ComplianceTests.cs(312,9): error CA1829: Use a propriedade "Count" em vez de Enumerable.Count() (https://learn.microsoft.com/dotnet/fundamentals/code-analysis/quality-rules/ca1829) [D:\simplesign\SimpleSign\tests\unit\SimpleSign.Pdf.Tests\SimpleSign.Pdf.Tests.csproj::TargetFramework=net8.0]
D:\simplesign\SimpleSign\tests\unit\SimpleSign.Pdf.Tests\PdfStructureReaderTests.cs(260,9): error CA1829: Use a propriedade "Count" em vez de Enumerable.Count() (https://learn.microsoft.com/dotnet/fundamentals/code-analysis/quality-rules/ca1829) [D:\simplesign\SimpleSign\tests\unit\SimpleSign.Pdf.Tests\SimpleSign.Pdf.Tests.csproj::TargetFramework=net8.0]
D:\simplesign\SimpleSign\tests\unit\SimpleSign.Pdf.Tests\PdfStructureParserTests.cs(241,9): error CA1829: Use a propriedade "Count" em vez de Enumerable.Count() (https://learn.microsoft.com/dotnet/fundamentals/code-analysis/quality-rules/ca1829) [D:\simplesign\SimpleSign\tests\unit\SimpleSign.Pdf.Tests\SimpleSign.Pdf.Tests.csproj::TargetFramework=net8.0]
D:\simplesign\SimpleSign\tests\unit\SimpleSign.Pdf.Tests\PdfStructureReaderTests.cs(273,9): error CA1829: Use a propriedade "Count" em vez de Enumerable.Count() (https://learn.microsoft.com/dotnet/fundamentals/code-analysis/quality-rules/ca1829) [D:\simplesign\SimpleSign\tests\unit\SimpleSign.Pdf.Tests\SimpleSign.Pdf.Tests.csproj::TargetFramework=net8.0]
D:\simplesign\SimpleSign\tests\unit\SimpleSign.Pdf.Tests\Iso32000ComplianceTests.cs(406,9): error CA1829: Use a propriedade "Count" em vez de Enumerable.Count() (https://learn.microsoft.com/dotnet/fundamentals/code-analysis/quality-rules/ca1829) [D:\simplesign\SimpleSign\tests\unit\SimpleSign.Pdf.Tests\SimpleSign.Pdf.Tests.csproj::TargetFramework=net8.0]
D:\simplesign\SimpleSign\tests\unit\SimpleSign.Pdf.Tests\Iso32000ComplianceTests.cs(393,9): error CA1829: Use a propriedade "Count" em vez de Enumerable.Count() (https://learn.microsoft.com/dotnet/fundamentals/code-analysis/quality-rules/ca1829) [D:\simplesign\SimpleSign\tests\unit\SimpleSign.Pdf.Tests\SimpleSign.Pdf.Tests.csproj::TargetFramework=net8.0]
D:\simplesign\SimpleSign\tests\unit\SimpleSign.Core.Tests\Validation\CertificateChainUtilityTests.cs(71,9): error CA1829: Use a propriedade "Count" em vez de Enumerable.Count() (https://learn.microsoft.com/dotnet/fundamentals/code-analysis/quality-rules/ca1829) [D:\simplesign\SimpleSign\tests\unit\SimpleSign.Core.Tests\SimpleSign.Core.Tests.csproj::TargetFramework=net10.0]
D:\simplesign\SimpleSign\tests\unit\SimpleSign.Core.Tests\Crypto\TsaPoolTests.cs(36,9): error CA1829: Use a propriedade "Count" em vez de Enumerable.Count() (https://learn.microsoft.com/dotnet/fundamentals/code-analysis/quality-rules/ca1829) [D:\simplesign\SimpleSign\tests\unit\SimpleSign.Core.Tests\SimpleSign.Core.Tests.csproj::TargetFramework=net10.0]
D:\simplesign\SimpleSign\tests\unit\SimpleSign.Core.Tests\Compliance\Rfc5652CmsComplianceTests.cs(282,9): error CA1829: Use a propriedade "Length" em vez de Enumerable.Count() (https://learn.microsoft.com/dotnet/fundamentals/code-analysis/quality-rules/ca1829) [D:\simplesign\SimpleSign\tests\unit\SimpleSign.Core.Tests\SimpleSign.Core.Tests.csproj::TargetFramework=net10.0]
D:\simplesign\SimpleSign\tests\unit\SimpleSign.Core.Tests\Compliance\Rfc5652CmsComplianceTests.cs(283,9): error CA1829: Use a propriedade "Length" em vez de Enumerable.Count() (https://learn.microsoft.com/dotnet/fundamentals/code-analysis/quality-rules/ca1829) [D:\simplesign\SimpleSign\tests\unit\SimpleSign.Core.Tests\SimpleSign.Core.Tests.csproj::TargetFramework=net10.0]
D:\simplesign\SimpleSign\tests\unit\SimpleSign.Core.Tests\Extensions\ExtensionPointContractTests.cs(185,9): error CA1829: Use a propriedade "Count" em vez de Enumerable.Count() (https://learn.microsoft.com/dotnet/fundamentals/code-analysis/quality-rules/ca1829) [D:\simplesign\SimpleSign\tests\unit\SimpleSign.Core.Tests\SimpleSign.Core.Tests.csproj::TargetFramework=net10.0]
D:\simplesign\SimpleSign\tests\unit\SimpleSign.Core.Tests\Extensions\ExtensionPointContractTests.cs(186,9): error CA1829: Use a propriedade "Count" em vez de Enumerable.Count() (https://learn.microsoft.com/dotnet/fundamentals/code-analysis/quality-rules/ca1829) [D:\simplesign\SimpleSign\tests\unit\SimpleSign.Core.Tests\SimpleSign.Core.Tests.csproj::TargetFramework=net10.0]
D:\simplesign\SimpleSign\tests\unit\SimpleSign.Core.Tests\Inspection\SignatureGlossaryTests.cs(21,48): error CA1829: Use a propriedade "Count" em vez de Enumerable.Count() (https://learn.microsoft.com/dotnet/fundamentals/code-analysis/quality-rules/ca1829) [D:\simplesign\SimpleSign\tests\unit\SimpleSign.Core.Tests\SimpleSign.Core.Tests.csproj::TargetFramework=net10.0]
D:\simplesign\SimpleSign\tests\unit\SimpleSign.Core.Tests\Inspection\SignatureGlossaryTests.cs(13,9): error CA1829: Use a propriedade "Count" em vez de Enumerable.Count() (https://learn.microsoft.com/dotnet/fundamentals/code-analysis/quality-rules/ca1829) [D:\simplesign\SimpleSign\tests\unit\SimpleSign.Core.Tests\SimpleSign.Core.Tests.csproj::TargetFramework=net10.0]
D:\simplesign\SimpleSign\tests\unit\SimpleSign.Core.Tests\Crypto\CertificateStoreTests.cs(29,13): error CA1829: Use a propriedade "Count" em vez de Enumerable.Count() (https://learn.microsoft.com/dotnet/fundamentals/code-analysis/quality-rules/ca1829) [D:\simplesign\SimpleSign\tests\unit\SimpleSign.Core.Tests\SimpleSign.Core.Tests.csproj::TargetFramework=net10.0]
D:\simplesign\SimpleSign\tests\unit\SimpleSign.Core.Tests\Crypto\CertificateStoreTests.cs(69,13): error CA1829: Use a propriedade "Count" em vez de Enumerable.Count() (https://learn.microsoft.com/dotnet/fundamentals/code-analysis/quality-rules/ca1829) [D:\simplesign\SimpleSign\tests\unit\SimpleSign.Core.Tests\SimpleSign.Core.Tests.csproj::TargetFramework=net10.0]
D:\simplesign\SimpleSign\tests\unit\SimpleSign.Core.Tests\Crypto\FileCertificateStoreDirectoryTests.cs(60,9): error CA1829: Use a propriedade "Count" em vez de Enumerable.Count() (https://learn.microsoft.com/dotnet/fundamentals/code-analysis/quality-rules/ca1829) [D:\simplesign\SimpleSign\tests\unit\SimpleSign.Core.Tests\SimpleSign.Core.Tests.csproj::TargetFramework=net10.0]
D:\simplesign\SimpleSign\tests\unit\SimpleSign.Core.Tests\Crypto\FileCertificateStoreDirectoryTests.cs(80,9): error CA1829: Use a propriedade "Count" em vez de Enumerable.Count() (https://learn.microsoft.com/dotnet/fundamentals/code-analysis/quality-rules/ca1829) [D:\simplesign\SimpleSign\tests\unit\SimpleSign.Core.Tests\SimpleSign.Core.Tests.csproj::TargetFramework=net10.0]
D:\simplesign\SimpleSign\tests\unit\SimpleSign.Core.Tests\Crypto\FileCertificateStoreDirectoryTests.cs(49,9): error CA1829: Use a propriedade "Count" em vez de Enumerable.Count() (https://learn.microsoft.com/dotnet/fundamentals/code-analysis/quality-rules/ca1829) [D:\simplesign\SimpleSign\tests\unit\SimpleSign.Core.Tests\SimpleSign.Core.Tests.csproj::TargetFramework=net10.0]
D:\simplesign\SimpleSign\tests\unit\SimpleSign.Core.Tests\Crypto\FileCertificateStoreDirectoryTests.cs(92,9): error CA1829: Use a propriedade "Count" em vez de Enumerable.Count() (https://learn.microsoft.com/dotnet/fundamentals/code-analysis/quality-rules/ca1829) [D:\simplesign\SimpleSign\tests\unit\SimpleSign.Core.Tests\SimpleSign.Core.Tests.csproj::TargetFramework=net10.0]
D:\simplesign\SimpleSign\tests\unit\SimpleSign.Core.Tests\Crypto\FileCertificateStoreDirectoryTests.cs(134,9): error CA1829: Use a propriedade "Count" em vez de Enumerable.Count() (https://learn.microsoft.com/dotnet/fundamentals/code-analysis/quality-rules/ca1829) [D:\simplesign\SimpleSign\tests\unit\SimpleSign.Core.Tests\SimpleSign.Core.Tests.csproj::TargetFramework=net10.0]
D:\simplesign\SimpleSign\tests\unit\SimpleSign.Core.Tests\Crypto\CertificateStoreTests.cs(102,13): error CA1829: Use a propriedade "Count" em vez de Enumerable.Count() (https://learn.microsoft.com/dotnet/fundamentals/code-analysis/quality-rules/ca1829) [D:\simplesign\SimpleSign\tests\unit\SimpleSign.Core.Tests\SimpleSign.Core.Tests.csproj::TargetFramework=net10.0]
D:\simplesign\SimpleSign\tests\unit\SimpleSign.Core.Tests\Crypto\CertificateStoreTests.cs(103,13): error CA1829: Use a propriedade "Count" em vez de Enumerable.Count() (https://learn.microsoft.com/dotnet/fundamentals/code-analysis/quality-rules/ca1829) [D:\simplesign\SimpleSign\tests\unit\SimpleSign.Core.Tests\SimpleSign.Core.Tests.csproj::TargetFramework=net10.0]
D:\simplesign\SimpleSign\tests\unit\SimpleSign.Core.Tests\Crypto\CertificateStoreTests.cs(104,13): error CA1829: Use a propriedade "Count" em vez de Enumerable.Count() (https://learn.microsoft.com/dotnet/fundamentals/code-analysis/quality-rules/ca1829) [D:\simplesign\SimpleSign\tests\unit\SimpleSign.Core.Tests\SimpleSign.Core.Tests.csproj::TargetFramework=net10.0]
D:\simplesign\SimpleSign\tests\unit\SimpleSign.Core.Tests\Crypto\CertificateStoreTests.cs(144,13): error CA1829: Use a propriedade "Count" em vez de Enumerable.Count() (https://learn.microsoft.com/dotnet/fundamentals/code-analysis/quality-rules/ca1829) [D:\simplesign\SimpleSign\tests\unit\SimpleSign.Core.Tests\SimpleSign.Core.Tests.csproj::TargetFramework=net10.0]
D:\simplesign\SimpleSign\tests\unit\SimpleSign.Pdf.Tests\PdfStructureReaderXrefTests.cs(26,9): error CA1829: Use a propriedade "Count" em vez de Enumerable.Count() (https://learn.microsoft.com/dotnet/fundamentals/code-analysis/quality-rules/ca1829) [D:\simplesign\SimpleSign\tests\unit\SimpleSign.Pdf.Tests\SimpleSign.Pdf.Tests.csproj::TargetFramework=net10.0]
D:\simplesign\SimpleSign\tests\unit\SimpleSign.Pdf.Tests\Iso32000ComplianceTests.cs(42,9): error CA1829: Use a propriedade "Length" em vez de Enumerable.Count() (https://learn.microsoft.com/dotnet/fundamentals/code-analysis/quality-rules/ca1829) [D:\simplesign\SimpleSign\tests\unit\SimpleSign.Pdf.Tests\SimpleSign.Pdf.Tests.csproj::TargetFramework=net10.0]
D:\simplesign\SimpleSign\tests\unit\SimpleSign.Pdf.Tests\Iso32000ComplianceTests.cs(50,9): error CA1829: Use a propriedade "Length" em vez de Enumerable.Count() (https://learn.microsoft.com/dotnet/fundamentals/code-analysis/quality-rules/ca1829) [D:\simplesign\SimpleSign\tests\unit\SimpleSign.Pdf.Tests\SimpleSign.Pdf.Tests.csproj::TargetFramework=net10.0]
D:\simplesign\SimpleSign\tests\unit\SimpleSign.Pdf.Tests\PdfStructureReaderXrefTests.cs(54,9): error CA1829: Use a propriedade "Count" em vez de Enumerable.Count() (https://learn.microsoft.com/dotnet/fundamentals/code-analysis/quality-rules/ca1829) [D:\simplesign\SimpleSign\tests\unit\SimpleSign.Pdf.Tests\SimpleSign.Pdf.Tests.csproj::TargetFramework=net10.0]
D:\simplesign\SimpleSign\tests\unit\SimpleSign.Pdf.Tests\PdfStructureReaderXrefTests.cs(39,9): error CA1829: Use a propriedade "Count" em vez de Enumerable.Count() (https://learn.microsoft.com/dotnet/fundamentals/code-analysis/quality-rules/ca1829) [D:\simplesign\SimpleSign\tests\unit\SimpleSign.Pdf.Tests\SimpleSign.Pdf.Tests.csproj::TargetFramework=net10.0]
D:\simplesign\SimpleSign\tests\unit\SimpleSign.Pdf.Tests\PdfStructureReaderXrefTests.cs(74,9): error CA1829: Use a propriedade "Count" em vez de Enumerable.Count() (https://learn.microsoft.com/dotnet/fundamentals/code-analysis/quality-rules/ca1829) [D:\simplesign\SimpleSign\tests\unit\SimpleSign.Pdf.Tests\SimpleSign.Pdf.Tests.csproj::TargetFramework=net10.0]
D:\simplesign\SimpleSign\tests\unit\SimpleSign.Pdf.Tests\PdfStructureReaderTests.cs(151,9): error CA1829: Use a propriedade "Count" em vez de Enumerable.Count() (https://learn.microsoft.com/dotnet/fundamentals/code-analysis/quality-rules/ca1829) [D:\simplesign\SimpleSign\tests\unit\SimpleSign.Pdf.Tests\SimpleSign.Pdf.Tests.csproj::TargetFramework=net10.0]
D:\simplesign\SimpleSign\tests\unit\SimpleSign.Pdf.Tests\PdfStructureParserTests.cs(74,9): error CA1829: Use a propriedade "Count" em vez de Enumerable.Count() (https://learn.microsoft.com/dotnet/fundamentals/code-analysis/quality-rules/ca1829) [D:\simplesign\SimpleSign\tests\unit\SimpleSign.Pdf.Tests\SimpleSign.Pdf.Tests.csproj::TargetFramework=net10.0]
D:\simplesign\SimpleSign\tests\unit\SimpleSign.Pdf.Tests\PdfStructureReaderTests.cs(200,9): error CA1829: Use a propriedade "Length" em vez de Enumerable.Count() (https://learn.microsoft.com/dotnet/fundamentals/code-analysis/quality-rules/ca1829) [D:\simplesign\SimpleSign\tests\unit\SimpleSign.Pdf.Tests\SimpleSign.Pdf.Tests.csproj::TargetFramework=net10.0]
D:\simplesign\SimpleSign\tests\unit\SimpleSign.Pdf.Tests\PdfStructureReaderTests.cs(260,9): error CA1829: Use a propriedade "Count" em vez de Enumerable.Count() (https://learn.microsoft.com/dotnet/fundamentals/code-analysis/quality-rules/ca1829) [D:\simplesign\SimpleSign\tests\unit\SimpleSign.Pdf.Tests\SimpleSign.Pdf.Tests.csproj::TargetFramework=net10.0]
D:\simplesign\SimpleSign\tests\unit\SimpleSign.Pdf.Tests\PdfStructureReaderTests.cs(273,9): error CA1829: Use a propriedade "Count" em vez de Enumerable.Count() (https://learn.microsoft.com/dotnet/fundamentals/code-analysis/quality-rules/ca1829) [D:\simplesign\SimpleSign\tests\unit\SimpleSign.Pdf.Tests\SimpleSign.Pdf.Tests.csproj::TargetFramework=net10.0]
D:\simplesign\SimpleSign\tests\unit\SimpleSign.Pdf.Tests\Iso32000ComplianceTests.cs(312,9): error CA1829: Use a propriedade "Count" em vez de Enumerable.Count() (https://learn.microsoft.com/dotnet/fundamentals/code-analysis/quality-rules/ca1829) [D:\simplesign\SimpleSign\tests\unit\SimpleSign.Pdf.Tests\SimpleSign.Pdf.Tests.csproj::TargetFramework=net10.0]
D:\simplesign\SimpleSign\tests\unit\SimpleSign.Pdf.Tests\PdfStructureParserTests.cs(241,9): error CA1829: Use a propriedade "Count" em vez de Enumerable.Count() (https://learn.microsoft.com/dotnet/fundamentals/code-analysis/quality-rules/ca1829) [D:\simplesign\SimpleSign\tests\unit\SimpleSign.Pdf.Tests\SimpleSign.Pdf.Tests.csproj::TargetFramework=net10.0]
D:\simplesign\SimpleSign\tests\unit\SimpleSign.Pdf.Tests\Iso32000ComplianceTests.cs(393,9): error CA1829: Use a propriedade "Count" em vez de Enumerable.Count() (https://learn.microsoft.com/dotnet/fundamentals/code-analysis/quality-rules/ca1829) [D:\simplesign\SimpleSign\tests\unit\SimpleSign.Pdf.Tests\SimpleSign.Pdf.Tests.csproj::TargetFramework=net10.0]
D:\simplesign\SimpleSign\tests\unit\SimpleSign.Pdf.Tests\Iso32000ComplianceTests.cs(406,9): error CA1829: Use a propriedade "Count" em vez de Enumerable.Count() (https://learn.microsoft.com/dotnet/fundamentals/code-analysis/quality-rules/ca1829) [D:\simplesign\SimpleSign\tests\unit\SimpleSign.Pdf.Tests\SimpleSign.Pdf.Tests.csproj::TargetFramework=net10.0]
D:\simplesign\SimpleSign\tests\interop\SimpleSign.Interop.Tests\EtsiCorpusTests.cs(150,35): error IDE0055: Corrigir a formata├º├úo (https://learn.microsoft.com/dotnet/fundamentals/code-analysis/style-rules/ide0055) [D:\simplesign\SimpleSign\tests\interop\SimpleSign.Interop.Tests\SimpleSign.Interop.Tests.csproj::TargetFramework=net8.0]
D:\simplesign\SimpleSign\tests\interop\SimpleSign.Interop.Tests\BrasilInteropTests.cs(48,9): error CA1829: Use a propriedade "Count" em vez de Enumerable.Count() (https://learn.microsoft.com/dotnet/fundamentals/code-analysis/quality-rules/ca1829) [D:\simplesign\SimpleSign\tests\interop\SimpleSign.Interop.Tests\SimpleSign.Interop.Tests.csproj::TargetFramework=net8.0]
D:\simplesign\SimpleSign\tests\interop\SimpleSign.Interop.Tests\EtsiCorpusTests.cs(72,9): error CA1829: Use a propriedade "Count" em vez de Enumerable.Count() (https://learn.microsoft.com/dotnet/fundamentals/code-analysis/quality-rules/ca1829) [D:\simplesign\SimpleSign\tests\interop\SimpleSign.Interop.Tests\SimpleSign.Interop.Tests.csproj::TargetFramework=net8.0]
D:\simplesign\SimpleSign\tests\interop\SimpleSign.Interop.Tests\ExpandedInteropTests.cs(43,9): error CA1829: Use a propriedade "Count" em vez de Enumerable.Count() (https://learn.microsoft.com/dotnet/fundamentals/code-analysis/quality-rules/ca1829) [D:\simplesign\SimpleSign\tests\interop\SimpleSign.Interop.Tests\SimpleSign.Interop.Tests.csproj::TargetFramework=net8.0]
D:\simplesign\SimpleSign\tests\interop\SimpleSign.Interop.Tests\ExpandedInteropTests.cs(83,9): error CA1829: Use a propriedade "Count" em vez de Enumerable.Count() (https://learn.microsoft.com/dotnet/fundamentals/code-analysis/quality-rules/ca1829) [D:\simplesign\SimpleSign\tests\interop\SimpleSign.Interop.Tests\SimpleSign.Interop.Tests.csproj::TargetFramework=net8.0]
D:\simplesign\SimpleSign\tests\interop\SimpleSign.Interop.Tests\EtsiCorpusTests.cs(125,9): error CA1829: Use a propriedade "Count" em vez de Enumerable.Count() (https://learn.microsoft.com/dotnet/fundamentals/code-analysis/quality-rules/ca1829) [D:\simplesign\SimpleSign\tests\interop\SimpleSign.Interop.Tests\SimpleSign.Interop.Tests.csproj::TargetFramework=net8.0]
D:\simplesign\SimpleSign\tests\interop\SimpleSign.Interop.Tests\ExpandedInteropTests.cs(170,9): error CA1829: Use a propriedade "Count" em vez de Enumerable.Count() (https://learn.microsoft.com/dotnet/fundamentals/code-analysis/quality-rules/ca1829) [D:\simplesign\SimpleSign\tests\interop\SimpleSign.Interop.Tests\SimpleSign.Interop.Tests.csproj::TargetFramework=net8.0]
D:\simplesign\SimpleSign\tests\interop\SimpleSign.Interop.Tests\PadesDssInteropTests.cs(36,9): error CA1829: Use a propriedade "Count" em vez de Enumerable.Count() (https://learn.microsoft.com/dotnet/fundamentals/code-analysis/quality-rules/ca1829) [D:\simplesign\SimpleSign\tests\interop\SimpleSign.Interop.Tests\SimpleSign.Interop.Tests.csproj::TargetFramework=net8.0]
D:\simplesign\SimpleSign\tests\interop\SimpleSign.Interop.Tests\PadesDssInteropTests.cs(78,9): error CA1829: Use a propriedade "Count" em vez de Enumerable.Count() (https://learn.microsoft.com/dotnet/fundamentals/code-analysis/quality-rules/ca1829) [D:\simplesign\SimpleSign\tests\interop\SimpleSign.Interop.Tests\SimpleSign.Interop.Tests.csproj::TargetFramework=net8.0]
D:\simplesign\SimpleSign\tests\interop\SimpleSign.Interop.Tests\PadesDssInteropTests.cs(148,9): error CA1829: Use a propriedade "Count" em vez de Enumerable.Count() (https://learn.microsoft.com/dotnet/fundamentals/code-analysis/quality-rules/ca1829) [D:\simplesign\SimpleSign\tests\interop\SimpleSign.Interop.Tests\SimpleSign.Interop.Tests.csproj::TargetFramework=net8.0]
D:\simplesign\SimpleSign\tests\interop\SimpleSign.Interop.Tests\PadesDssInteropTests.cs(132,9): error CA1829: Use a propriedade "Count" em vez de Enumerable.Count() (https://learn.microsoft.com/dotnet/fundamentals/code-analysis/quality-rules/ca1829) [D:\simplesign\SimpleSign\tests\interop\SimpleSign.Interop.Tests\SimpleSign.Interop.Tests.csproj::TargetFramework=net8.0]
D:\simplesign\SimpleSign\tests\interop\SimpleSign.Interop.Tests\PadesDssInteropTests.cs(161,9): error CA1829: Use a propriedade "Count" em vez de Enumerable.Count() (https://learn.microsoft.com/dotnet/fundamentals/code-analysis/quality-rules/ca1829) [D:\simplesign\SimpleSign\tests\interop\SimpleSign.Interop.Tests\SimpleSign.Interop.Tests.csproj::TargetFramework=net8.0]
D:\simplesign\SimpleSign\tests\interop\SimpleSign.Interop.Tests\ReverseInteropTests.cs(148,13): error CA1829: Use a propriedade "Count" em vez de Enumerable.Count() (https://learn.microsoft.com/dotnet/fundamentals/code-analysis/quality-rules/ca1829) [D:\simplesign\SimpleSign\tests\interop\SimpleSign.Interop.Tests\SimpleSign.Interop.Tests.csproj::TargetFramework=net8.0]
D:\simplesign\SimpleSign\tests\interop\SimpleSign.Interop.Tests\PadesDssInteropTests.cs(174,9): error CA1829: Use a propriedade "Count" em vez de Enumerable.Count() (https://learn.microsoft.com/dotnet/fundamentals/code-analysis/quality-rules/ca1829) [D:\simplesign\SimpleSign\tests\interop\SimpleSign.Interop.Tests\SimpleSign.Interop.Tests.csproj::TargetFramework=net8.0]
D:\simplesign\SimpleSign\tests\interop\SimpleSign.Interop.Tests\EtsiCorpusTests.cs(242,9): error CA1829: Use a propriedade "Count" em vez de Enumerable.Count() (https://learn.microsoft.com/dotnet/fundamentals/code-analysis/quality-rules/ca1829) [D:\simplesign\SimpleSign\tests\interop\SimpleSign.Interop.Tests\SimpleSign.Interop.Tests.csproj::TargetFramework=net8.0]
D:\simplesign\SimpleSign\tests\interop\SimpleSign.Interop.Tests\ExpandedInteropTests.cs(361,9): error CA1829: Use a propriedade "Count" em vez de Enumerable.Count() (https://learn.microsoft.com/dotnet/fundamentals/code-analysis/quality-rules/ca1829) [D:\simplesign\SimpleSign\tests\interop\SimpleSign.Interop.Tests\SimpleSign.Interop.Tests.csproj::TargetFramework=net8.0]
D:\simplesign\SimpleSign\tests\interop\SimpleSign.Interop.Tests\ReverseInteropTests.cs(224,13): error CA1829: Use a propriedade "Count" em vez de Enumerable.Count() (https://learn.microsoft.com/dotnet/fundamentals/code-analysis/quality-rules/ca1829) [D:\simplesign\SimpleSign\tests\interop\SimpleSign.Interop.Tests\SimpleSign.Interop.Tests.csproj::TargetFramework=net8.0]
D:\simplesign\SimpleSign\tests\interop\SimpleSign.Interop.Tests\PadesDssInteropTests.cs(354,9): error CA1829: Use a propriedade "Count" em vez de Enumerable.Count() (https://learn.microsoft.com/dotnet/fundamentals/code-analysis/quality-rules/ca1829) [D:\simplesign\SimpleSign\tests\interop\SimpleSign.Interop.Tests\SimpleSign.Interop.Tests.csproj::TargetFramework=net8.0]
D:\simplesign\SimpleSign\tests\interop\SimpleSign.Interop.Tests\PadesDssInteropTests.cs(441,9): error CA1829: Use a propriedade "Count" em vez de Enumerable.Count() (https://learn.microsoft.com/dotnet/fundamentals/code-analysis/quality-rules/ca1829) [D:\simplesign\SimpleSign\tests\interop\SimpleSign.Interop.Tests\SimpleSign.Interop.Tests.csproj::TargetFramework=net8.0]
D:\simplesign\SimpleSign\tests\interop\SimpleSign.Interop.Tests\PadesDssInteropTests.cs(459,13): error CA1829: Use a propriedade "Count" em vez de Enumerable.Count() (https://learn.microsoft.com/dotnet/fundamentals/code-analysis/quality-rules/ca1829) [D:\simplesign\SimpleSign\tests\interop\SimpleSign.Interop.Tests\SimpleSign.Interop.Tests.csproj::TargetFramework=net8.0]
D:\simplesign\SimpleSign\tests\interop\SimpleSign.Interop.Tests\ExpandedInteropTests.cs(513,9): error CA1829: Use a propriedade "Count" em vez de Enumerable.Count() (https://learn.microsoft.com/dotnet/fundamentals/code-analysis/quality-rules/ca1829) [D:\simplesign\SimpleSign\tests\interop\SimpleSign.Interop.Tests\SimpleSign.Interop.Tests.csproj::TargetFramework=net8.0]
D:\simplesign\SimpleSign\tests\interop\SimpleSign.Interop.Tests\ExpandedInteropTests.cs(532,9): error CA1829: Use a propriedade "Count" em vez de Enumerable.Count() (https://learn.microsoft.com/dotnet/fundamentals/code-analysis/quality-rules/ca1829) [D:\simplesign\SimpleSign\tests\interop\SimpleSign.Interop.Tests\SimpleSign.Interop.Tests.csproj::TargetFramework=net8.0]
D:\simplesign\SimpleSign\tests\interop\SimpleSign.Interop.Tests\ExpandedInteropTests.cs(557,9): error CA1829: Use a propriedade "Count" em vez de Enumerable.Count() (https://learn.microsoft.com/dotnet/fundamentals/code-analysis/quality-rules/ca1829) [D:\simplesign\SimpleSign\tests\interop\SimpleSign.Interop.Tests\SimpleSign.Interop.Tests.csproj::TargetFramework=net8.0]
D:\simplesign\SimpleSign\tests\interop\SimpleSign.Interop.Tests\ExpandedInteropTests.cs(624,13): error CA1829: Use a propriedade "Count" em vez de Enumerable.Count() (https://learn.microsoft.com/dotnet/fundamentals/code-analysis/quality-rules/ca1829) [D:\simplesign\SimpleSign\tests\interop\SimpleSign.Interop.Tests\SimpleSign.Interop.Tests.csproj::TargetFramework=net8.0]
D:\simplesign\SimpleSign\tests\interop\SimpleSign.Interop.Tests\ExpandedInteropTests.cs(691,13): error CA1829: Use a propriedade "Count" em vez de Enumerable.Count() (https://learn.microsoft.com/dotnet/fundamentals/code-analysis/quality-rules/ca1829) [D:\simplesign\SimpleSign\tests\interop\SimpleSign.Interop.Tests\SimpleSign.Interop.Tests.csproj::TargetFramework=net8.0]
D:\simplesign\SimpleSign\tests\unit\SimpleSign.PAdES.Tests\EndToEnd\SyntheticPkiPadesEndToEndTests.cs(36,9): error CA1829: Use a propriedade "Count" em vez de Enumerable.Count() (https://learn.microsoft.com/dotnet/fundamentals/code-analysis/quality-rules/ca1829) [D:\simplesign\SimpleSign\tests\unit\SimpleSign.PAdES.Tests\SimpleSign.PAdES.Tests.csproj::TargetFramework=net8.0]
D:\simplesign\SimpleSign\tests\unit\SimpleSign.PAdES.Tests\Compliance\EtsiEn319142ComplianceTests.cs(51,9): error CA1829: Use a propriedade "Count" em vez de Enumerable.Count() (https://learn.microsoft.com/dotnet/fundamentals/code-analysis/quality-rules/ca1829) [D:\simplesign\SimpleSign\tests\unit\SimpleSign.PAdES.Tests\SimpleSign.PAdES.Tests.csproj::TargetFramework=net8.0]
D:\simplesign\SimpleSign\tests\unit\SimpleSign.PAdES.Tests\Compliance\EtsiEn319142ComplianceTests.cs(374,9): error CA1829: Use a propriedade "Count" em vez de Enumerable.Count() (https://learn.microsoft.com/dotnet/fundamentals/code-analysis/quality-rules/ca1829) [D:\simplesign\SimpleSign\tests\unit\SimpleSign.PAdES.Tests\SimpleSign.PAdES.Tests.csproj::TargetFramework=net8.0]
D:\simplesign\SimpleSign\tests\unit\SimpleSign.PAdES.Tests\Compliance\EtsiEn319142ComplianceTests.cs(434,9): error CA1829: Use a propriedade "Count" em vez de Enumerable.Count() (https://learn.microsoft.com/dotnet/fundamentals/code-analysis/quality-rules/ca1829) [D:\simplesign\SimpleSign\tests\unit\SimpleSign.PAdES.Tests\SimpleSign.PAdES.Tests.csproj::TargetFramework=net8.0]
D:\simplesign\SimpleSign\tests\unit\SimpleSign.PAdES.Tests\RobustnessTests.cs(65,9): error CA1829: Use a propriedade "Count" em vez de Enumerable.Count() (https://learn.microsoft.com/dotnet/fundamentals/code-analysis/quality-rules/ca1829) [D:\simplesign\SimpleSign\tests\unit\SimpleSign.PAdES.Tests\SimpleSign.PAdES.Tests.csproj::TargetFramework=net8.0]
D:\simplesign\SimpleSign\tests\unit\SimpleSign.PAdES.Tests\RobustnessTests.cs(70,9): error CA1829: Use a propriedade "Count" em vez de Enumerable.Count() (https://learn.microsoft.com/dotnet/fundamentals/code-analysis/quality-rules/ca1829) [D:\simplesign\SimpleSign\tests\unit\SimpleSign.PAdES.Tests\SimpleSign.PAdES.Tests.csproj::TargetFramework=net8.0]
D:\simplesign\SimpleSign\tests\unit\SimpleSign.PAdES.Tests\RobustnessTests.cs(101,9): error CA1829: Use a propriedade "Count" em vez de Enumerable.Count() (https://learn.microsoft.com/dotnet/fundamentals/code-analysis/quality-rules/ca1829) [D:\simplesign\SimpleSign\tests\unit\SimpleSign.PAdES.Tests\SimpleSign.PAdES.Tests.csproj::TargetFramework=net8.0]
D:\simplesign\SimpleSign\tests\unit\SimpleSign.PAdES.Tests\RobustnessTests.cs(115,9): error CA1829: Use a propriedade "Count" em vez de Enumerable.Count() (https://learn.microsoft.com/dotnet/fundamentals/code-analysis/quality-rules/ca1829) [D:\simplesign\SimpleSign\tests\unit\SimpleSign.PAdES.Tests\SimpleSign.PAdES.Tests.csproj::TargetFramework=net8.0]
D:\simplesign\SimpleSign\tests\unit\SimpleSign.PAdES.Tests\RobustnessTests.cs(131,9): error CA1829: Use a propriedade "Count" em vez de Enumerable.Count() (https://learn.microsoft.com/dotnet/fundamentals/code-analysis/quality-rules/ca1829) [D:\simplesign\SimpleSign\tests\unit\SimpleSign.PAdES.Tests\SimpleSign.PAdES.Tests.csproj::TargetFramework=net8.0]
D:\simplesign\SimpleSign\tests\unit\SimpleSign.PAdES.Tests\Inspection\PdfSignatureInspectorTests.cs(88,9): error CA1829: Use a propriedade "Count" em vez de Enumerable.Count() (https://learn.microsoft.com/dotnet/fundamentals/code-analysis/quality-rules/ca1829) [D:\simplesign\SimpleSign\tests\unit\SimpleSign.PAdES.Tests\SimpleSign.PAdES.Tests.csproj::TargetFramework=net8.0]
D:\simplesign\SimpleSign\tests\unit\SimpleSign.PAdES.Tests\Inspection\ConformanceDetectorTests.cs(94,9): error CA1829: Use a propriedade "Count" em vez de Enumerable.Count() (https://learn.microsoft.com/dotnet/fundamentals/code-analysis/quality-rules/ca1829) [D:\simplesign\SimpleSign\tests\unit\SimpleSign.PAdES.Tests\SimpleSign.PAdES.Tests.csproj::TargetFramework=net8.0]
D:\simplesign\SimpleSign\tests\unit\SimpleSign.PAdES.Tests\RobustnessTests.cs(189,9): error CA1829: Use a propriedade "Count" em vez de Enumerable.Count() (https://learn.microsoft.com/dotnet/fundamentals/code-analysis/quality-rules/ca1829) [D:\simplesign\SimpleSign\tests\unit\SimpleSign.PAdES.Tests\SimpleSign.PAdES.Tests.csproj::TargetFramework=net8.0]
D:\simplesign\SimpleSign\tests\unit\SimpleSign.PAdES.Tests\MissingCoverageTests.cs(186,13): error CA1829: Use a propriedade "Count" em vez de Enumerable.Count() (https://learn.microsoft.com/dotnet/fundamentals/code-analysis/quality-rules/ca1829) [D:\simplesign\SimpleSign\tests\unit\SimpleSign.PAdES.Tests\SimpleSign.PAdES.Tests.csproj::TargetFramework=net8.0]
D:\simplesign\SimpleSign\tests\unit\SimpleSign.PAdES.Tests\MissingCoverageTests.cs(248,9): error CA1829: Use a propriedade "Count" em vez de Enumerable.Count() (https://learn.microsoft.com/dotnet/fundamentals/code-analysis/quality-rules/ca1829) [D:\simplesign\SimpleSign\tests\unit\SimpleSign.PAdES.Tests\SimpleSign.PAdES.Tests.csproj::TargetFramework=net8.0]
D:\simplesign\SimpleSign\tests\unit\SimpleSign.PAdES.Tests\MissingCoverageTests.cs(252,9): error CA1829: Use a propriedade "Count" em vez de Enumerable.Count() (https://learn.microsoft.com/dotnet/fundamentals/code-analysis/quality-rules/ca1829) [D:\simplesign\SimpleSign\tests\unit\SimpleSign.PAdES.Tests\SimpleSign.PAdES.Tests.csproj::TargetFramework=net8.0]
D:\simplesign\SimpleSign\tests\unit\SimpleSign.PAdES.Tests\RobustnessTests.cs(215,9): error CA1829: Use a propriedade "Length" em vez de Enumerable.Count() (https://learn.microsoft.com/dotnet/fundamentals/code-analysis/quality-rules/ca1829) [D:\simplesign\SimpleSign\tests\unit\SimpleSign.PAdES.Tests\SimpleSign.PAdES.Tests.csproj::TargetFramework=net8.0]
D:\simplesign\SimpleSign\tests\unit\SimpleSign.PAdES.Tests\RobustnessTests.cs(218,13): error CA1829: Use a propriedade "Count" em vez de Enumerable.Count() (https://learn.microsoft.com/dotnet/fundamentals/code-analysis/quality-rules/ca1829) [D:\simplesign\SimpleSign\tests\unit\SimpleSign.PAdES.Tests\SimpleSign.PAdES.Tests.csproj::TargetFramework=net8.0]
D:\simplesign\SimpleSign\tests\unit\SimpleSign.PAdES.Tests\RobustnessTests.cs(238,9): error CA1829: Use a propriedade "Count" em vez de Enumerable.Count() (https://learn.microsoft.com/dotnet/fundamentals/code-analysis/quality-rules/ca1829) [D:\simplesign\SimpleSign\tests\unit\SimpleSign.PAdES.Tests\SimpleSign.PAdES.Tests.csproj::TargetFramework=net8.0]
D:\simplesign\SimpleSign\tests\unit\SimpleSign.PAdES.Tests\RobustnessTests.cs(252,9): error CA1829: Use a propriedade "Count" em vez de Enumerable.Count() (https://learn.microsoft.com/dotnet/fundamentals/code-analysis/quality-rules/ca1829) [D:\simplesign\SimpleSign\tests\unit\SimpleSign.PAdES.Tests\SimpleSign.PAdES.Tests.csproj::TargetFramework=net8.0]
D:\simplesign\SimpleSign\tests\unit\SimpleSign.PAdES.Tests\RobustnessTests.cs(269,9): error CA1829: Use a propriedade "Count" em vez de Enumerable.Count() (https://learn.microsoft.com/dotnet/fundamentals/code-analysis/quality-rules/ca1829) [D:\simplesign\SimpleSign\tests\unit\SimpleSign.PAdES.Tests\SimpleSign.PAdES.Tests.csproj::TargetFramework=net8.0]
D:\simplesign\SimpleSign\tests\unit\SimpleSign.PAdES.Tests\RobustnessTests.cs(299,17): error CA1829: Use a propriedade "Count" em vez de Enumerable.Count() (https://learn.microsoft.com/dotnet/fundamentals/code-analysis/quality-rules/ca1829) [D:\simplesign\SimpleSign\tests\unit\SimpleSign.PAdES.Tests\SimpleSign.PAdES.Tests.csproj::TargetFramework=net8.0]
D:\simplesign\SimpleSign\tests\unit\SimpleSign.PAdES.Tests\RobustnessTests.cs(317,17): error CA1508: 'stream != null' ├® sempre 'true'. Remova ou refatore as condi├º├Áes para evitar um c├│digo morto. (https://learn.microsoft.com/dotnet/fundamentals/code-analysis/quality-rules/ca1508) [D:\simplesign\SimpleSign\tests\unit\SimpleSign.PAdES.Tests\SimpleSign.PAdES.Tests.csproj::TargetFramework=net8.0]
D:\simplesign\SimpleSign\tests\unit\SimpleSign.PAdES.Tests\Validation\Phase3ProductionTests.cs(429,35): error IDE0055: Corrigir a formata├º├úo (https://learn.microsoft.com/dotnet/fundamentals/code-analysis/style-rules/ide0055) [D:\simplesign\SimpleSign\tests\unit\SimpleSign.PAdES.Tests\SimpleSign.PAdES.Tests.csproj::TargetFramework=net8.0]
D:\simplesign\SimpleSign\tests\unit\SimpleSign.PAdES.Tests\Validation\RoundTripValidationTests.cs(179,35): error IDE0055: Corrigir a formata├º├úo (https://learn.microsoft.com/dotnet/fundamentals/code-analysis/style-rules/ide0055) [D:\simplesign\SimpleSign\tests\unit\SimpleSign.PAdES.Tests\SimpleSign.PAdES.Tests.csproj::TargetFramework=net8.0]
D:\simplesign\SimpleSign\tests\unit\SimpleSign.PAdES.Tests\Signing\BatchErrorRecoveryTests.cs(44,9): error CA1829: Use a propriedade "Count" em vez de Enumerable.Count() (https://learn.microsoft.com/dotnet/fundamentals/code-analysis/quality-rules/ca1829) [D:\simplesign\SimpleSign\tests\unit\SimpleSign.PAdES.Tests\SimpleSign.PAdES.Tests.csproj::TargetFramework=net8.0]
D:\simplesign\SimpleSign\tests\unit\SimpleSign.PAdES.Tests\Signing\BatchErrorRecoveryTests.cs(49,9): error CA1829: Use a propriedade "Count" em vez de Enumerable.Count() (https://learn.microsoft.com/dotnet/fundamentals/code-analysis/quality-rules/ca1829) [D:\simplesign\SimpleSign\tests\unit\SimpleSign.PAdES.Tests\SimpleSign.PAdES.Tests.csproj::TargetFramework=net8.0]
D:\simplesign\SimpleSign\tests\unit\SimpleSign.PAdES.Tests\Signing\BatchErrorRecoveryTests.cs(52,9): error CA1829: Use a propriedade "Count" em vez de Enumerable.Count() (https://learn.microsoft.com/dotnet/fundamentals/code-analysis/quality-rules/ca1829) [D:\simplesign\SimpleSign\tests\unit\SimpleSign.PAdES.Tests\SimpleSign.PAdES.Tests.csproj::TargetFramework=net8.0]
D:\simplesign\SimpleSign\tests\unit\SimpleSign.PAdES.Tests\Signing\SimpleSignerEndToEndTests.cs(57,9): error CA1829: Use a propriedade "Count" em vez de Enumerable.Count() (https://learn.microsoft.com/dotnet/fundamentals/code-analysis/quality-rules/ca1829) [D:\simplesign\SimpleSign\tests\unit\SimpleSign.PAdES.Tests\SimpleSign.PAdES.Tests.csproj::TargetFramework=net8.0]
D:\simplesign\SimpleSign\tests\unit\SimpleSign.PAdES.Tests\Signing\BatchErrorRecoveryTests.cs(70,9): error CA1829: Use a propriedade "Count" em vez de Enumerable.Count() (https://learn.microsoft.com/dotnet/fundamentals/code-analysis/quality-rules/ca1829) [D:\simplesign\SimpleSign\tests\unit\SimpleSign.PAdES.Tests\SimpleSign.PAdES.Tests.csproj::TargetFramework=net8.0]
D:\simplesign\SimpleSign\tests\unit\SimpleSign.PAdES.Tests\Signing\SimpleSignerEndToEndTests.cs(69,9): error CA1829: Use a propriedade "Count" em vez de Enumerable.Count() (https://learn.microsoft.com/dotnet/fundamentals/code-analysis/quality-rules/ca1829) [D:\simplesign\SimpleSign\tests\unit\SimpleSign.PAdES.Tests\SimpleSign.PAdES.Tests.csproj::TargetFramework=net8.0]
D:\simplesign\SimpleSign\tests\unit\SimpleSign.PAdES.Tests\Signing\SimpleSignerEndToEndTests.cs(82,9): error CA1829: Use a propriedade "Count" em vez de Enumerable.Count() (https://learn.microsoft.com/dotnet/fundamentals/code-analysis/quality-rules/ca1829) [D:\simplesign\SimpleSign\tests\unit\SimpleSign.PAdES.Tests\SimpleSign.PAdES.Tests.csproj::TargetFramework=net8.0]
D:\simplesign\SimpleSign\tests\unit\SimpleSign.PAdES.Tests\Signing\SimpleSignerEndToEndTests.cs(95,9): error CA1829: Use a propriedade "Count" em vez de Enumerable.Count() (https://learn.microsoft.com/dotnet/fundamentals/code-analysis/quality-rules/ca1829) [D:\simplesign\SimpleSign\tests\unit\SimpleSign.PAdES.Tests\SimpleSign.PAdES.Tests.csproj::TargetFramework=net8.0]
D:\simplesign\SimpleSign\tests\unit\SimpleSign.PAdES.Tests\Signing\SimpleSignerEndToEndTests.cs(107,9): error CA1829: Use a propriedade "Count" em vez de Enumerable.Count() (https://learn.microsoft.com/dotnet/fundamentals/code-analysis/quality-rules/ca1829) [D:\simplesign\SimpleSign\tests\unit\SimpleSign.PAdES.Tests\SimpleSign.PAdES.Tests.csproj::TargetFramework=net8.0]
D:\simplesign\SimpleSign\tests\unit\SimpleSign.PAdES.Tests\Signing\SimpleSignerEndToEndTests.cs(121,9): error CA1829: Use a propriedade "Count" em vez de Enumerable.Count() (https://learn.microsoft.com/dotnet/fundamentals/code-analysis/quality-rules/ca1829) [D:\simplesign\SimpleSign\tests\unit\SimpleSign.PAdES.Tests\SimpleSign.PAdES.Tests.csproj::TargetFramework=net8.0]
D:\simplesign\SimpleSign\tests\unit\SimpleSign.PAdES.Tests\Signing\PdfSignatureWriterInternalsTests.cs(170,9): error CA1829: Use a propriedade "Length" em vez de Enumerable.Count() (https://learn.microsoft.com/dotnet/fundamentals/code-analysis/quality-rules/ca1829) [D:\simplesign\SimpleSign\tests\unit\SimpleSign.PAdES.Tests\SimpleSign.PAdES.Tests.csproj::TargetFramework=net8.0]
D:\simplesign\SimpleSign\tests\unit\SimpleSign.PAdES.Tests\Signing\BatchSignerBuilderTests.cs(57,9): error CA1829: Use a propriedade "Count" em vez de Enumerable.Count() (https://learn.microsoft.com/dotnet/fundamentals/code-analysis/quality-rules/ca1829) [D:\simplesign\SimpleSign\tests\unit\SimpleSign.PAdES.Tests\SimpleSign.PAdES.Tests.csproj::TargetFramework=net8.0]
D:\simplesign\SimpleSign\tests\unit\SimpleSign.PAdES.Tests\Signing\PdfAPreservationValidatorTests.cs(23,9): error CA1829: Use a propriedade "Count" em vez de Enumerable.Count() (https://learn.microsoft.com/dotnet/fundamentals/code-analysis/quality-rules/ca1829) [D:\simplesign\SimpleSign\tests\unit\SimpleSign.PAdES.Tests\SimpleSign.PAdES.Tests.csproj::TargetFramework=net8.0]
D:\simplesign\SimpleSign\tests\unit\SimpleSign.PAdES.Tests\Signing\SignatureAppearanceEndToEndTests.cs(58,9): error CA1829: Use a propriedade "Count" em vez de Enumerable.Count() (https://learn.microsoft.com/dotnet/fundamentals/code-analysis/quality-rules/ca1829) [D:\simplesign\SimpleSign\tests\unit\SimpleSign.PAdES.Tests\SimpleSign.PAdES.Tests.csproj::TargetFramework=net8.0]
D:\simplesign\SimpleSign\tests\unit\SimpleSign.PAdES.Tests\Signing\PdfAPreservationValidatorTests.cs(32,9): error CA1829: Use a propriedade "Count" em vez de Enumerable.Count() (https://learn.microsoft.com/dotnet/fundamentals/code-analysis/quality-rules/ca1829) [D:\simplesign\SimpleSign\tests\unit\SimpleSign.PAdES.Tests\SimpleSign.PAdES.Tests.csproj::TargetFramework=net8.0]
D:\simplesign\SimpleSign\tests\unit\SimpleSign.PAdES.Tests\Signing\SimpleSignerEndToEndTests.cs(142,9): error CA1829: Use a propriedade "Count" em vez de Enumerable.Count() (https://learn.microsoft.com/dotnet/fundamentals/code-analysis/quality-rules/ca1829) [D:\simplesign\SimpleSign\tests\unit\SimpleSign.PAdES.Tests\SimpleSign.PAdES.Tests.csproj::TargetFramework=net8.0]
D:\simplesign\SimpleSign\tests\unit\SimpleSign.PAdES.Tests\Signing\BatchSignerTests.cs(85,9): error CA1829: Use a propriedade "Count" em vez de Enumerable.Count() (https://learn.microsoft.com/dotnet/fundamentals/code-analysis/quality-rules/ca1829) [D:\simplesign\SimpleSign\tests\unit\SimpleSign.PAdES.Tests\SimpleSign.PAdES.Tests.csproj::TargetFramework=net8.0]
D:\simplesign\SimpleSign\tests\unit\SimpleSign.PAdES.Tests\Signing\SimpleSignerEndToEndTests.cs(155,9): error CA1829: Use a propriedade "Count" em vez de Enumerable.Count() (https://learn.microsoft.com/dotnet/fundamentals/code-analysis/quality-rules/ca1829) [D:\simplesign\SimpleSign\tests\unit\SimpleSign.PAdES.Tests\SimpleSign.PAdES.Tests.csproj::TargetFramework=net8.0]
D:\simplesign\SimpleSign\tests\unit\SimpleSign.PAdES.Tests\Signing\PdfAPreservationValidatorTests.cs(56,9): error CA1829: Use a propriedade "Count" em vez de Enumerable.Count() (https://learn.microsoft.com/dotnet/fundamentals/code-analysis/quality-rules/ca1829) [D:\simplesign\SimpleSign\tests\unit\SimpleSign.PAdES.Tests\SimpleSign.PAdES.Tests.csproj::TargetFramework=net8.0]
D:\simplesign\SimpleSign\tests\unit\SimpleSign.PAdES.Tests\Signing\SignatureAppearanceEndToEndTests.cs(122,9): error CA1829: Use a propriedade "Count" em vez de Enumerable.Count() (https://learn.microsoft.com/dotnet/fundamentals/code-analysis/quality-rules/ca1829) [D:\simplesign\SimpleSign\tests\unit\SimpleSign.PAdES.Tests\SimpleSign.PAdES.Tests.csproj::TargetFramework=net8.0]
D:\simplesign\SimpleSign\tests\unit\SimpleSign.Brasil.Tests\BrasilExtensionContractTests.cs(34,62): error IDE0055: Corrigir a formata├º├úo (https://learn.microsoft.com/dotnet/fundamentals/code-analysis/style-rules/ide0055) [D:\simplesign\SimpleSign\tests\unit\SimpleSign.Brasil.Tests\SimpleSign.Brasil.Tests.csproj::TargetFramework=net8.0]
D:\simplesign\SimpleSign\tests\unit\SimpleSign.PAdES.Tests\Inspection\PadesExtractorTests.cs(31,9): error CA1829: Use a propriedade "Count" em vez de Enumerable.Count() (https://learn.microsoft.com/dotnet/fundamentals/code-analysis/quality-rules/ca1829) [D:\simplesign\SimpleSign\tests\unit\SimpleSign.PAdES.Tests\SimpleSign.PAdES.Tests.csproj::TargetFramework=net8.0]
D:\simplesign\SimpleSign\tests\unit\SimpleSign.Brasil.Tests\GovBrDetectionTests.cs(94,33): error IDE0055: Corrigir a formata├º├úo (https://learn.microsoft.com/dotnet/fundamentals/code-analysis/style-rules/ide0055) [D:\simplesign\SimpleSign\tests\unit\SimpleSign.Brasil.Tests\SimpleSign.Brasil.Tests.csproj::TargetFramework=net8.0]
D:\simplesign\SimpleSign\tests\unit\SimpleSign.PAdES.Tests\Inspection\PadesExtractorTests.cs(72,9): error CA1829: Use a propriedade "Count" em vez de Enumerable.Count() (https://learn.microsoft.com/dotnet/fundamentals/code-analysis/quality-rules/ca1829) [D:\simplesign\SimpleSign\tests\unit\SimpleSign.PAdES.Tests\SimpleSign.PAdES.Tests.csproj::TargetFramework=net8.0]
D:\simplesign\SimpleSign\tests\unit\SimpleSign.Brasil.Tests\Integration\IcpBrasilIntegrationTests.cs(32,9): error CA1829: Use a propriedade "Count" em vez de Enumerable.Count() (https://learn.microsoft.com/dotnet/fundamentals/code-analysis/quality-rules/ca1829) [D:\simplesign\SimpleSign\tests\unit\SimpleSign.Brasil.Tests\SimpleSign.Brasil.Tests.csproj::TargetFramework=net8.0]
D:\simplesign\SimpleSign\tests\unit\SimpleSign.PAdES.Tests\Inspection\PadesExtractorTests.cs(101,9): error CA1829: Use a propriedade "Count" em vez de Enumerable.Count() (https://learn.microsoft.com/dotnet/fundamentals/code-analysis/quality-rules/ca1829) [D:\simplesign\SimpleSign\tests\unit\SimpleSign.PAdES.Tests\SimpleSign.PAdES.Tests.csproj::TargetFramework=net8.0]
D:\simplesign\SimpleSign\tests\unit\SimpleSign.Brasil.Tests\Integration\IcpBrasilIntegrationTests.cs(50,9): error CA1829: Use a propriedade "Count" em vez de Enumerable.Count() (https://learn.microsoft.com/dotnet/fundamentals/code-analysis/quality-rules/ca1829) [D:\simplesign\SimpleSign\tests\unit\SimpleSign.Brasil.Tests\SimpleSign.Brasil.Tests.csproj::TargetFramework=net8.0]
D:\simplesign\SimpleSign\tests\unit\SimpleSign.PAdES.Tests\Signing\SignerBuilderEdgeCaseTests.cs(123,9): error CA1829: Use a propriedade "Count" em vez de Enumerable.Count() (https://learn.microsoft.com/dotnet/fundamentals/code-analysis/quality-rules/ca1829) [D:\simplesign\SimpleSign\tests\unit\SimpleSign.PAdES.Tests\SimpleSign.PAdES.Tests.csproj::TargetFramework=net8.0]
D:\simplesign\SimpleSign\tests\unit\SimpleSign.PAdES.Tests\Inspection\PadesExtractorTests.cs(87,9): error CA1829: Use a propriedade "Count" em vez de Enumerable.Count() (https://learn.microsoft.com/dotnet/fundamentals/code-analysis/quality-rules/ca1829) [D:\simplesign\SimpleSign\tests\unit\SimpleSign.PAdES.Tests\SimpleSign.PAdES.Tests.csproj::TargetFramework=net8.0]
D:\simplesign\SimpleSign\tests\unit\SimpleSign.Brasil.Tests\AdvancedSignatureTests.cs(182,9): error CA1829: Use a propriedade "Count" em vez de Enumerable.Count() (https://learn.microsoft.com/dotnet/fundamentals/code-analysis/quality-rules/ca1829) [D:\simplesign\SimpleSign\tests\unit\SimpleSign.Brasil.Tests\SimpleSign.Brasil.Tests.csproj::TargetFramework=net8.0]
D:\simplesign\SimpleSign\tests\unit\SimpleSign.Brasil.Tests\AdvancedSignatureTests.cs(219,9): error CA1829: Use a propriedade "Count" em vez de Enumerable.Count() (https://learn.microsoft.com/dotnet/fundamentals/code-analysis/quality-rules/ca1829) [D:\simplesign\SimpleSign\tests\unit\SimpleSign.Brasil.Tests\SimpleSign.Brasil.Tests.csproj::TargetFramework=net8.0]
D:\simplesign\SimpleSign\tests\unit\SimpleSign.PAdES.Tests\Signing\ConcurrencyTests.cs(41,9): error CA1829: Use a propriedade "Length" em vez de Enumerable.Count() (https://learn.microsoft.com/dotnet/fundamentals/code-analysis/quality-rules/ca1829) [D:\simplesign\SimpleSign\tests\unit\SimpleSign.PAdES.Tests\SimpleSign.PAdES.Tests.csproj::TargetFramework=net8.0]
D:\simplesign\SimpleSign\tests\unit\SimpleSign.PAdES.Tests\Inspection\PadesExtractorTests.cs(191,9): error CA1829: Use a propriedade "Count" em vez de Enumerable.Count() (https://learn.microsoft.com/dotnet/fundamentals/code-analysis/quality-rules/ca1829) [D:\simplesign\SimpleSign\tests\unit\SimpleSign.PAdES.Tests\SimpleSign.PAdES.Tests.csproj::TargetFramework=net8.0]
D:\simplesign\SimpleSign\tests\unit\SimpleSign.Brasil.Tests\Integration\IcpBrasilIntegrationTests.cs(66,9): error CA1829: Use a propriedade "Count" em vez de Enumerable.Count() (https://learn.microsoft.com/dotnet/fundamentals/code-analysis/quality-rules/ca1829) [D:\simplesign\SimpleSign\tests\unit\SimpleSign.Brasil.Tests\SimpleSign.Brasil.Tests.csproj::TargetFramework=net8.0]
D:\simplesign\SimpleSign\tests\unit\SimpleSign.Brasil.Tests\Integration\IcpBrasilIntegrationTests.cs(83,9): error CA1829: Use a propriedade "Count" em vez de Enumerable.Count() (https://learn.microsoft.com/dotnet/fundamentals/code-analysis/quality-rules/ca1829) [D:\simplesign\SimpleSign\tests\unit\SimpleSign.Brasil.Tests\SimpleSign.Brasil.Tests.csproj::TargetFramework=net8.0]
D:\simplesign\SimpleSign\tests\unit\SimpleSign.PAdES.Tests\Signing\ConcurrencyTests.cs(59,9): error CA1829: Use a propriedade "Length" em vez de Enumerable.Count() (https://learn.microsoft.com/dotnet/fundamentals/code-analysis/quality-rules/ca1829) [D:\simplesign\SimpleSign\tests\unit\SimpleSign.PAdES.Tests\SimpleSign.PAdES.Tests.csproj::TargetFramework=net8.0]
D:\simplesign\SimpleSign\tests\unit\SimpleSign.Brasil.Tests\Integration\GovBrIntegrationTests.cs(34,9): error CA1829: Use a propriedade "Count" em vez de Enumerable.Count() (https://learn.microsoft.com/dotnet/fundamentals/code-analysis/quality-rules/ca1829) [D:\simplesign\SimpleSign\tests\unit\SimpleSign.Brasil.Tests\SimpleSign.Brasil.Tests.csproj::TargetFramework=net8.0]
D:\simplesign\SimpleSign\tests\unit\SimpleSign.PAdES.Tests\Signing\ConcurrencyTests.cs(79,9): error CA1829: Use a propriedade "Count" em vez de Enumerable.Count() (https://learn.microsoft.com/dotnet/fundamentals/code-analysis/quality-rules/ca1829) [D:\simplesign\SimpleSign\tests\unit\SimpleSign.PAdES.Tests\SimpleSign.PAdES.Tests.csproj::TargetFramework=net8.0]
D:\simplesign\SimpleSign\tests\unit\SimpleSign.Brasil.Tests\Integration\GovBrIntegrationTests.cs(53,9): error CA1829: Use a propriedade "Count" em vez de Enumerable.Count() (https://learn.microsoft.com/dotnet/fundamentals/code-analysis/quality-rules/ca1829) [D:\simplesign\SimpleSign\tests\unit\SimpleSign.Brasil.Tests\SimpleSign.Brasil.Tests.csproj::TargetFramework=net8.0]
D:\simplesign\SimpleSign\tests\unit\SimpleSign.PAdES.Tests\Inspection\PadesExtractorTests.cs(211,13): error CA1829: Use a propriedade "Count" em vez de Enumerable.Count() (https://learn.microsoft.com/dotnet/fundamentals/code-analysis/quality-rules/ca1829) [D:\simplesign\SimpleSign\tests\unit\SimpleSign.PAdES.Tests\SimpleSign.PAdES.Tests.csproj::TargetFramework=net8.0]
D:\simplesign\SimpleSign\tests\unit\SimpleSign.PAdES.Tests\Inspection\PadesExtractorTests.cs(229,9): error CA1829: Use a propriedade "Count" em vez de Enumerable.Count() (https://learn.microsoft.com/dotnet/fundamentals/code-analysis/quality-rules/ca1829) [D:\simplesign\SimpleSign\tests\unit\SimpleSign.PAdES.Tests\SimpleSign.PAdES.Tests.csproj::TargetFramework=net8.0]
D:\simplesign\SimpleSign\tests\unit\SimpleSign.Brasil.Tests\Integration\IcpBrasilIntegrationTests.cs(105,9): error CA1829: Use a propriedade "Count" em vez de Enumerable.Count() (https://learn.microsoft.com/dotnet/fundamentals/code-analysis/quality-rules/ca1829) [D:\simplesign\SimpleSign\tests\unit\SimpleSign.Brasil.Tests\SimpleSign.Brasil.Tests.csproj::TargetFramework=net8.0]
D:\simplesign\SimpleSign\tests\unit\SimpleSign.PAdES.Tests\Validation\BulkValidatorTests.cs(75,9): error CA1829: Use a propriedade "Count" em vez de Enumerable.Count() (https://learn.microsoft.com/dotnet/fundamentals/code-analysis/quality-rules/ca1829) [D:\simplesign\SimpleSign\tests\unit\SimpleSign.PAdES.Tests\SimpleSign.PAdES.Tests.csproj::TargetFramework=net8.0]
D:\simplesign\SimpleSign\tests\unit\SimpleSign.Brasil.Tests\Integration\IcpBrasilIntegrationTests.cs(121,9): error CA1829: Use a propriedade "Count" em vez de Enumerable.Count() (https://learn.microsoft.com/dotnet/fundamentals/code-analysis/quality-rules/ca1829) [D:\simplesign\SimpleSign\tests\unit\SimpleSign.Brasil.Tests\SimpleSign.Brasil.Tests.csproj::TargetFramework=net8.0]
D:\simplesign\SimpleSign\tests\unit\SimpleSign.PAdES.Tests\Signing\DeferredSignerEdgeCaseTests.cs(102,9): error CA1829: Use a propriedade "Length" em vez de Enumerable.Count() (https://learn.microsoft.com/dotnet/fundamentals/code-analysis/quality-rules/ca1829) [D:\simplesign\SimpleSign\tests\unit\SimpleSign.PAdES.Tests\SimpleSign.PAdES.Tests.csproj::TargetFramework=net8.0]
D:\simplesign\SimpleSign\tests\unit\SimpleSign.Brasil.Tests\Integration\GovBrIntegrationTests.cs(67,9): error CA1829: Use a propriedade "Count" em vez de Enumerable.Count() (https://learn.microsoft.com/dotnet/fundamentals/code-analysis/quality-rules/ca1829) [D:\simplesign\SimpleSign\tests\unit\SimpleSign.Brasil.Tests\SimpleSign.Brasil.Tests.csproj::TargetFramework=net8.0]
D:\simplesign\SimpleSign\tests\unit\SimpleSign.PAdES.Tests\Validation\DssExtractorTests.cs(72,25): error CA1861: Prefira campos 'static readonly' em vez de argumentos de matriz constante se o m├®todo chamado for chamado repetidamente e n├úo estiver modificando a matriz passada (https://learn.microsoft.com/dotnet/fundamentals/code-analysis/quality-rules/ca1861) [D:\simplesign\SimpleSign\tests\unit\SimpleSign.PAdES.Tests\SimpleSign.PAdES.Tests.csproj::TargetFramework=net8.0]
D:\simplesign\SimpleSign\tests\unit\SimpleSign.Brasil.Tests\Integration\GovBrIntegrationTests.cs(82,9): error CA1829: Use a propriedade "Count" em vez de Enumerable.Count() (https://learn.microsoft.com/dotnet/fundamentals/code-analysis/quality-rules/ca1829) [D:\simplesign\SimpleSign\tests\unit\SimpleSign.Brasil.Tests\SimpleSign.Brasil.Tests.csproj::TargetFramework=net8.0]
D:\simplesign\SimpleSign\tests\unit\SimpleSign.PAdES.Tests\Inspection\PadesExtractorTests.cs(244,9): error CA1829: Use a propriedade "Count" em vez de Enumerable.Count() (https://learn.microsoft.com/dotnet/fundamentals/code-analysis/quality-rules/ca1829) [D:\simplesign\SimpleSign\tests\unit\SimpleSign.PAdES.Tests\SimpleSign.PAdES.Tests.csproj::TargetFramework=net8.0]
D:\simplesign\SimpleSign\tests\unit\SimpleSign.Brasil.Tests\Integration\GovBrIntegrationTests.cs(97,9): error CA1829: Use a propriedade "Count" em vez de Enumerable.Count() (https://learn.microsoft.com/dotnet/fundamentals/code-analysis/quality-rules/ca1829) [D:\simplesign\SimpleSign\tests\unit\SimpleSign.Brasil.Tests\SimpleSign.Brasil.Tests.csproj::TargetFramework=net8.0]
D:\simplesign\SimpleSign\tests\unit\SimpleSign.PAdES.Tests\Validation\DssExtractorTests.cs(80,25): error CA1861: Prefira campos 'static readonly' em vez de argumentos de matriz constante se o m├®todo chamado for chamado repetidamente e n├úo estiver modificando a matriz passada (https://learn.microsoft.com/dotnet/fundamentals/code-analysis/quality-rules/ca1861) [D:\simplesign\SimpleSign\tests\unit\SimpleSign.PAdES.Tests\SimpleSign.PAdES.Tests.csproj::TargetFramework=net8.0]
D:\simplesign\SimpleSign\tests\unit\SimpleSign.Brasil.Tests\Integration\GovBrIntegrationTests.cs(120,9): error CA1829: Use a propriedade "Count" em vez de Enumerable.Count() (https://learn.microsoft.com/dotnet/fundamentals/code-analysis/quality-rules/ca1829) [D:\simplesign\SimpleSign\tests\unit\SimpleSign.Brasil.Tests\SimpleSign.Brasil.Tests.csproj::TargetFramework=net8.0]
D:\simplesign\SimpleSign\tests\unit\SimpleSign.PAdES.Tests\Signing\SignerBuilderEdgeCaseTests.cs(165,13): error CA1829: Use a propriedade "Count" em vez de Enumerable.Count() (https://learn.microsoft.com/dotnet/fundamentals/code-analysis/quality-rules/ca1829) [D:\simplesign\SimpleSign\tests\unit\SimpleSign.PAdES.Tests\SimpleSign.PAdES.Tests.csproj::TargetFramework=net8.0]
D:\simplesign\SimpleSign\tests\unit\SimpleSign.Brasil.Tests\Compliance\DocIcp15ComplianceTests.cs(252,9): error CA1829: Use a propriedade "Count" em vez de Enumerable.Count() (https://learn.microsoft.com/dotnet/fundamentals/code-analysis/quality-rules/ca1829) [D:\simplesign\SimpleSign\tests\unit\SimpleSign.Brasil.Tests\SimpleSign.Brasil.Tests.csproj::TargetFramework=net8.0]
D:\simplesign\SimpleSign\tests\unit\SimpleSign.PAdES.Tests\Inspection\PadesExtractorTests.cs(280,9): error CA1829: Use a propriedade "Count" em vez de Enumerable.Count() (https://learn.microsoft.com/dotnet/fundamentals/code-analysis/quality-rules/ca1829) [D:\simplesign\SimpleSign\tests\unit\SimpleSign.PAdES.Tests\SimpleSign.PAdES.Tests.csproj::TargetFramework=net8.0]
D:\simplesign\SimpleSign\tests\unit\SimpleSign.PAdES.Tests\Inspection\PadesExtractorTests.cs(263,9): error CA1829: Use a propriedade "Count" em vez de Enumerable.Count() (https://learn.microsoft.com/dotnet/fundamentals/code-analysis/quality-rules/ca1829) [D:\simplesign\SimpleSign\tests\unit\SimpleSign.PAdES.Tests\SimpleSign.PAdES.Tests.csproj::TargetFramework=net8.0]
D:\simplesign\SimpleSign\tests\unit\SimpleSign.PAdES.Tests\Validation\DssExtractorTests.cs(168,9): error CA1829: Use a propriedade "Count" em vez de Enumerable.Count() (https://learn.microsoft.com/dotnet/fundamentals/code-analysis/quality-rules/ca1829) [D:\simplesign\SimpleSign\tests\unit\SimpleSign.PAdES.Tests\SimpleSign.PAdES.Tests.csproj::TargetFramework=net8.0]
D:\simplesign\SimpleSign\tests\unit\SimpleSign.PAdES.Tests\Validation\BulkValidatorTests.cs(106,9): error CA1829: Use a propriedade "Count" em vez de Enumerable.Count() (https://learn.microsoft.com/dotnet/fundamentals/code-analysis/quality-rules/ca1829) [D:\simplesign\SimpleSign\tests\unit\SimpleSign.PAdES.Tests\SimpleSign.PAdES.Tests.csproj::TargetFramework=net8.0]
D:\simplesign\SimpleSign\tests\unit\SimpleSign.PAdES.Tests\Validation\BulkValidatorTests.cs(110,9): error CA1829: Use a propriedade "Count" em vez de Enumerable.Count() (https://learn.microsoft.com/dotnet/fundamentals/code-analysis/quality-rules/ca1829) [D:\simplesign\SimpleSign\tests\unit\SimpleSign.PAdES.Tests\SimpleSign.PAdES.Tests.csproj::TargetFramework=net8.0]
D:\simplesign\SimpleSign\tests\unit\SimpleSign.PAdES.Tests\Validation\BulkValidatorTests.cs(111,9): error CA1829: Use a propriedade "Count" em vez de Enumerable.Count() (https://learn.microsoft.com/dotnet/fundamentals/code-analysis/quality-rules/ca1829) [D:\simplesign\SimpleSign\tests\unit\SimpleSign.PAdES.Tests\SimpleSign.PAdES.Tests.csproj::TargetFramework=net8.0]
D:\simplesign\SimpleSign\tests\unit\SimpleSign.PAdES.Tests\Signing\SignerBuilderEdgeCaseTests.cs(201,9): error CA1829: Use a propriedade "Count" em vez de Enumerable.Count() (https://learn.microsoft.com/dotnet/fundamentals/code-analysis/quality-rules/ca1829) [D:\simplesign\SimpleSign\tests\unit\SimpleSign.PAdES.Tests\SimpleSign.PAdES.Tests.csproj::TargetFramework=net8.0]
D:\simplesign\SimpleSign\tests\unit\SimpleSign.PAdES.Tests\Signing\SignerBuilderEdgeCaseTests.cs(213,9): error CA1829: Use a propriedade "Count" em vez de Enumerable.Count() (https://learn.microsoft.com/dotnet/fundamentals/code-analysis/quality-rules/ca1829) [D:\simplesign\SimpleSign\tests\unit\SimpleSign.PAdES.Tests\SimpleSign.PAdES.Tests.csproj::TargetFramework=net8.0]
D:\simplesign\SimpleSign\tests\unit\SimpleSign.PAdES.Tests\Signing\SignerBuilderEdgeCaseTests.cs(184,13): error CA1829: Use a propriedade "Count" em vez de Enumerable.Count() (https://learn.microsoft.com/dotnet/fundamentals/code-analysis/quality-rules/ca1829) [D:\simplesign\SimpleSign\tests\unit\SimpleSign.PAdES.Tests\SimpleSign.PAdES.Tests.csproj::TargetFramework=net8.0]
D:\simplesign\SimpleSign\tests\unit\SimpleSign.PAdES.Tests\Signing\SignerBuilderEdgeCaseTests.cs(225,9): error CA1829: Use a propriedade "Count" em vez de Enumerable.Count() (https://learn.microsoft.com/dotnet/fundamentals/code-analysis/quality-rules/ca1829) [D:\simplesign\SimpleSign\tests\unit\SimpleSign.PAdES.Tests\SimpleSign.PAdES.Tests.csproj::TargetFramework=net8.0]
D:\simplesign\SimpleSign\tests\unit\SimpleSign.PAdES.Tests\Signing\SignerBuilderEdgeCaseTests.cs(237,9): error CA1829: Use a propriedade "Count" em vez de Enumerable.Count() (https://learn.microsoft.com/dotnet/fundamentals/code-analysis/quality-rules/ca1829) [D:\simplesign\SimpleSign\tests\unit\SimpleSign.PAdES.Tests\SimpleSign.PAdES.Tests.csproj::TargetFramework=net8.0]
D:\simplesign\SimpleSign\tests\unit\SimpleSign.PAdES.Tests\Signing\LtvArchivalCorruptionTests.cs(151,9): error CA1829: Use a propriedade "Count" em vez de Enumerable.Count() (https://learn.microsoft.com/dotnet/fundamentals/code-analysis/quality-rules/ca1829) [D:\simplesign\SimpleSign\tests\unit\SimpleSign.PAdES.Tests\SimpleSign.PAdES.Tests.csproj::TargetFramework=net8.0]
D:\simplesign\SimpleSign\tests\unit\SimpleSign.PAdES.Tests\Validation\PdfSignatureValidatorTests.cs(130,13): error CA1829: Use a propriedade "Count" em vez de Enumerable.Count() (https://learn.microsoft.com/dotnet/fundamentals/code-analysis/quality-rules/ca1829) [D:\simplesign\SimpleSign\tests\unit\SimpleSign.PAdES.Tests\SimpleSign.PAdES.Tests.csproj::TargetFramework=net8.0]
D:\simplesign\SimpleSign\tests\unit\SimpleSign.PAdES.Tests\Validation\Phase3ProductionTests.cs(119,9): error CA1829: Use a propriedade "Length" em vez de Enumerable.Count() (https://learn.microsoft.com/dotnet/fundamentals/code-analysis/quality-rules/ca1829) [D:\simplesign\SimpleSign\tests\unit\SimpleSign.PAdES.Tests\SimpleSign.PAdES.Tests.csproj::TargetFramework=net8.0]
D:\simplesign\SimpleSign\tests\unit\SimpleSign.PAdES.Tests\Validation\Phase3ProductionTests.cs(120,9): error CA1829: Use a propriedade "Count" em vez de Enumerable.Count() (https://learn.microsoft.com/dotnet/fundamentals/code-analysis/quality-rules/ca1829) [D:\simplesign\SimpleSign\tests\unit\SimpleSign.PAdES.Tests\SimpleSign.PAdES.Tests.csproj::TargetFramework=net8.0]
D:\simplesign\SimpleSign\tests\unit\SimpleSign.PAdES.Tests\Validation\RoundTripValidationTests.cs(76,9): error CA1829: Use a propriedade "Count" em vez de Enumerable.Count() (https://learn.microsoft.com/dotnet/fundamentals/code-analysis/quality-rules/ca1829) [D:\simplesign\SimpleSign\tests\unit\SimpleSign.PAdES.Tests\SimpleSign.PAdES.Tests.csproj::TargetFramework=net8.0]
D:\simplesign\SimpleSign\tests\unit\SimpleSign.PAdES.Tests\Signing\LargeFileTests.cs(97,9): error CA1829: Use a propriedade "Count" em vez de Enumerable.Count() (https://learn.microsoft.com/dotnet/fundamentals/code-analysis/quality-rules/ca1829) [D:\simplesign\SimpleSign\tests\unit\SimpleSign.PAdES.Tests\SimpleSign.PAdES.Tests.csproj::TargetFramework=net8.0]
D:\simplesign\SimpleSign\tests\unit\SimpleSign.PAdES.Tests\Signing\DeferredSignerTests.cs(73,9): error CA1829: Use a propriedade "Count" em vez de Enumerable.Count() (https://learn.microsoft.com/dotnet/fundamentals/code-analysis/quality-rules/ca1829) [D:\simplesign\SimpleSign\tests\unit\SimpleSign.PAdES.Tests\SimpleSign.PAdES.Tests.csproj::TargetFramework=net8.0]
D:\simplesign\SimpleSign\tests\unit\SimpleSign.PAdES.Tests\Signing\DeferredSignerTests.cs(88,9): error CA1829: Use a propriedade "Count" em vez de Enumerable.Count() (https://learn.microsoft.com/dotnet/fundamentals/code-analysis/quality-rules/ca1829) [D:\simplesign\SimpleSign\tests\unit\SimpleSign.PAdES.Tests\SimpleSign.PAdES.Tests.csproj::TargetFramework=net8.0]
D:\simplesign\SimpleSign\tests\unit\SimpleSign.PAdES.Tests\Validation\ValidationEdgeCaseTests.cs(63,9): error CA1829: Use a propriedade "Count" em vez de Enumerable.Count() (https://learn.microsoft.com/dotnet/fundamentals/code-analysis/quality-rules/ca1829) [D:\simplesign\SimpleSign\tests\unit\SimpleSign.PAdES.Tests\SimpleSign.PAdES.Tests.csproj::TargetFramework=net8.0]
D:\simplesign\SimpleSign\tests\unit\SimpleSign.PAdES.Tests\Validation\ValidationEdgeCaseTests.cs(81,9): error CA1829: Use a propriedade "Count" em vez de Enumerable.Count() (https://learn.microsoft.com/dotnet/fundamentals/code-analysis/quality-rules/ca1829) [D:\simplesign\SimpleSign\tests\unit\SimpleSign.PAdES.Tests\SimpleSign.PAdES.Tests.csproj::TargetFramework=net8.0]
D:\simplesign\SimpleSign\tests\unit\SimpleSign.PAdES.Tests\Signing\DeferredSignerTests.cs(128,9): error CA1829: Use a propriedade "Count" em vez de Enumerable.Count() (https://learn.microsoft.com/dotnet/fundamentals/code-analysis/quality-rules/ca1829) [D:\simplesign\SimpleSign\tests\unit\SimpleSign.PAdES.Tests\SimpleSign.PAdES.Tests.csproj::TargetFramework=net8.0]
D:\simplesign\SimpleSign\tests\unit\SimpleSign.PAdES.Tests\Validation\ValidationEdgeCaseTests.cs(104,9): error CA1829: Use a propriedade "Count" em vez de Enumerable.Count() (https://learn.microsoft.com/dotnet/fundamentals/code-analysis/quality-rules/ca1829) [D:\simplesign\SimpleSign\tests\unit\SimpleSign.PAdES.Tests\SimpleSign.PAdES.Tests.csproj::TargetFramework=net8.0]
D:\simplesign\SimpleSign\tests\unit\SimpleSign.PAdES.Tests\Validation\Phase3ProductionTests.cs(216,9): error CA1829: Use a propriedade "Count" em vez de Enumerable.Count() (https://learn.microsoft.com/dotnet/fundamentals/code-analysis/quality-rules/ca1829) [D:\simplesign\SimpleSign\tests\unit\SimpleSign.PAdES.Tests\SimpleSign.PAdES.Tests.csproj::TargetFramework=net8.0]
D:\simplesign\SimpleSign\tests\unit\SimpleSign.PAdES.Tests\Validation\PdfSignatureValidatorTests.cs(149,9): error CA1829: Use a propriedade "Count" em vez de Enumerable.Count() (https://learn.microsoft.com/dotnet/fundamentals/code-analysis/quality-rules/ca1829) [D:\simplesign\SimpleSign\tests\unit\SimpleSign.PAdES.Tests\SimpleSign.PAdES.Tests.csproj::TargetFramework=net8.0]
D:\simplesign\SimpleSign\tests\unit\SimpleSign.PAdES.Tests\Validation\RoundTripValidationTests.cs(105,9): error CA1829: Use a propriedade "Count" em vez de Enumerable.Count() (https://learn.microsoft.com/dotnet/fundamentals/code-analysis/quality-rules/ca1829) [D:\simplesign\SimpleSign\tests\unit\SimpleSign.PAdES.Tests\SimpleSign.PAdES.Tests.csproj::TargetFramework=net8.0]
D:\simplesign\SimpleSign\tests\unit\SimpleSign.PAdES.Tests\Validation\ValidationEdgeCaseTests.cs(233,9): error CA1829: Use a propriedade "Count" em vez de Enumerable.Count() (https://learn.microsoft.com/dotnet/fundamentals/code-analysis/quality-rules/ca1829) [D:\simplesign\SimpleSign\tests\unit\SimpleSign.PAdES.Tests\SimpleSign.PAdES.Tests.csproj::TargetFramework=net8.0]
D:\simplesign\SimpleSign\tests\unit\SimpleSign.PAdES.Tests\Validation\ValidationEdgeCaseTests.cs(234,9): error CA1829: Use a propriedade "Count" em vez de Enumerable.Count() (https://learn.microsoft.com/dotnet/fundamentals/code-analysis/quality-rules/ca1829) [D:\simplesign\SimpleSign\tests\unit\SimpleSign.PAdES.Tests\SimpleSign.PAdES.Tests.csproj::TargetFramework=net8.0]
D:\simplesign\SimpleSign\tests\unit\SimpleSign.PAdES.Tests\Validation\RoundTripValidationTests.cs(135,9): error CA1829: Use a propriedade "Count" em vez de Enumerable.Count() (https://learn.microsoft.com/dotnet/fundamentals/code-analysis/quality-rules/ca1829) [D:\simplesign\SimpleSign\tests\unit\SimpleSign.PAdES.Tests\SimpleSign.PAdES.Tests.csproj::TargetFramework=net8.0]
D:\simplesign\SimpleSign\tests\unit\SimpleSign.PAdES.Tests\Signing\DocTimeStampWithAppearanceTests.cs(350,9): error CA1829: Use a propriedade "Count" em vez de Enumerable.Count() (https://learn.microsoft.com/dotnet/fundamentals/code-analysis/quality-rules/ca1829) [D:\simplesign\SimpleSign\tests\unit\SimpleSign.PAdES.Tests\SimpleSign.PAdES.Tests.csproj::TargetFramework=net8.0]
D:\simplesign\SimpleSign\tests\unit\SimpleSign.PAdES.Tests\Validation\RoundTripValidationTests.cs(178,9): error CA1829: Use a propriedade "Count" em vez de Enumerable.Count() (https://learn.microsoft.com/dotnet/fundamentals/code-analysis/quality-rules/ca1829) [D:\simplesign\SimpleSign\tests\unit\SimpleSign.PAdES.Tests\SimpleSign.PAdES.Tests.csproj::TargetFramework=net8.0]
D:\simplesign\SimpleSign\tests\unit\SimpleSign.PAdES.Tests\Validation\RoundTripValidationTests.cs(210,9): error CA1829: Use a propriedade "Count" em vez de Enumerable.Count() (https://learn.microsoft.com/dotnet/fundamentals/code-analysis/quality-rules/ca1829) [D:\simplesign\SimpleSign\tests\unit\SimpleSign.PAdES.Tests\SimpleSign.PAdES.Tests.csproj::TargetFramework=net8.0]
D:\simplesign\SimpleSign\tests\unit\SimpleSign.PAdES.Tests\Validation\Phase3ProductionTests.cs(428,9): error CA1829: Use a propriedade "Count" em vez de Enumerable.Count() (https://learn.microsoft.com/dotnet/fundamentals/code-analysis/quality-rules/ca1829) [D:\simplesign\SimpleSign\tests\unit\SimpleSign.PAdES.Tests\SimpleSign.PAdES.Tests.csproj::TargetFramework=net8.0]
D:\simplesign\SimpleSign\tests\unit\SimpleSign.PAdES.Tests\Validation\Phase3ProductionTests.cs(444,9): error CA1829: Use a propriedade "Count" em vez de Enumerable.Count() (https://learn.microsoft.com/dotnet/fundamentals/code-analysis/quality-rules/ca1829) [D:\simplesign\SimpleSign\tests\unit\SimpleSign.PAdES.Tests\SimpleSign.PAdES.Tests.csproj::TargetFramework=net8.0]
D:\simplesign\SimpleSign\tests\unit\SimpleSign.PAdES.Tests\Validation\ValidationEdgeCaseTests.cs(375,9): error CA1829: Use a propriedade "Count" em vez de Enumerable.Count() (https://learn.microsoft.com/dotnet/fundamentals/code-analysis/quality-rules/ca1829) [D:\simplesign\SimpleSign\tests\unit\SimpleSign.PAdES.Tests\SimpleSign.PAdES.Tests.csproj::TargetFramework=net8.0]
D:\simplesign\SimpleSign\tests\unit\SimpleSign.PAdES.Tests\Signing\DeferredSignerTests.cs(236,9): error CA1829: Use a propriedade "Count" em vez de Enumerable.Count() (https://learn.microsoft.com/dotnet/fundamentals/code-analysis/quality-rules/ca1829) [D:\simplesign\SimpleSign\tests\unit\SimpleSign.PAdES.Tests\SimpleSign.PAdES.Tests.csproj::TargetFramework=net8.0]
D:\simplesign\SimpleSign\tests\unit\SimpleSign.PAdES.Tests\Validation\ValidationEdgeCaseTests.cs(397,9): error CA1829: Use a propriedade "Count" em vez de Enumerable.Count() (https://learn.microsoft.com/dotnet/fundamentals/code-analysis/quality-rules/ca1829) [D:\simplesign\SimpleSign\tests\unit\SimpleSign.PAdES.Tests\SimpleSign.PAdES.Tests.csproj::TargetFramework=net8.0]
D:\simplesign\SimpleSign\tests\unit\SimpleSign.PAdES.Tests\Validation\RoundTripValidationTests.cs(236,9): error CA1829: Use a propriedade "Count" em vez de Enumerable.Count() (https://learn.microsoft.com/dotnet/fundamentals/code-analysis/quality-rules/ca1829) [D:\simplesign\SimpleSign\tests\unit\SimpleSign.PAdES.Tests\SimpleSign.PAdES.Tests.csproj::TargetFramework=net8.0]
D:\simplesign\SimpleSign\tests\unit\SimpleSign.PAdES.Tests\Validation\RoundTripValidationTests.cs(262,9): error CA1829: Use a propriedade "Count" em vez de Enumerable.Count() (https://learn.microsoft.com/dotnet/fundamentals/code-analysis/quality-rules/ca1829) [D:\simplesign\SimpleSign\tests\unit\SimpleSign.PAdES.Tests\SimpleSign.PAdES.Tests.csproj::TargetFramework=net8.0]
D:\simplesign\SimpleSign\tests\unit\SimpleSign.PAdES.Tests\Validation\Phase3ProductionTests.cs(575,9): error CA1829: Use a propriedade "Count" em vez de Enumerable.Count() (https://learn.microsoft.com/dotnet/fundamentals/code-analysis/quality-rules/ca1829) [D:\simplesign\SimpleSign\tests\unit\SimpleSign.PAdES.Tests\SimpleSign.PAdES.Tests.csproj::TargetFramework=net8.0]
D:\simplesign\SimpleSign\tests\integration\SimpleSign.Integration.Tests\SignatureValidationTests.cs(25,9): error CA1829: Use a propriedade "Count" em vez de Enumerable.Count() (https://learn.microsoft.com/dotnet/fundamentals/code-analysis/quality-rules/ca1829) [D:\simplesign\SimpleSign\tests\integration\SimpleSign.Integration.Tests\SimpleSign.Integration.Tests.csproj::TargetFramework=net8.0]
D:\simplesign\SimpleSign\tests\integration\SimpleSign.Integration.Tests\SignatureValidationTests.cs(41,9): error CA1829: Use a propriedade "Count" em vez de Enumerable.Count() (https://learn.microsoft.com/dotnet/fundamentals/code-analysis/quality-rules/ca1829) [D:\simplesign\SimpleSign\tests\integration\SimpleSign.Integration.Tests\SimpleSign.Integration.Tests.csproj::TargetFramework=net8.0]
D:\simplesign\SimpleSign\tests\integration\SimpleSign.Integration.Tests\SignatureValidationTests.cs(57,9): error CA1829: Use a propriedade "Count" em vez de Enumerable.Count() (https://learn.microsoft.com/dotnet/fundamentals/code-analysis/quality-rules/ca1829) [D:\simplesign\SimpleSign\tests\integration\SimpleSign.Integration.Tests\SimpleSign.Integration.Tests.csproj::TargetFramework=net8.0]
D:\simplesign\SimpleSign\tests\integration\SimpleSign.Integration.Tests\SignatureValidationTests.cs(73,9): error CA1829: Use a propriedade "Count" em vez de Enumerable.Count() (https://learn.microsoft.com/dotnet/fundamentals/code-analysis/quality-rules/ca1829) [D:\simplesign\SimpleSign\tests\integration\SimpleSign.Integration.Tests\SimpleSign.Integration.Tests.csproj::TargetFramework=net8.0]
D:\simplesign\SimpleSign\tests\integration\SimpleSign.Integration.Tests\SignatureValidationTests.cs(90,9): error CA1829: Use a propriedade "Count" em vez de Enumerable.Count() (https://learn.microsoft.com/dotnet/fundamentals/code-analysis/quality-rules/ca1829) [D:\simplesign\SimpleSign\tests\integration\SimpleSign.Integration.Tests\SimpleSign.Integration.Tests.csproj::TargetFramework=net8.0]
D:\simplesign\SimpleSign\tests\integration\SimpleSign.Integration.Tests\PdfParsingTests.cs(67,9): error CA1829: Use a propriedade "Count" em vez de Enumerable.Count() (https://learn.microsoft.com/dotnet/fundamentals/code-analysis/quality-rules/ca1829) [D:\simplesign\SimpleSign\tests\integration\SimpleSign.Integration.Tests\SimpleSign.Integration.Tests.csproj::TargetFramework=net8.0]
D:\simplesign\SimpleSign\tests\integration\SimpleSign.Integration.Tests\PdfParsingTests.cs(81,9): error CA1829: Use a propriedade "Count" em vez de Enumerable.Count() (https://learn.microsoft.com/dotnet/fundamentals/code-analysis/quality-rules/ca1829) [D:\simplesign\SimpleSign\tests\integration\SimpleSign.Integration.Tests\SimpleSign.Integration.Tests.csproj::TargetFramework=net8.0]
D:\simplesign\SimpleSign\tests\integration\SimpleSign.Integration.Tests\PdfParsingTests.cs(48,9): error CA1829: Use a propriedade "Count" em vez de Enumerable.Count() (https://learn.microsoft.com/dotnet/fundamentals/code-analysis/quality-rules/ca1829) [D:\simplesign\SimpleSign\tests\integration\SimpleSign.Integration.Tests\SimpleSign.Integration.Tests.csproj::TargetFramework=net8.0]
D:\simplesign\SimpleSign\tests\integration\SimpleSign.Integration.Tests\PdfParsingTests.cs(96,9): error CA1829: Use a propriedade "Count" em vez de Enumerable.Count() (https://learn.microsoft.com/dotnet/fundamentals/code-analysis/quality-rules/ca1829) [D:\simplesign\SimpleSign\tests\integration\SimpleSign.Integration.Tests\SimpleSign.Integration.Tests.csproj::TargetFramework=net8.0]
D:\simplesign\SimpleSign\tests\integration\SimpleSign.Integration.Tests\PAdESLevelTests.cs(75,9): error CA1829: Use a propriedade "Count" em vez de Enumerable.Count() (https://learn.microsoft.com/dotnet/fundamentals/code-analysis/quality-rules/ca1829) [D:\simplesign\SimpleSign\tests\integration\SimpleSign.Integration.Tests\SimpleSign.Integration.Tests.csproj::TargetFramework=net8.0]
D:\simplesign\SimpleSign\tests\integration\SimpleSign.Integration.Tests\PAdESLevelTests.cs(126,9): error CA1829: Use a propriedade "Count" em vez de Enumerable.Count() (https://learn.microsoft.com/dotnet/fundamentals/code-analysis/quality-rules/ca1829) [D:\simplesign\SimpleSign\tests\integration\SimpleSign.Integration.Tests\SimpleSign.Integration.Tests.csproj::TargetFramework=net8.0]
D:\simplesign\SimpleSign\tests\integration\SimpleSign.Integration.Tests\NegativeValidationTests.cs(26,9): error CA1829: Use a propriedade "Count" em vez de Enumerable.Count() (https://learn.microsoft.com/dotnet/fundamentals/code-analysis/quality-rules/ca1829) [D:\simplesign\SimpleSign\tests\integration\SimpleSign.Integration.Tests\SimpleSign.Integration.Tests.csproj::TargetFramework=net8.0]
D:\simplesign\SimpleSign\tests\integration\SimpleSign.Integration.Tests\NegativeValidationTests.cs(45,9): error CA1829: Use a propriedade "Count" em vez de Enumerable.Count() (https://learn.microsoft.com/dotnet/fundamentals/code-analysis/quality-rules/ca1829) [D:\simplesign\SimpleSign\tests\integration\SimpleSign.Integration.Tests\SimpleSign.Integration.Tests.csproj::TargetFramework=net8.0]
D:\simplesign\SimpleSign\tests\integration\SimpleSign.Integration.Tests\MultiSignatureValidationTests.cs(25,9): error CA1829: Use a propriedade "Count" em vez de Enumerable.Count() (https://learn.microsoft.com/dotnet/fundamentals/code-analysis/quality-rules/ca1829) [D:\simplesign\SimpleSign\tests\integration\SimpleSign.Integration.Tests\SimpleSign.Integration.Tests.csproj::TargetFramework=net8.0]
D:\simplesign\SimpleSign\tests\integration\SimpleSign.Integration.Tests\MultiSignatureValidationTests.cs(39,9): error CA1829: Use a propriedade "Count" em vez de Enumerable.Count() (https://learn.microsoft.com/dotnet/fundamentals/code-analysis/quality-rules/ca1829) [D:\simplesign\SimpleSign\tests\integration\SimpleSign.Integration.Tests\SimpleSign.Integration.Tests.csproj::TargetFramework=net8.0]
D:\simplesign\SimpleSign\tests\integration\SimpleSign.Integration.Tests\MultiSignatureValidationTests.cs(53,9): error CA1829: Use a propriedade "Count" em vez de Enumerable.Count() (https://learn.microsoft.com/dotnet/fundamentals/code-analysis/quality-rules/ca1829) [D:\simplesign\SimpleSign\tests\integration\SimpleSign.Integration.Tests\SimpleSign.Integration.Tests.csproj::TargetFramework=net8.0]
D:\simplesign\SimpleSign\tests\integration\SimpleSign.Integration.Tests\IncrementalUpdateTests.cs(21,9): error CA1829: Use a propriedade "Count" em vez de Enumerable.Count() (https://learn.microsoft.com/dotnet/fundamentals/code-analysis/quality-rules/ca1829) [D:\simplesign\SimpleSign\tests\integration\SimpleSign.Integration.Tests\SimpleSign.Integration.Tests.csproj::TargetFramework=net8.0]
D:\simplesign\SimpleSign\tests\integration\SimpleSign.Integration.Tests\IncrementalUpdateTests.cs(52,9): error CA1829: Use a propriedade "Count" em vez de Enumerable.Count() (https://learn.microsoft.com/dotnet/fundamentals/code-analysis/quality-rules/ca1829) [D:\simplesign\SimpleSign\tests\integration\SimpleSign.Integration.Tests\SimpleSign.Integration.Tests.csproj::TargetFramework=net8.0]
D:\simplesign\SimpleSign\tests\integration\SimpleSign.Integration.Tests\Iso32000RegressionTests.cs(33,9): error CA1829: Use a propriedade "Count" em vez de Enumerable.Count() (https://learn.microsoft.com/dotnet/fundamentals/code-analysis/quality-rules/ca1829) [D:\simplesign\SimpleSign\tests\integration\SimpleSign.Integration.Tests\SimpleSign.Integration.Tests.csproj::TargetFramework=net8.0]
D:\simplesign\SimpleSign\tests\integration\SimpleSign.Integration.Tests\Iso32000RegressionTests.cs(47,9): error CA1829: Use a propriedade "Count" em vez de Enumerable.Count() (https://learn.microsoft.com/dotnet/fundamentals/code-analysis/quality-rules/ca1829) [D:\simplesign\SimpleSign\tests\integration\SimpleSign.Integration.Tests\SimpleSign.Integration.Tests.csproj::TargetFramework=net8.0]
D:\simplesign\SimpleSign\tests\integration\SimpleSign.Integration.Tests\IncrementalUpdateTests.cs(67,9): error CA1829: Use a propriedade "Count" em vez de Enumerable.Count() (https://learn.microsoft.com/dotnet/fundamentals/code-analysis/quality-rules/ca1829) [D:\simplesign\SimpleSign\tests\integration\SimpleSign.Integration.Tests\SimpleSign.Integration.Tests.csproj::TargetFramework=net8.0]
D:\simplesign\SimpleSign\tests\unit\SimpleSign.PAdES.Tests\Inspection\PadesExtractorTests.cs(31,9): error CA1829: Use a propriedade "Count" em vez de Enumerable.Count() (https://learn.microsoft.com/dotnet/fundamentals/code-analysis/quality-rules/ca1829) [D:\simplesign\SimpleSign\tests\unit\SimpleSign.PAdES.Tests\SimpleSign.PAdES.Tests.csproj::TargetFramework=net10.0]
D:\simplesign\SimpleSign\tests\unit\SimpleSign.PAdES.Tests\EndToEnd\SyntheticPkiPadesEndToEndTests.cs(36,9): error CA1829: Use a propriedade "Count" em vez de Enumerable.Count() (https://learn.microsoft.com/dotnet/fundamentals/code-analysis/quality-rules/ca1829) [D:\simplesign\SimpleSign\tests\unit\SimpleSign.PAdES.Tests\SimpleSign.PAdES.Tests.csproj::TargetFramework=net10.0]
D:\simplesign\SimpleSign\tests\unit\SimpleSign.PAdES.Tests\Compliance\EtsiEn319142ComplianceTests.cs(51,9): error CA1829: Use a propriedade "Count" em vez de Enumerable.Count() (https://learn.microsoft.com/dotnet/fundamentals/code-analysis/quality-rules/ca1829) [D:\simplesign\SimpleSign\tests\unit\SimpleSign.PAdES.Tests\SimpleSign.PAdES.Tests.csproj::TargetFramework=net10.0]
D:\simplesign\SimpleSign\tests\unit\SimpleSign.PAdES.Tests\Inspection\PadesExtractorTests.cs(72,9): error CA1829: Use a propriedade "Count" em vez de Enumerable.Count() (https://learn.microsoft.com/dotnet/fundamentals/code-analysis/quality-rules/ca1829) [D:\simplesign\SimpleSign\tests\unit\SimpleSign.PAdES.Tests\SimpleSign.PAdES.Tests.csproj::TargetFramework=net10.0]
D:\simplesign\SimpleSign\tests\unit\SimpleSign.PAdES.Tests\Inspection\PdfSignatureInspectorTests.cs(88,9): error CA1829: Use a propriedade "Count" em vez de Enumerable.Count() (https://learn.microsoft.com/dotnet/fundamentals/code-analysis/quality-rules/ca1829) [D:\simplesign\SimpleSign\tests\unit\SimpleSign.PAdES.Tests\SimpleSign.PAdES.Tests.csproj::TargetFramework=net10.0]
D:\simplesign\SimpleSign\tests\unit\SimpleSign.PAdES.Tests\Inspection\PadesExtractorTests.cs(87,9): error CA1829: Use a propriedade "Count" em vez de Enumerable.Count() (https://learn.microsoft.com/dotnet/fundamentals/code-analysis/quality-rules/ca1829) [D:\simplesign\SimpleSign\tests\unit\SimpleSign.PAdES.Tests\SimpleSign.PAdES.Tests.csproj::TargetFramework=net10.0]
D:\simplesign\SimpleSign\tests\unit\SimpleSign.PAdES.Tests\Inspection\PadesExtractorTests.cs(101,9): error CA1829: Use a propriedade "Count" em vez de Enumerable.Count() (https://learn.microsoft.com/dotnet/fundamentals/code-analysis/quality-rules/ca1829) [D:\simplesign\SimpleSign\tests\unit\SimpleSign.PAdES.Tests\SimpleSign.PAdES.Tests.csproj::TargetFramework=net10.0]
D:\simplesign\SimpleSign\tests\unit\SimpleSign.PAdES.Tests\Inspection\ConformanceDetectorTests.cs(94,9): error CA1829: Use a propriedade "Count" em vez de Enumerable.Count() (https://learn.microsoft.com/dotnet/fundamentals/code-analysis/quality-rules/ca1829) [D:\simplesign\SimpleSign\tests\unit\SimpleSign.PAdES.Tests\SimpleSign.PAdES.Tests.csproj::TargetFramework=net10.0]
D:\simplesign\SimpleSign\tests\unit\SimpleSign.PAdES.Tests\Inspection\PadesExtractorTests.cs(191,9): error CA1829: Use a propriedade "Count" em vez de Enumerable.Count() (https://learn.microsoft.com/dotnet/fundamentals/code-analysis/quality-rules/ca1829) [D:\simplesign\SimpleSign\tests\unit\SimpleSign.PAdES.Tests\SimpleSign.PAdES.Tests.csproj::TargetFramework=net10.0]
D:\simplesign\SimpleSign\tests\unit\SimpleSign.PAdES.Tests\Validation\ValidationEdgeCaseTests.cs(63,9): error CA1829: Use a propriedade "Count" em vez de Enumerable.Count() (https://learn.microsoft.com/dotnet/fundamentals/code-analysis/quality-rules/ca1829) [D:\simplesign\SimpleSign\tests\unit\SimpleSign.PAdES.Tests\SimpleSign.PAdES.Tests.csproj::TargetFramework=net10.0]
D:\simplesign\SimpleSign\tests\unit\SimpleSign.PAdES.Tests\Inspection\PadesExtractorTests.cs(211,13): error CA1829: Use a propriedade "Count" em vez de Enumerable.Count() (https://learn.microsoft.com/dotnet/fundamentals/code-analysis/quality-rules/ca1829) [D:\simplesign\SimpleSign\tests\unit\SimpleSign.PAdES.Tests\SimpleSign.PAdES.Tests.csproj::TargetFramework=net10.0]
D:\simplesign\SimpleSign\tests\unit\SimpleSign.PAdES.Tests\Inspection\PadesExtractorTests.cs(229,9): error CA1829: Use a propriedade "Count" em vez de Enumerable.Count() (https://learn.microsoft.com/dotnet/fundamentals/code-analysis/quality-rules/ca1829) [D:\simplesign\SimpleSign\tests\unit\SimpleSign.PAdES.Tests\SimpleSign.PAdES.Tests.csproj::TargetFramework=net10.0]
D:\simplesign\SimpleSign\tests\unit\SimpleSign.PAdES.Tests\Validation\ValidationEdgeCaseTests.cs(81,9): error CA1829: Use a propriedade "Count" em vez de Enumerable.Count() (https://learn.microsoft.com/dotnet/fundamentals/code-analysis/quality-rules/ca1829) [D:\simplesign\SimpleSign\tests\unit\SimpleSign.PAdES.Tests\SimpleSign.PAdES.Tests.csproj::TargetFramework=net10.0]
D:\simplesign\SimpleSign\tests\unit\SimpleSign.PAdES.Tests\Inspection\PadesExtractorTests.cs(244,9): error CA1829: Use a propriedade "Count" em vez de Enumerable.Count() (https://learn.microsoft.com/dotnet/fundamentals/code-analysis/quality-rules/ca1829) [D:\simplesign\SimpleSign\tests\unit\SimpleSign.PAdES.Tests\SimpleSign.PAdES.Tests.csproj::TargetFramework=net10.0]
D:\simplesign\SimpleSign\tests\unit\SimpleSign.PAdES.Tests\RobustnessTests.cs(65,9): error CA1829: Use a propriedade "Count" em vez de Enumerable.Count() (https://learn.microsoft.com/dotnet/fundamentals/code-analysis/quality-rules/ca1829) [D:\simplesign\SimpleSign\tests\unit\SimpleSign.PAdES.Tests\SimpleSign.PAdES.Tests.csproj::TargetFramework=net10.0]
D:\simplesign\SimpleSign\tests\unit\SimpleSign.PAdES.Tests\RobustnessTests.cs(70,9): error CA1829: Use a propriedade "Count" em vez de Enumerable.Count() (https://learn.microsoft.com/dotnet/fundamentals/code-analysis/quality-rules/ca1829) [D:\simplesign\SimpleSign\tests\unit\SimpleSign.PAdES.Tests\SimpleSign.PAdES.Tests.csproj::TargetFramework=net10.0]
D:\simplesign\SimpleSign\tests\unit\SimpleSign.PAdES.Tests\Inspection\PadesExtractorTests.cs(263,9): error CA1829: Use a propriedade "Count" em vez de Enumerable.Count() (https://learn.microsoft.com/dotnet/fundamentals/code-analysis/quality-rules/ca1829) [D:\simplesign\SimpleSign\tests\unit\SimpleSign.PAdES.Tests\SimpleSign.PAdES.Tests.csproj::TargetFramework=net10.0]
D:\simplesign\SimpleSign\tests\unit\SimpleSign.PAdES.Tests\Inspection\PadesExtractorTests.cs(280,9): error CA1829: Use a propriedade "Count" em vez de Enumerable.Count() (https://learn.microsoft.com/dotnet/fundamentals/code-analysis/quality-rules/ca1829) [D:\simplesign\SimpleSign\tests\unit\SimpleSign.PAdES.Tests\SimpleSign.PAdES.Tests.csproj::TargetFramework=net10.0]
D:\simplesign\SimpleSign\tests\unit\SimpleSign.PAdES.Tests\RobustnessTests.cs(101,9): error CA1829: Use a propriedade "Count" em vez de Enumerable.Count() (https://learn.microsoft.com/dotnet/fundamentals/code-analysis/quality-rules/ca1829) [D:\simplesign\SimpleSign\tests\unit\SimpleSign.PAdES.Tests\SimpleSign.PAdES.Tests.csproj::TargetFramework=net10.0]
D:\simplesign\SimpleSign\tests\unit\SimpleSign.PAdES.Tests\Validation\ValidationEdgeCaseTests.cs(104,9): error CA1829: Use a propriedade "Count" em vez de Enumerable.Count() (https://learn.microsoft.com/dotnet/fundamentals/code-analysis/quality-rules/ca1829) [D:\simplesign\SimpleSign\tests\unit\SimpleSign.PAdES.Tests\SimpleSign.PAdES.Tests.csproj::TargetFramework=net10.0]
D:\simplesign\SimpleSign\tests\unit\SimpleSign.PAdES.Tests\Signing\SimpleSignerEndToEndTests.cs(57,9): error CA1829: Use a propriedade "Count" em vez de Enumerable.Count() (https://learn.microsoft.com/dotnet/fundamentals/code-analysis/quality-rules/ca1829) [D:\simplesign\SimpleSign\tests\unit\SimpleSign.PAdES.Tests\SimpleSign.PAdES.Tests.csproj::TargetFramework=net10.0]
D:\simplesign\SimpleSign\tests\unit\SimpleSign.PAdES.Tests\RobustnessTests.cs(115,9): error CA1829: Use a propriedade "Count" em vez de Enumerable.Count() (https://learn.microsoft.com/dotnet/fundamentals/code-analysis/quality-rules/ca1829) [D:\simplesign\SimpleSign\tests\unit\SimpleSign.PAdES.Tests\SimpleSign.PAdES.Tests.csproj::TargetFramework=net10.0]
D:\simplesign\SimpleSign\tests\unit\SimpleSign.PAdES.Tests\RobustnessTests.cs(131,9): error CA1829: Use a propriedade "Count" em vez de Enumerable.Count() (https://learn.microsoft.com/dotnet/fundamentals/code-analysis/quality-rules/ca1829) [D:\simplesign\SimpleSign\tests\unit\SimpleSign.PAdES.Tests\SimpleSign.PAdES.Tests.csproj::TargetFramework=net10.0]
D:\simplesign\SimpleSign\tests\unit\SimpleSign.PAdES.Tests\Signing\SimpleSignerEndToEndTests.cs(69,9): error CA1829: Use a propriedade "Count" em vez de Enumerable.Count() (https://learn.microsoft.com/dotnet/fundamentals/code-analysis/quality-rules/ca1829) [D:\simplesign\SimpleSign\tests\unit\SimpleSign.PAdES.Tests\SimpleSign.PAdES.Tests.csproj::TargetFramework=net10.0]
D:\simplesign\SimpleSign\tests\unit\SimpleSign.PAdES.Tests\Signing\SimpleSignerEndToEndTests.cs(82,9): error CA1829: Use a propriedade "Count" em vez de Enumerable.Count() (https://learn.microsoft.com/dotnet/fundamentals/code-analysis/quality-rules/ca1829) [D:\simplesign\SimpleSign\tests\unit\SimpleSign.PAdES.Tests\SimpleSign.PAdES.Tests.csproj::TargetFramework=net10.0]
D:\simplesign\SimpleSign\tests\unit\SimpleSign.PAdES.Tests\Signing\BatchErrorRecoveryTests.cs(44,9): error CA1829: Use a propriedade "Count" em vez de Enumerable.Count() (https://learn.microsoft.com/dotnet/fundamentals/code-analysis/quality-rules/ca1829) [D:\simplesign\SimpleSign\tests\unit\SimpleSign.PAdES.Tests\SimpleSign.PAdES.Tests.csproj::TargetFramework=net10.0]
D:\simplesign\SimpleSign\tests\unit\SimpleSign.PAdES.Tests\Signing\BatchErrorRecoveryTests.cs(49,9): error CA1829: Use a propriedade "Count" em vez de Enumerable.Count() (https://learn.microsoft.com/dotnet/fundamentals/code-analysis/quality-rules/ca1829) [D:\simplesign\SimpleSign\tests\unit\SimpleSign.PAdES.Tests\SimpleSign.PAdES.Tests.csproj::TargetFramework=net10.0]
D:\simplesign\SimpleSign\tests\unit\SimpleSign.PAdES.Tests\Signing\BatchErrorRecoveryTests.cs(52,9): error CA1829: Use a propriedade "Count" em vez de Enumerable.Count() (https://learn.microsoft.com/dotnet/fundamentals/code-analysis/quality-rules/ca1829) [D:\simplesign\SimpleSign\tests\unit\SimpleSign.PAdES.Tests\SimpleSign.PAdES.Tests.csproj::TargetFramework=net10.0]
D:\simplesign\SimpleSign\tests\unit\SimpleSign.PAdES.Tests\Signing\SimpleSignerEndToEndTests.cs(95,9): error CA1829: Use a propriedade "Count" em vez de Enumerable.Count() (https://learn.microsoft.com/dotnet/fundamentals/code-analysis/quality-rules/ca1829) [D:\simplesign\SimpleSign\tests\unit\SimpleSign.PAdES.Tests\SimpleSign.PAdES.Tests.csproj::TargetFramework=net10.0]
D:\simplesign\SimpleSign\tests\unit\SimpleSign.PAdES.Tests\Signing\BatchErrorRecoveryTests.cs(70,9): error CA1829: Use a propriedade "Count" em vez de Enumerable.Count() (https://learn.microsoft.com/dotnet/fundamentals/code-analysis/quality-rules/ca1829) [D:\simplesign\SimpleSign\tests\unit\SimpleSign.PAdES.Tests\SimpleSign.PAdES.Tests.csproj::TargetFramework=net10.0]
D:\simplesign\SimpleSign\tests\unit\SimpleSign.PAdES.Tests\Validation\ValidationEdgeCaseTests.cs(233,9): error CA1829: Use a propriedade "Count" em vez de Enumerable.Count() (https://learn.microsoft.com/dotnet/fundamentals/code-analysis/quality-rules/ca1829) [D:\simplesign\SimpleSign\tests\unit\SimpleSign.PAdES.Tests\SimpleSign.PAdES.Tests.csproj::TargetFramework=net10.0]
D:\simplesign\SimpleSign\tests\unit\SimpleSign.PAdES.Tests\Validation\ValidationEdgeCaseTests.cs(234,9): error CA1829: Use a propriedade "Count" em vez de Enumerable.Count() (https://learn.microsoft.com/dotnet/fundamentals/code-analysis/quality-rules/ca1829) [D:\simplesign\SimpleSign\tests\unit\SimpleSign.PAdES.Tests\SimpleSign.PAdES.Tests.csproj::TargetFramework=net10.0]
D:\simplesign\SimpleSign\tests\unit\SimpleSign.PAdES.Tests\Signing\SimpleSignerEndToEndTests.cs(107,9): error CA1829: Use a propriedade "Count" em vez de Enumerable.Count() (https://learn.microsoft.com/dotnet/fundamentals/code-analysis/quality-rules/ca1829) [D:\simplesign\SimpleSign\tests\unit\SimpleSign.PAdES.Tests\SimpleSign.PAdES.Tests.csproj::TargetFramework=net10.0]
D:\simplesign\SimpleSign\tests\unit\SimpleSign.PAdES.Tests\Compliance\EtsiEn319142ComplianceTests.cs(374,9): error CA1829: Use a propriedade "Count" em vez de Enumerable.Count() (https://learn.microsoft.com/dotnet/fundamentals/code-analysis/quality-rules/ca1829) [D:\simplesign\SimpleSign\tests\unit\SimpleSign.PAdES.Tests\SimpleSign.PAdES.Tests.csproj::TargetFramework=net10.0]
D:\simplesign\SimpleSign\tests\unit\SimpleSign.PAdES.Tests\Signing\SimpleSignerEndToEndTests.cs(121,9): error CA1829: Use a propriedade "Count" em vez de Enumerable.Count() (https://learn.microsoft.com/dotnet/fundamentals/code-analysis/quality-rules/ca1829) [D:\simplesign\SimpleSign\tests\unit\SimpleSign.PAdES.Tests\SimpleSign.PAdES.Tests.csproj::TargetFramework=net10.0]
D:\simplesign\SimpleSign\tests\unit\SimpleSign.PAdES.Tests\RobustnessTests.cs(189,9): error CA1829: Use a propriedade "Count" em vez de Enumerable.Count() (https://learn.microsoft.com/dotnet/fundamentals/code-analysis/quality-rules/ca1829) [D:\simplesign\SimpleSign\tests\unit\SimpleSign.PAdES.Tests\SimpleSign.PAdES.Tests.csproj::TargetFramework=net10.0]
D:\simplesign\SimpleSign\tests\unit\SimpleSign.PAdES.Tests\Signing\SignatureAppearanceEndToEndTests.cs(58,9): error CA1829: Use a propriedade "Count" em vez de Enumerable.Count() (https://learn.microsoft.com/dotnet/fundamentals/code-analysis/quality-rules/ca1829) [D:\simplesign\SimpleSign\tests\unit\SimpleSign.PAdES.Tests\SimpleSign.PAdES.Tests.csproj::TargetFramework=net10.0]
D:\simplesign\SimpleSign\tests\unit\SimpleSign.PAdES.Tests\MissingCoverageTests.cs(186,13): error CA1829: Use a propriedade "Count" em vez de Enumerable.Count() (https://learn.microsoft.com/dotnet/fundamentals/code-analysis/quality-rules/ca1829) [D:\simplesign\SimpleSign\tests\unit\SimpleSign.PAdES.Tests\SimpleSign.PAdES.Tests.csproj::TargetFramework=net10.0]
D:\simplesign\SimpleSign\tests\unit\SimpleSign.PAdES.Tests\Compliance\EtsiEn319142ComplianceTests.cs(434,9): error CA1829: Use a propriedade "Count" em vez de Enumerable.Count() (https://learn.microsoft.com/dotnet/fundamentals/code-analysis/quality-rules/ca1829) [D:\simplesign\SimpleSign\tests\unit\SimpleSign.PAdES.Tests\SimpleSign.PAdES.Tests.csproj::TargetFramework=net10.0]
D:\simplesign\SimpleSign\tests\unit\SimpleSign.PAdES.Tests\Signing\SignatureAppearanceEndToEndTests.cs(122,9): error CA1829: Use a propriedade "Count" em vez de Enumerable.Count() (https://learn.microsoft.com/dotnet/fundamentals/code-analysis/quality-rules/ca1829) [D:\simplesign\SimpleSign\tests\unit\SimpleSign.PAdES.Tests\SimpleSign.PAdES.Tests.csproj::TargetFramework=net10.0]
D:\simplesign\SimpleSign\tests\unit\SimpleSign.PAdES.Tests\MissingCoverageTests.cs(248,9): error CA1829: Use a propriedade "Count" em vez de Enumerable.Count() (https://learn.microsoft.com/dotnet/fundamentals/code-analysis/quality-rules/ca1829) [D:\simplesign\SimpleSign\tests\unit\SimpleSign.PAdES.Tests\SimpleSign.PAdES.Tests.csproj::TargetFramework=net10.0]
D:\simplesign\SimpleSign\tests\unit\SimpleSign.PAdES.Tests\MissingCoverageTests.cs(252,9): error CA1829: Use a propriedade "Count" em vez de Enumerable.Count() (https://learn.microsoft.com/dotnet/fundamentals/code-analysis/quality-rules/ca1829) [D:\simplesign\SimpleSign\tests\unit\SimpleSign.PAdES.Tests\SimpleSign.PAdES.Tests.csproj::TargetFramework=net10.0]
D:\simplesign\SimpleSign\tests\unit\SimpleSign.PAdES.Tests\RobustnessTests.cs(215,9): error CA1829: Use a propriedade "Length" em vez de Enumerable.Count() (https://learn.microsoft.com/dotnet/fundamentals/code-analysis/quality-rules/ca1829) [D:\simplesign\SimpleSign\tests\unit\SimpleSign.PAdES.Tests\SimpleSign.PAdES.Tests.csproj::TargetFramework=net10.0]
D:\simplesign\SimpleSign\tests\unit\SimpleSign.PAdES.Tests\RobustnessTests.cs(218,13): error CA1829: Use a propriedade "Count" em vez de Enumerable.Count() (https://learn.microsoft.com/dotnet/fundamentals/code-analysis/quality-rules/ca1829) [D:\simplesign\SimpleSign\tests\unit\SimpleSign.PAdES.Tests\SimpleSign.PAdES.Tests.csproj::TargetFramework=net10.0]
D:\simplesign\SimpleSign\tests\unit\SimpleSign.PAdES.Tests\Signing\BatchSignerBuilderTests.cs(57,9): error CA1829: Use a propriedade "Count" em vez de Enumerable.Count() (https://learn.microsoft.com/dotnet/fundamentals/code-analysis/quality-rules/ca1829) [D:\simplesign\SimpleSign\tests\unit\SimpleSign.PAdES.Tests\SimpleSign.PAdES.Tests.csproj::TargetFramework=net10.0]
D:\simplesign\SimpleSign\tests\unit\SimpleSign.PAdES.Tests\Validation\ValidationEdgeCaseTests.cs(375,9): error CA1829: Use a propriedade "Count" em vez de Enumerable.Count() (https://learn.microsoft.com/dotnet/fundamentals/code-analysis/quality-rules/ca1829) [D:\simplesign\SimpleSign\tests\unit\SimpleSign.PAdES.Tests\SimpleSign.PAdES.Tests.csproj::TargetFramework=net10.0]
D:\simplesign\SimpleSign\tests\unit\SimpleSign.PAdES.Tests\Validation\Phase3ProductionTests.cs(429,35): error IDE0055: Corrigir a formata├º├úo (https://learn.microsoft.com/dotnet/fundamentals/code-analysis/style-rules/ide0055) [D:\simplesign\SimpleSign\tests\unit\SimpleSign.PAdES.Tests\SimpleSign.PAdES.Tests.csproj::TargetFramework=net10.0]
D:\simplesign\SimpleSign\tests\unit\SimpleSign.PAdES.Tests\Validation\ValidationEdgeCaseTests.cs(397,9): error CA1829: Use a propriedade "Count" em vez de Enumerable.Count() (https://learn.microsoft.com/dotnet/fundamentals/code-analysis/quality-rules/ca1829) [D:\simplesign\SimpleSign\tests\unit\SimpleSign.PAdES.Tests\SimpleSign.PAdES.Tests.csproj::TargetFramework=net10.0]
D:\simplesign\SimpleSign\tests\unit\SimpleSign.PAdES.Tests\Signing\SimpleSignerEndToEndTests.cs(142,9): error CA1829: Use a propriedade "Count" em vez de Enumerable.Count() (https://learn.microsoft.com/dotnet/fundamentals/code-analysis/quality-rules/ca1829) [D:\simplesign\SimpleSign\tests\unit\SimpleSign.PAdES.Tests\SimpleSign.PAdES.Tests.csproj::TargetFramework=net10.0]
D:\simplesign\SimpleSign\tests\unit\SimpleSign.PAdES.Tests\RobustnessTests.cs(238,9): error CA1829: Use a propriedade "Count" em vez de Enumerable.Count() (https://learn.microsoft.com/dotnet/fundamentals/code-analysis/quality-rules/ca1829) [D:\simplesign\SimpleSign\tests\unit\SimpleSign.PAdES.Tests\SimpleSign.PAdES.Tests.csproj::TargetFramework=net10.0]
D:\simplesign\SimpleSign\tests\unit\SimpleSign.PAdES.Tests\Validation\RoundTripValidationTests.cs(179,35): error IDE0055: Corrigir a formata├º├úo (https://learn.microsoft.com/dotnet/fundamentals/code-analysis/style-rules/ide0055) [D:\simplesign\SimpleSign\tests\unit\SimpleSign.PAdES.Tests\SimpleSign.PAdES.Tests.csproj::TargetFramework=net10.0]
D:\simplesign\SimpleSign\tests\unit\SimpleSign.PAdES.Tests\RobustnessTests.cs(252,9): error CA1829: Use a propriedade "Count" em vez de Enumerable.Count() (https://learn.microsoft.com/dotnet/fundamentals/code-analysis/quality-rules/ca1829) [D:\simplesign\SimpleSign\tests\unit\SimpleSign.PAdES.Tests\SimpleSign.PAdES.Tests.csproj::TargetFramework=net10.0]
D:\simplesign\SimpleSign\tests\unit\SimpleSign.PAdES.Tests\Signing\SimpleSignerEndToEndTests.cs(155,9): error CA1829: Use a propriedade "Count" em vez de Enumerable.Count() (https://learn.microsoft.com/dotnet/fundamentals/code-analysis/quality-rules/ca1829) [D:\simplesign\SimpleSign\tests\unit\SimpleSign.PAdES.Tests\SimpleSign.PAdES.Tests.csproj::TargetFramework=net10.0]
D:\simplesign\SimpleSign\tests\unit\SimpleSign.PAdES.Tests\RobustnessTests.cs(269,9): error CA1829: Use a propriedade "Count" em vez de Enumerable.Count() (https://learn.microsoft.com/dotnet/fundamentals/code-analysis/quality-rules/ca1829) [D:\simplesign\SimpleSign\tests\unit\SimpleSign.PAdES.Tests\SimpleSign.PAdES.Tests.csproj::TargetFramework=net10.0]
D:\simplesign\SimpleSign\tests\unit\SimpleSign.PAdES.Tests\Signing\SignerBuilderEdgeCaseTests.cs(123,9): error CA1829: Use a propriedade "Count" em vez de Enumerable.Count() (https://learn.microsoft.com/dotnet/fundamentals/code-analysis/quality-rules/ca1829) [D:\simplesign\SimpleSign\tests\unit\SimpleSign.PAdES.Tests\SimpleSign.PAdES.Tests.csproj::TargetFramework=net10.0]
D:\simplesign\SimpleSign\tests\unit\SimpleSign.PAdES.Tests\Signing\SignerBuilderEdgeCaseTests.cs(165,13): error CA1829: Use a propriedade "Count" em vez de Enumerable.Count() (https://learn.microsoft.com/dotnet/fundamentals/code-analysis/quality-rules/ca1829) [D:\simplesign\SimpleSign\tests\unit\SimpleSign.PAdES.Tests\SimpleSign.PAdES.Tests.csproj::TargetFramework=net10.0]
D:\simplesign\SimpleSign\tests\unit\SimpleSign.PAdES.Tests\Signing\SignerBuilderEdgeCaseTests.cs(184,13): error CA1829: Use a propriedade "Count" em vez de Enumerable.Count() (https://learn.microsoft.com/dotnet/fundamentals/code-analysis/quality-rules/ca1829) [D:\simplesign\SimpleSign\tests\unit\SimpleSign.PAdES.Tests\SimpleSign.PAdES.Tests.csproj::TargetFramework=net10.0]
D:\simplesign\SimpleSign\tests\unit\SimpleSign.PAdES.Tests\RobustnessTests.cs(299,17): error CA1829: Use a propriedade "Count" em vez de Enumerable.Count() (https://learn.microsoft.com/dotnet/fundamentals/code-analysis/quality-rules/ca1829) [D:\simplesign\SimpleSign\tests\unit\SimpleSign.PAdES.Tests\SimpleSign.PAdES.Tests.csproj::TargetFramework=net10.0]
D:\simplesign\SimpleSign\tests\unit\SimpleSign.PAdES.Tests\Signing\SignerBuilderEdgeCaseTests.cs(201,9): error CA1829: Use a propriedade "Count" em vez de Enumerable.Count() (https://learn.microsoft.com/dotnet/fundamentals/code-analysis/quality-rules/ca1829) [D:\simplesign\SimpleSign\tests\unit\SimpleSign.PAdES.Tests\SimpleSign.PAdES.Tests.csproj::TargetFramework=net10.0]
D:\simplesign\SimpleSign\tests\unit\SimpleSign.PAdES.Tests\Signing\SignerBuilderEdgeCaseTests.cs(213,9): error CA1829: Use a propriedade "Count" em vez de Enumerable.Count() (https://learn.microsoft.com/dotnet/fundamentals/code-analysis/quality-rules/ca1829) [D:\simplesign\SimpleSign\tests\unit\SimpleSign.PAdES.Tests\SimpleSign.PAdES.Tests.csproj::TargetFramework=net10.0]
D:\simplesign\SimpleSign\tests\unit\SimpleSign.PAdES.Tests\Signing\SignerBuilderEdgeCaseTests.cs(225,9): error CA1829: Use a propriedade "Count" em vez de Enumerable.Count() (https://learn.microsoft.com/dotnet/fundamentals/code-analysis/quality-rules/ca1829) [D:\simplesign\SimpleSign\tests\unit\SimpleSign.PAdES.Tests\SimpleSign.PAdES.Tests.csproj::TargetFramework=net10.0]
D:\simplesign\SimpleSign\tests\unit\SimpleSign.PAdES.Tests\Validation\RoundTripValidationTests.cs(105,9): error CA1829: Use a propriedade "Count" em vez de Enumerable.Count() (https://learn.microsoft.com/dotnet/fundamentals/code-analysis/quality-rules/ca1829) [D:\simplesign\SimpleSign\tests\unit\SimpleSign.PAdES.Tests\SimpleSign.PAdES.Tests.csproj::TargetFramework=net10.0]
D:\simplesign\SimpleSign\tests\unit\SimpleSign.PAdES.Tests\Validation\RoundTripValidationTests.cs(76,9): error CA1829: Use a propriedade "Count" em vez de Enumerable.Count() (https://learn.microsoft.com/dotnet/fundamentals/code-analysis/quality-rules/ca1829) [D:\simplesign\SimpleSign\tests\unit\SimpleSign.PAdES.Tests\SimpleSign.PAdES.Tests.csproj::TargetFramework=net10.0]
D:\simplesign\SimpleSign\tests\unit\SimpleSign.PAdES.Tests\Validation\RoundTripValidationTests.cs(135,9): error CA1829: Use a propriedade "Count" em vez de Enumerable.Count() (https://learn.microsoft.com/dotnet/fundamentals/code-analysis/quality-rules/ca1829) [D:\simplesign\SimpleSign\tests\unit\SimpleSign.PAdES.Tests\SimpleSign.PAdES.Tests.csproj::TargetFramework=net10.0]
D:\simplesign\SimpleSign\tests\unit\SimpleSign.PAdES.Tests\Signing\BatchSignerTests.cs(85,9): error CA1829: Use a propriedade "Count" em vez de Enumerable.Count() (https://learn.microsoft.com/dotnet/fundamentals/code-analysis/quality-rules/ca1829) [D:\simplesign\SimpleSign\tests\unit\SimpleSign.PAdES.Tests\SimpleSign.PAdES.Tests.csproj::TargetFramework=net10.0]
D:\simplesign\SimpleSign\tests\unit\SimpleSign.PAdES.Tests\Validation\RoundTripValidationTests.cs(210,9): error CA1829: Use a propriedade "Count" em vez de Enumerable.Count() (https://learn.microsoft.com/dotnet/fundamentals/code-analysis/quality-rules/ca1829) [D:\simplesign\SimpleSign\tests\unit\SimpleSign.PAdES.Tests\SimpleSign.PAdES.Tests.csproj::TargetFramework=net10.0]
D:\simplesign\SimpleSign\tests\unit\SimpleSign.PAdES.Tests\RobustnessTests.cs(317,17): error CA1508: 'stream != null' ├® sempre 'true'. Remova ou refatore as condi├º├Áes para evitar um c├│digo morto. (https://learn.microsoft.com/dotnet/fundamentals/code-analysis/quality-rules/ca1508) [D:\simplesign\SimpleSign\tests\unit\SimpleSign.PAdES.Tests\SimpleSign.PAdES.Tests.csproj::TargetFramework=net10.0]
D:\simplesign\SimpleSign\tests\unit\SimpleSign.PAdES.Tests\Validation\RoundTripValidationTests.cs(178,9): error CA1829: Use a propriedade "Count" em vez de Enumerable.Count() (https://learn.microsoft.com/dotnet/fundamentals/code-analysis/quality-rules/ca1829) [D:\simplesign\SimpleSign\tests\unit\SimpleSign.PAdES.Tests\SimpleSign.PAdES.Tests.csproj::TargetFramework=net10.0]
D:\simplesign\SimpleSign\tests\unit\SimpleSign.PAdES.Tests\Signing\SignerBuilderEdgeCaseTests.cs(237,9): error CA1829: Use a propriedade "Count" em vez de Enumerable.Count() (https://learn.microsoft.com/dotnet/fundamentals/code-analysis/quality-rules/ca1829) [D:\simplesign\SimpleSign\tests\unit\SimpleSign.PAdES.Tests\SimpleSign.PAdES.Tests.csproj::TargetFramework=net10.0]
D:\simplesign\SimpleSign\tests\unit\SimpleSign.PAdES.Tests\Validation\RoundTripValidationTests.cs(236,9): error CA1829: Use a propriedade "Count" em vez de Enumerable.Count() (https://learn.microsoft.com/dotnet/fundamentals/code-analysis/quality-rules/ca1829) [D:\simplesign\SimpleSign\tests\unit\SimpleSign.PAdES.Tests\SimpleSign.PAdES.Tests.csproj::TargetFramework=net10.0]
D:\simplesign\SimpleSign\tests\unit\SimpleSign.PAdES.Tests\Validation\Phase3ProductionTests.cs(119,9): error CA1829: Use a propriedade "Length" em vez de Enumerable.Count() (https://learn.microsoft.com/dotnet/fundamentals/code-analysis/quality-rules/ca1829) [D:\simplesign\SimpleSign\tests\unit\SimpleSign.PAdES.Tests\SimpleSign.PAdES.Tests.csproj::TargetFramework=net10.0]
D:\simplesign\SimpleSign\tests\unit\SimpleSign.PAdES.Tests\Validation\Phase3ProductionTests.cs(120,9): error CA1829: Use a propriedade "Count" em vez de Enumerable.Count() (https://learn.microsoft.com/dotnet/fundamentals/code-analysis/quality-rules/ca1829) [D:\simplesign\SimpleSign\tests\unit\SimpleSign.PAdES.Tests\SimpleSign.PAdES.Tests.csproj::TargetFramework=net10.0]
D:\simplesign\SimpleSign\tests\unit\SimpleSign.PAdES.Tests\Validation\RoundTripValidationTests.cs(262,9): error CA1829: Use a propriedade "Count" em vez de Enumerable.Count() (https://learn.microsoft.com/dotnet/fundamentals/code-analysis/quality-rules/ca1829) [D:\simplesign\SimpleSign\tests\unit\SimpleSign.PAdES.Tests\SimpleSign.PAdES.Tests.csproj::TargetFramework=net10.0]
D:\simplesign\SimpleSign\tests\unit\SimpleSign.PAdES.Tests\Validation\Phase3ProductionTests.cs(216,9): error CA1829: Use a propriedade "Count" em vez de Enumerable.Count() (https://learn.microsoft.com/dotnet/fundamentals/code-analysis/quality-rules/ca1829) [D:\simplesign\SimpleSign\tests\unit\SimpleSign.PAdES.Tests\SimpleSign.PAdES.Tests.csproj::TargetFramework=net10.0]
D:\simplesign\SimpleSign\tests\unit\SimpleSign.PAdES.Tests\Validation\Phase3ProductionTests.cs(444,9): error CA1829: Use a propriedade "Count" em vez de Enumerable.Count() (https://learn.microsoft.com/dotnet/fundamentals/code-analysis/quality-rules/ca1829) [D:\simplesign\SimpleSign\tests\unit\SimpleSign.PAdES.Tests\SimpleSign.PAdES.Tests.csproj::TargetFramework=net10.0]
D:\simplesign\SimpleSign\tests\unit\SimpleSign.PAdES.Tests\Validation\Phase3ProductionTests.cs(428,9): error CA1829: Use a propriedade "Count" em vez de Enumerable.Count() (https://learn.microsoft.com/dotnet/fundamentals/code-analysis/quality-rules/ca1829) [D:\simplesign\SimpleSign\tests\unit\SimpleSign.PAdES.Tests\SimpleSign.PAdES.Tests.csproj::TargetFramework=net10.0]
D:\simplesign\SimpleSign\tests\unit\SimpleSign.PAdES.Tests\Validation\Phase3ProductionTests.cs(575,9): error CA1829: Use a propriedade "Count" em vez de Enumerable.Count() (https://learn.microsoft.com/dotnet/fundamentals/code-analysis/quality-rules/ca1829) [D:\simplesign\SimpleSign\tests\unit\SimpleSign.PAdES.Tests\SimpleSign.PAdES.Tests.csproj::TargetFramework=net10.0]
D:\simplesign\SimpleSign\tests\unit\SimpleSign.PAdES.Tests\Signing\PdfSignatureWriterInternalsTests.cs(170,9): error CA1829: Use a propriedade "Length" em vez de Enumerable.Count() (https://learn.microsoft.com/dotnet/fundamentals/code-analysis/quality-rules/ca1829) [D:\simplesign\SimpleSign\tests\unit\SimpleSign.PAdES.Tests\SimpleSign.PAdES.Tests.csproj::TargetFramework=net10.0]
D:\simplesign\SimpleSign\tests\unit\SimpleSign.PAdES.Tests\Signing\PdfAPreservationValidatorTests.cs(23,9): error CA1829: Use a propriedade "Count" em vez de Enumerable.Count() (https://learn.microsoft.com/dotnet/fundamentals/code-analysis/quality-rules/ca1829) [D:\simplesign\SimpleSign\tests\unit\SimpleSign.PAdES.Tests\SimpleSign.PAdES.Tests.csproj::TargetFramework=net10.0]
D:\simplesign\SimpleSign\tests\unit\SimpleSign.PAdES.Tests\Signing\PdfAPreservationValidatorTests.cs(32,9): error CA1829: Use a propriedade "Count" em vez de Enumerable.Count() (https://learn.microsoft.com/dotnet/fundamentals/code-analysis/quality-rules/ca1829) [D:\simplesign\SimpleSign\tests\unit\SimpleSign.PAdES.Tests\SimpleSign.PAdES.Tests.csproj::TargetFramework=net10.0]
D:\simplesign\SimpleSign\tests\unit\SimpleSign.PAdES.Tests\Signing\PdfAPreservationValidatorTests.cs(56,9): error CA1829: Use a propriedade "Count" em vez de Enumerable.Count() (https://learn.microsoft.com/dotnet/fundamentals/code-analysis/quality-rules/ca1829) [D:\simplesign\SimpleSign\tests\unit\SimpleSign.PAdES.Tests\SimpleSign.PAdES.Tests.csproj::TargetFramework=net10.0]
D:\simplesign\SimpleSign\tests\unit\SimpleSign.PAdES.Tests\Validation\PdfSignatureValidatorTests.cs(149,9): error CA1829: Use a propriedade "Count" em vez de Enumerable.Count() (https://learn.microsoft.com/dotnet/fundamentals/code-analysis/quality-rules/ca1829) [D:\simplesign\SimpleSign\tests\unit\SimpleSign.PAdES.Tests\SimpleSign.PAdES.Tests.csproj::TargetFramework=net10.0]
D:\simplesign\SimpleSign\tests\unit\SimpleSign.PAdES.Tests\Validation\PdfSignatureValidatorTests.cs(130,13): error CA1829: Use a propriedade "Count" em vez de Enumerable.Count() (https://learn.microsoft.com/dotnet/fundamentals/code-analysis/quality-rules/ca1829) [D:\simplesign\SimpleSign\tests\unit\SimpleSign.PAdES.Tests\SimpleSign.PAdES.Tests.csproj::TargetFramework=net10.0]
D:\simplesign\SimpleSign\tests\unit\SimpleSign.PAdES.Tests\Validation\DssExtractorTests.cs(72,25): error CA1861: Prefira campos 'static readonly' em vez de argumentos de matriz constante se o m├®todo chamado for chamado repetidamente e n├úo estiver modificando a matriz passada (https://learn.microsoft.com/dotnet/fundamentals/code-analysis/quality-rules/ca1861) [D:\simplesign\SimpleSign\tests\unit\SimpleSign.PAdES.Tests\SimpleSign.PAdES.Tests.csproj::TargetFramework=net10.0]
D:\simplesign\SimpleSign\tests\unit\SimpleSign.PAdES.Tests\Validation\DssExtractorTests.cs(80,25): error CA1861: Prefira campos 'static readonly' em vez de argumentos de matriz constante se o m├®todo chamado for chamado repetidamente e n├úo estiver modificando a matriz passada (https://learn.microsoft.com/dotnet/fundamentals/code-analysis/quality-rules/ca1861) [D:\simplesign\SimpleSign\tests\unit\SimpleSign.PAdES.Tests\SimpleSign.PAdES.Tests.csproj::TargetFramework=net10.0]
D:\simplesign\SimpleSign\tests\unit\SimpleSign.PAdES.Tests\Validation\DssExtractorTests.cs(168,9): error CA1829: Use a propriedade "Count" em vez de Enumerable.Count() (https://learn.microsoft.com/dotnet/fundamentals/code-analysis/quality-rules/ca1829) [D:\simplesign\SimpleSign\tests\unit\SimpleSign.PAdES.Tests\SimpleSign.PAdES.Tests.csproj::TargetFramework=net10.0]
D:\simplesign\SimpleSign\tests\unit\SimpleSign.PAdES.Tests\Validation\BulkValidatorTests.cs(75,9): error CA1829: Use a propriedade "Count" em vez de Enumerable.Count() (https://learn.microsoft.com/dotnet/fundamentals/code-analysis/quality-rules/ca1829) [D:\simplesign\SimpleSign\tests\unit\SimpleSign.PAdES.Tests\SimpleSign.PAdES.Tests.csproj::TargetFramework=net10.0]
D:\simplesign\SimpleSign\tests\unit\SimpleSign.PAdES.Tests\Validation\BulkValidatorTests.cs(106,9): error CA1829: Use a propriedade "Count" em vez de Enumerable.Count() (https://learn.microsoft.com/dotnet/fundamentals/code-analysis/quality-rules/ca1829) [D:\simplesign\SimpleSign\tests\unit\SimpleSign.PAdES.Tests\SimpleSign.PAdES.Tests.csproj::TargetFramework=net10.0]
D:\simplesign\SimpleSign\tests\unit\SimpleSign.PAdES.Tests\Validation\BulkValidatorTests.cs(110,9): error CA1829: Use a propriedade "Count" em vez de Enumerable.Count() (https://learn.microsoft.com/dotnet/fundamentals/code-analysis/quality-rules/ca1829) [D:\simplesign\SimpleSign\tests\unit\SimpleSign.PAdES.Tests\SimpleSign.PAdES.Tests.csproj::TargetFramework=net10.0]
D:\simplesign\SimpleSign\tests\unit\SimpleSign.PAdES.Tests\Validation\BulkValidatorTests.cs(111,9): error CA1829: Use a propriedade "Count" em vez de Enumerable.Count() (https://learn.microsoft.com/dotnet/fundamentals/code-analysis/quality-rules/ca1829) [D:\simplesign\SimpleSign\tests\unit\SimpleSign.PAdES.Tests\SimpleSign.PAdES.Tests.csproj::TargetFramework=net10.0]
D:\simplesign\SimpleSign\tests\unit\SimpleSign.PAdES.Tests\Signing\ConcurrencyTests.cs(41,9): error CA1829: Use a propriedade "Length" em vez de Enumerable.Count() (https://learn.microsoft.com/dotnet/fundamentals/code-analysis/quality-rules/ca1829) [D:\simplesign\SimpleSign\tests\unit\SimpleSign.PAdES.Tests\SimpleSign.PAdES.Tests.csproj::TargetFramework=net10.0]
D:\simplesign\SimpleSign\tests\unit\SimpleSign.PAdES.Tests\Signing\ConcurrencyTests.cs(59,9): error CA1829: Use a propriedade "Length" em vez de Enumerable.Count() (https://learn.microsoft.com/dotnet/fundamentals/code-analysis/quality-rules/ca1829) [D:\simplesign\SimpleSign\tests\unit\SimpleSign.PAdES.Tests\SimpleSign.PAdES.Tests.csproj::TargetFramework=net10.0]
D:\simplesign\SimpleSign\tests\unit\SimpleSign.PAdES.Tests\Signing\LtvArchivalCorruptionTests.cs(151,9): error CA1829: Use a propriedade "Count" em vez de Enumerable.Count() (https://learn.microsoft.com/dotnet/fundamentals/code-analysis/quality-rules/ca1829) [D:\simplesign\SimpleSign\tests\unit\SimpleSign.PAdES.Tests\SimpleSign.PAdES.Tests.csproj::TargetFramework=net10.0]
D:\simplesign\SimpleSign\tests\unit\SimpleSign.PAdES.Tests\Signing\ConcurrencyTests.cs(79,9): error CA1829: Use a propriedade "Count" em vez de Enumerable.Count() (https://learn.microsoft.com/dotnet/fundamentals/code-analysis/quality-rules/ca1829) [D:\simplesign\SimpleSign\tests\unit\SimpleSign.PAdES.Tests\SimpleSign.PAdES.Tests.csproj::TargetFramework=net10.0]
D:\simplesign\SimpleSign\tests\unit\SimpleSign.PAdES.Tests\Signing\DeferredSignerEdgeCaseTests.cs(102,9): error CA1829: Use a propriedade "Length" em vez de Enumerable.Count() (https://learn.microsoft.com/dotnet/fundamentals/code-analysis/quality-rules/ca1829) [D:\simplesign\SimpleSign\tests\unit\SimpleSign.PAdES.Tests\SimpleSign.PAdES.Tests.csproj::TargetFramework=net10.0]
D:\simplesign\SimpleSign\tests\unit\SimpleSign.PAdES.Tests\Signing\DeferredSignerTests.cs(73,9): error CA1829: Use a propriedade "Count" em vez de Enumerable.Count() (https://learn.microsoft.com/dotnet/fundamentals/code-analysis/quality-rules/ca1829) [D:\simplesign\SimpleSign\tests\unit\SimpleSign.PAdES.Tests\SimpleSign.PAdES.Tests.csproj::TargetFramework=net10.0]
D:\simplesign\SimpleSign\tests\unit\SimpleSign.PAdES.Tests\Signing\DeferredSignerTests.cs(88,9): error CA1829: Use a propriedade "Count" em vez de Enumerable.Count() (https://learn.microsoft.com/dotnet/fundamentals/code-analysis/quality-rules/ca1829) [D:\simplesign\SimpleSign\tests\unit\SimpleSign.PAdES.Tests\SimpleSign.PAdES.Tests.csproj::TargetFramework=net10.0]
D:\simplesign\SimpleSign\tests\unit\SimpleSign.PAdES.Tests\Signing\DeferredSignerTests.cs(128,9): error CA1829: Use a propriedade "Count" em vez de Enumerable.Count() (https://learn.microsoft.com/dotnet/fundamentals/code-analysis/quality-rules/ca1829) [D:\simplesign\SimpleSign\tests\unit\SimpleSign.PAdES.Tests\SimpleSign.PAdES.Tests.csproj::TargetFramework=net10.0]
D:\simplesign\SimpleSign\tests\unit\SimpleSign.PAdES.Tests\Signing\DeferredSignerTests.cs(236,9): error CA1829: Use a propriedade "Count" em vez de Enumerable.Count() (https://learn.microsoft.com/dotnet/fundamentals/code-analysis/quality-rules/ca1829) [D:\simplesign\SimpleSign\tests\unit\SimpleSign.PAdES.Tests\SimpleSign.PAdES.Tests.csproj::TargetFramework=net10.0]
D:\simplesign\SimpleSign\tests\unit\SimpleSign.PAdES.Tests\Signing\LargeFileTests.cs(97,9): error CA1829: Use a propriedade "Count" em vez de Enumerable.Count() (https://learn.microsoft.com/dotnet/fundamentals/code-analysis/quality-rules/ca1829) [D:\simplesign\SimpleSign\tests\unit\SimpleSign.PAdES.Tests\SimpleSign.PAdES.Tests.csproj::TargetFramework=net10.0]
D:\simplesign\SimpleSign\tests\unit\SimpleSign.PAdES.Tests\Signing\DocTimeStampWithAppearanceTests.cs(350,9): error CA1829: Use a propriedade "Count" em vez de Enumerable.Count() (https://learn.microsoft.com/dotnet/fundamentals/code-analysis/quality-rules/ca1829) [D:\simplesign\SimpleSign\tests\unit\SimpleSign.PAdES.Tests\SimpleSign.PAdES.Tests.csproj::TargetFramework=net10.0]
D:\simplesign\SimpleSign\tests\integration\SimpleSign.Integration.Tests\MultiSignatureValidationTests.cs(25,9): error CA1829: Use a propriedade "Count" em vez de Enumerable.Count() (https://learn.microsoft.com/dotnet/fundamentals/code-analysis/quality-rules/ca1829) [D:\simplesign\SimpleSign\tests\integration\SimpleSign.Integration.Tests\SimpleSign.Integration.Tests.csproj::TargetFramework=net10.0]
D:\simplesign\SimpleSign\tests\integration\SimpleSign.Integration.Tests\SignatureValidationTests.cs(25,9): error CA1829: Use a propriedade "Count" em vez de Enumerable.Count() (https://learn.microsoft.com/dotnet/fundamentals/code-analysis/quality-rules/ca1829) [D:\simplesign\SimpleSign\tests\integration\SimpleSign.Integration.Tests\SimpleSign.Integration.Tests.csproj::TargetFramework=net10.0]
D:\simplesign\SimpleSign\tests\integration\SimpleSign.Integration.Tests\IncrementalUpdateTests.cs(21,9): error CA1829: Use a propriedade "Count" em vez de Enumerable.Count() (https://learn.microsoft.com/dotnet/fundamentals/code-analysis/quality-rules/ca1829) [D:\simplesign\SimpleSign\tests\integration\SimpleSign.Integration.Tests\SimpleSign.Integration.Tests.csproj::TargetFramework=net10.0]
D:\simplesign\SimpleSign\tests\integration\SimpleSign.Integration.Tests\Iso32000RegressionTests.cs(33,9): error CA1829: Use a propriedade "Count" em vez de Enumerable.Count() (https://learn.microsoft.com/dotnet/fundamentals/code-analysis/quality-rules/ca1829) [D:\simplesign\SimpleSign\tests\integration\SimpleSign.Integration.Tests\SimpleSign.Integration.Tests.csproj::TargetFramework=net10.0]
D:\simplesign\SimpleSign\tests\integration\SimpleSign.Integration.Tests\NegativeValidationTests.cs(26,9): error CA1829: Use a propriedade "Count" em vez de Enumerable.Count() (https://learn.microsoft.com/dotnet/fundamentals/code-analysis/quality-rules/ca1829) [D:\simplesign\SimpleSign\tests\integration\SimpleSign.Integration.Tests\SimpleSign.Integration.Tests.csproj::TargetFramework=net10.0]
D:\simplesign\SimpleSign\tests\integration\SimpleSign.Integration.Tests\SignatureValidationTests.cs(41,9): error CA1829: Use a propriedade "Count" em vez de Enumerable.Count() (https://learn.microsoft.com/dotnet/fundamentals/code-analysis/quality-rules/ca1829) [D:\simplesign\SimpleSign\tests\integration\SimpleSign.Integration.Tests\SimpleSign.Integration.Tests.csproj::TargetFramework=net10.0]
D:\simplesign\SimpleSign\tests\integration\SimpleSign.Integration.Tests\MultiSignatureValidationTests.cs(39,9): error CA1829: Use a propriedade "Count" em vez de Enumerable.Count() (https://learn.microsoft.com/dotnet/fundamentals/code-analysis/quality-rules/ca1829) [D:\simplesign\SimpleSign\tests\integration\SimpleSign.Integration.Tests\SimpleSign.Integration.Tests.csproj::TargetFramework=net10.0]
D:\simplesign\SimpleSign\tests\integration\SimpleSign.Integration.Tests\Iso32000RegressionTests.cs(47,9): error CA1829: Use a propriedade "Count" em vez de Enumerable.Count() (https://learn.microsoft.com/dotnet/fundamentals/code-analysis/quality-rules/ca1829) [D:\simplesign\SimpleSign\tests\integration\SimpleSign.Integration.Tests\SimpleSign.Integration.Tests.csproj::TargetFramework=net10.0]
D:\simplesign\SimpleSign\tests\integration\SimpleSign.Integration.Tests\NegativeValidationTests.cs(45,9): error CA1829: Use a propriedade "Count" em vez de Enumerable.Count() (https://learn.microsoft.com/dotnet/fundamentals/code-analysis/quality-rules/ca1829) [D:\simplesign\SimpleSign\tests\integration\SimpleSign.Integration.Tests\SimpleSign.Integration.Tests.csproj::TargetFramework=net10.0]
D:\simplesign\SimpleSign\tests\integration\SimpleSign.Integration.Tests\SignatureValidationTests.cs(57,9): error CA1829: Use a propriedade "Count" em vez de Enumerable.Count() (https://learn.microsoft.com/dotnet/fundamentals/code-analysis/quality-rules/ca1829) [D:\simplesign\SimpleSign\tests\integration\SimpleSign.Integration.Tests\SimpleSign.Integration.Tests.csproj::TargetFramework=net10.0]
D:\simplesign\SimpleSign\tests\integration\SimpleSign.Integration.Tests\SignatureValidationTests.cs(73,9): error CA1829: Use a propriedade "Count" em vez de Enumerable.Count() (https://learn.microsoft.com/dotnet/fundamentals/code-analysis/quality-rules/ca1829) [D:\simplesign\SimpleSign\tests\integration\SimpleSign.Integration.Tests\SimpleSign.Integration.Tests.csproj::TargetFramework=net10.0]
D:\simplesign\SimpleSign\tests\integration\SimpleSign.Integration.Tests\MultiSignatureValidationTests.cs(53,9): error CA1829: Use a propriedade "Count" em vez de Enumerable.Count() (https://learn.microsoft.com/dotnet/fundamentals/code-analysis/quality-rules/ca1829) [D:\simplesign\SimpleSign\tests\integration\SimpleSign.Integration.Tests\SimpleSign.Integration.Tests.csproj::TargetFramework=net10.0]
D:\simplesign\SimpleSign\tests\integration\SimpleSign.Integration.Tests\PdfParsingTests.cs(48,9): error CA1829: Use a propriedade "Count" em vez de Enumerable.Count() (https://learn.microsoft.com/dotnet/fundamentals/code-analysis/quality-rules/ca1829) [D:\simplesign\SimpleSign\tests\integration\SimpleSign.Integration.Tests\SimpleSign.Integration.Tests.csproj::TargetFramework=net10.0]
D:\simplesign\SimpleSign\tests\integration\SimpleSign.Integration.Tests\SignatureValidationTests.cs(90,9): error CA1829: Use a propriedade "Count" em vez de Enumerable.Count() (https://learn.microsoft.com/dotnet/fundamentals/code-analysis/quality-rules/ca1829) [D:\simplesign\SimpleSign\tests\integration\SimpleSign.Integration.Tests\SimpleSign.Integration.Tests.csproj::TargetFramework=net10.0]
D:\simplesign\SimpleSign\tests\integration\SimpleSign.Integration.Tests\PdfParsingTests.cs(67,9): error CA1829: Use a propriedade "Count" em vez de Enumerable.Count() (https://learn.microsoft.com/dotnet/fundamentals/code-analysis/quality-rules/ca1829) [D:\simplesign\SimpleSign\tests\integration\SimpleSign.Integration.Tests\SimpleSign.Integration.Tests.csproj::TargetFramework=net10.0]
D:\simplesign\SimpleSign\tests\integration\SimpleSign.Integration.Tests\PdfParsingTests.cs(81,9): error CA1829: Use a propriedade "Count" em vez de Enumerable.Count() (https://learn.microsoft.com/dotnet/fundamentals/code-analysis/quality-rules/ca1829) [D:\simplesign\SimpleSign\tests\integration\SimpleSign.Integration.Tests\SimpleSign.Integration.Tests.csproj::TargetFramework=net10.0]
D:\simplesign\SimpleSign\tests\integration\SimpleSign.Integration.Tests\PAdESLevelTests.cs(75,9): error CA1829: Use a propriedade "Count" em vez de Enumerable.Count() (https://learn.microsoft.com/dotnet/fundamentals/code-analysis/quality-rules/ca1829) [D:\simplesign\SimpleSign\tests\integration\SimpleSign.Integration.Tests\SimpleSign.Integration.Tests.csproj::TargetFramework=net10.0]
D:\simplesign\SimpleSign\tests\integration\SimpleSign.Integration.Tests\PdfParsingTests.cs(96,9): error CA1829: Use a propriedade "Count" em vez de Enumerable.Count() (https://learn.microsoft.com/dotnet/fundamentals/code-analysis/quality-rules/ca1829) [D:\simplesign\SimpleSign\tests\integration\SimpleSign.Integration.Tests\SimpleSign.Integration.Tests.csproj::TargetFramework=net10.0]
D:\simplesign\SimpleSign\tests\integration\SimpleSign.Integration.Tests\IncrementalUpdateTests.cs(52,9): error CA1829: Use a propriedade "Count" em vez de Enumerable.Count() (https://learn.microsoft.com/dotnet/fundamentals/code-analysis/quality-rules/ca1829) [D:\simplesign\SimpleSign\tests\integration\SimpleSign.Integration.Tests\SimpleSign.Integration.Tests.csproj::TargetFramework=net10.0]
D:\simplesign\SimpleSign\tests\integration\SimpleSign.Integration.Tests\PAdESLevelTests.cs(126,9): error CA1829: Use a propriedade "Count" em vez de Enumerable.Count() (https://learn.microsoft.com/dotnet/fundamentals/code-analysis/quality-rules/ca1829) [D:\simplesign\SimpleSign\tests\integration\SimpleSign.Integration.Tests\SimpleSign.Integration.Tests.csproj::TargetFramework=net10.0]
D:\simplesign\SimpleSign\tests\integration\SimpleSign.Integration.Tests\IncrementalUpdateTests.cs(67,9): error CA1829: Use a propriedade "Count" em vez de Enumerable.Count() (https://learn.microsoft.com/dotnet/fundamentals/code-analysis/quality-rules/ca1829) [D:\simplesign\SimpleSign\tests\integration\SimpleSign.Integration.Tests\SimpleSign.Integration.Tests.csproj::TargetFramework=net10.0]
D:\simplesign\SimpleSign\tests\unit\SimpleSign.Brasil.Tests\BrasilExtensionContractTests.cs(34,62): error IDE0055: Corrigir a formata├º├úo (https://learn.microsoft.com/dotnet/fundamentals/code-analysis/style-rules/ide0055) [D:\simplesign\SimpleSign\tests\unit\SimpleSign.Brasil.Tests\SimpleSign.Brasil.Tests.csproj::TargetFramework=net10.0]
D:\simplesign\SimpleSign\tests\unit\SimpleSign.Brasil.Tests\GovBrDetectionTests.cs(94,33): error IDE0055: Corrigir a formata├º├úo (https://learn.microsoft.com/dotnet/fundamentals/code-analysis/style-rules/ide0055) [D:\simplesign\SimpleSign\tests\unit\SimpleSign.Brasil.Tests\SimpleSign.Brasil.Tests.csproj::TargetFramework=net10.0]
D:\simplesign\SimpleSign\tests\unit\SimpleSign.Brasil.Tests\Integration\IcpBrasilIntegrationTests.cs(32,9): error CA1829: Use a propriedade "Count" em vez de Enumerable.Count() (https://learn.microsoft.com/dotnet/fundamentals/code-analysis/quality-rules/ca1829) [D:\simplesign\SimpleSign\tests\unit\SimpleSign.Brasil.Tests\SimpleSign.Brasil.Tests.csproj::TargetFramework=net10.0]
D:\simplesign\SimpleSign\tests\unit\SimpleSign.Brasil.Tests\Integration\GovBrIntegrationTests.cs(34,9): error CA1829: Use a propriedade "Count" em vez de Enumerable.Count() (https://learn.microsoft.com/dotnet/fundamentals/code-analysis/quality-rules/ca1829) [D:\simplesign\SimpleSign\tests\unit\SimpleSign.Brasil.Tests\SimpleSign.Brasil.Tests.csproj::TargetFramework=net10.0]
D:\simplesign\SimpleSign\tests\unit\SimpleSign.Brasil.Tests\Integration\IcpBrasilIntegrationTests.cs(50,9): error CA1829: Use a propriedade "Count" em vez de Enumerable.Count() (https://learn.microsoft.com/dotnet/fundamentals/code-analysis/quality-rules/ca1829) [D:\simplesign\SimpleSign\tests\unit\SimpleSign.Brasil.Tests\SimpleSign.Brasil.Tests.csproj::TargetFramework=net10.0]
D:\simplesign\SimpleSign\tests\unit\SimpleSign.Brasil.Tests\Integration\GovBrIntegrationTests.cs(53,9): error CA1829: Use a propriedade "Count" em vez de Enumerable.Count() (https://learn.microsoft.com/dotnet/fundamentals/code-analysis/quality-rules/ca1829) [D:\simplesign\SimpleSign\tests\unit\SimpleSign.Brasil.Tests\SimpleSign.Brasil.Tests.csproj::TargetFramework=net10.0]
D:\simplesign\SimpleSign\tests\unit\SimpleSign.Brasil.Tests\AdvancedSignatureTests.cs(182,9): error CA1829: Use a propriedade "Count" em vez de Enumerable.Count() (https://learn.microsoft.com/dotnet/fundamentals/code-analysis/quality-rules/ca1829) [D:\simplesign\SimpleSign\tests\unit\SimpleSign.Brasil.Tests\SimpleSign.Brasil.Tests.csproj::TargetFramework=net10.0]
D:\simplesign\SimpleSign\tests\unit\SimpleSign.Brasil.Tests\Integration\GovBrIntegrationTests.cs(67,9): error CA1829: Use a propriedade "Count" em vez de Enumerable.Count() (https://learn.microsoft.com/dotnet/fundamentals/code-analysis/quality-rules/ca1829) [D:\simplesign\SimpleSign\tests\unit\SimpleSign.Brasil.Tests\SimpleSign.Brasil.Tests.csproj::TargetFramework=net10.0]
D:\simplesign\SimpleSign\tests\unit\SimpleSign.Brasil.Tests\Integration\IcpBrasilIntegrationTests.cs(66,9): error CA1829: Use a propriedade "Count" em vez de Enumerable.Count() (https://learn.microsoft.com/dotnet/fundamentals/code-analysis/quality-rules/ca1829) [D:\simplesign\SimpleSign\tests\unit\SimpleSign.Brasil.Tests\SimpleSign.Brasil.Tests.csproj::TargetFramework=net10.0]
D:\simplesign\SimpleSign\tests\unit\SimpleSign.Brasil.Tests\Integration\IcpBrasilIntegrationTests.cs(83,9): error CA1829: Use a propriedade "Count" em vez de Enumerable.Count() (https://learn.microsoft.com/dotnet/fundamentals/code-analysis/quality-rules/ca1829) [D:\simplesign\SimpleSign\tests\unit\SimpleSign.Brasil.Tests\SimpleSign.Brasil.Tests.csproj::TargetFramework=net10.0]
D:\simplesign\SimpleSign\tests\unit\SimpleSign.Brasil.Tests\AdvancedSignatureTests.cs(219,9): error CA1829: Use a propriedade "Count" em vez de Enumerable.Count() (https://learn.microsoft.com/dotnet/fundamentals/code-analysis/quality-rules/ca1829) [D:\simplesign\SimpleSign\tests\unit\SimpleSign.Brasil.Tests\SimpleSign.Brasil.Tests.csproj::TargetFramework=net10.0]
D:\simplesign\SimpleSign\tests\unit\SimpleSign.Brasil.Tests\Compliance\DocIcp15ComplianceTests.cs(252,9): error CA1829: Use a propriedade "Count" em vez de Enumerable.Count() (https://learn.microsoft.com/dotnet/fundamentals/code-analysis/quality-rules/ca1829) [D:\simplesign\SimpleSign\tests\unit\SimpleSign.Brasil.Tests\SimpleSign.Brasil.Tests.csproj::TargetFramework=net10.0]
D:\simplesign\SimpleSign\tests\unit\SimpleSign.Brasil.Tests\Integration\GovBrIntegrationTests.cs(82,9): error CA1829: Use a propriedade "Count" em vez de Enumerable.Count() (https://learn.microsoft.com/dotnet/fundamentals/code-analysis/quality-rules/ca1829) [D:\simplesign\SimpleSign\tests\unit\SimpleSign.Brasil.Tests\SimpleSign.Brasil.Tests.csproj::TargetFramework=net10.0]
D:\simplesign\SimpleSign\tests\unit\SimpleSign.Brasil.Tests\Integration\IcpBrasilIntegrationTests.cs(105,9): error CA1829: Use a propriedade "Count" em vez de Enumerable.Count() (https://learn.microsoft.com/dotnet/fundamentals/code-analysis/quality-rules/ca1829) [D:\simplesign\SimpleSign\tests\unit\SimpleSign.Brasil.Tests\SimpleSign.Brasil.Tests.csproj::TargetFramework=net10.0]
D:\simplesign\SimpleSign\tests\unit\SimpleSign.Brasil.Tests\Integration\IcpBrasilIntegrationTests.cs(121,9): error CA1829: Use a propriedade "Count" em vez de Enumerable.Count() (https://learn.microsoft.com/dotnet/fundamentals/code-analysis/quality-rules/ca1829) [D:\simplesign\SimpleSign\tests\unit\SimpleSign.Brasil.Tests\SimpleSign.Brasil.Tests.csproj::TargetFramework=net10.0]
D:\simplesign\SimpleSign\tests\unit\SimpleSign.Brasil.Tests\Integration\GovBrIntegrationTests.cs(97,9): error CA1829: Use a propriedade "Count" em vez de Enumerable.Count() (https://learn.microsoft.com/dotnet/fundamentals/code-analysis/quality-rules/ca1829) [D:\simplesign\SimpleSign\tests\unit\SimpleSign.Brasil.Tests\SimpleSign.Brasil.Tests.csproj::TargetFramework=net10.0]
D:\simplesign\SimpleSign\tests\unit\SimpleSign.Brasil.Tests\Integration\GovBrIntegrationTests.cs(120,9): error CA1829: Use a propriedade "Count" em vez de Enumerable.Count() (https://learn.microsoft.com/dotnet/fundamentals/code-analysis/quality-rules/ca1829) [D:\simplesign\SimpleSign\tests\unit\SimpleSign.Brasil.Tests\SimpleSign.Brasil.Tests.csproj::TargetFramework=net10.0]
D:\simplesign\SimpleSign\tests\interop\SimpleSign.Interop.Tests\BrasilInteropTests.cs(48,9): error CA1829: Use a propriedade "Count" em vez de Enumerable.Count() (https://learn.microsoft.com/dotnet/fundamentals/code-analysis/quality-rules/ca1829) [D:\simplesign\SimpleSign\tests\interop\SimpleSign.Interop.Tests\SimpleSign.Interop.Tests.csproj::TargetFramework=net10.0]
D:\simplesign\SimpleSign\tests\interop\SimpleSign.Interop.Tests\EtsiCorpusTests.cs(150,35): error IDE0055: Corrigir a formata├º├úo (https://learn.microsoft.com/dotnet/fundamentals/code-analysis/style-rules/ide0055) [D:\simplesign\SimpleSign\tests\interop\SimpleSign.Interop.Tests\SimpleSign.Interop.Tests.csproj::TargetFramework=net10.0]
D:\simplesign\SimpleSign\tests\interop\SimpleSign.Interop.Tests\EtsiCorpusTests.cs(72,9): error CA1829: Use a propriedade "Count" em vez de Enumerable.Count() (https://learn.microsoft.com/dotnet/fundamentals/code-analysis/quality-rules/ca1829) [D:\simplesign\SimpleSign\tests\interop\SimpleSign.Interop.Tests\SimpleSign.Interop.Tests.csproj::TargetFramework=net10.0]
D:\simplesign\SimpleSign\tests\interop\SimpleSign.Interop.Tests\ExpandedInteropTests.cs(43,9): error CA1829: Use a propriedade "Count" em vez de Enumerable.Count() (https://learn.microsoft.com/dotnet/fundamentals/code-analysis/quality-rules/ca1829) [D:\simplesign\SimpleSign\tests\interop\SimpleSign.Interop.Tests\SimpleSign.Interop.Tests.csproj::TargetFramework=net10.0]
D:\simplesign\SimpleSign\tests\interop\SimpleSign.Interop.Tests\PadesDssInteropTests.cs(36,9): error CA1829: Use a propriedade "Count" em vez de Enumerable.Count() (https://learn.microsoft.com/dotnet/fundamentals/code-analysis/quality-rules/ca1829) [D:\simplesign\SimpleSign\tests\interop\SimpleSign.Interop.Tests\SimpleSign.Interop.Tests.csproj::TargetFramework=net10.0]
D:\simplesign\SimpleSign\tests\interop\SimpleSign.Interop.Tests\EtsiCorpusTests.cs(125,9): error CA1829: Use a propriedade "Count" em vez de Enumerable.Count() (https://learn.microsoft.com/dotnet/fundamentals/code-analysis/quality-rules/ca1829) [D:\simplesign\SimpleSign\tests\interop\SimpleSign.Interop.Tests\SimpleSign.Interop.Tests.csproj::TargetFramework=net10.0]
D:\simplesign\SimpleSign\tests\interop\SimpleSign.Interop.Tests\ExpandedInteropTests.cs(83,9): error CA1829: Use a propriedade "Count" em vez de Enumerable.Count() (https://learn.microsoft.com/dotnet/fundamentals/code-analysis/quality-rules/ca1829) [D:\simplesign\SimpleSign\tests\interop\SimpleSign.Interop.Tests\SimpleSign.Interop.Tests.csproj::TargetFramework=net10.0]
D:\simplesign\SimpleSign\tests\interop\SimpleSign.Interop.Tests\PadesDssInteropTests.cs(78,9): error CA1829: Use a propriedade "Count" em vez de Enumerable.Count() (https://learn.microsoft.com/dotnet/fundamentals/code-analysis/quality-rules/ca1829) [D:\simplesign\SimpleSign\tests\interop\SimpleSign.Interop.Tests\SimpleSign.Interop.Tests.csproj::TargetFramework=net10.0]
D:\simplesign\SimpleSign\tests\interop\SimpleSign.Interop.Tests\PadesDssInteropTests.cs(132,9): error CA1829: Use a propriedade "Count" em vez de Enumerable.Count() (https://learn.microsoft.com/dotnet/fundamentals/code-analysis/quality-rules/ca1829) [D:\simplesign\SimpleSign\tests\interop\SimpleSign.Interop.Tests\SimpleSign.Interop.Tests.csproj::TargetFramework=net10.0]
D:\simplesign\SimpleSign\tests\interop\SimpleSign.Interop.Tests\EtsiCorpusTests.cs(242,9): error CA1829: Use a propriedade "Count" em vez de Enumerable.Count() (https://learn.microsoft.com/dotnet/fundamentals/code-analysis/quality-rules/ca1829) [D:\simplesign\SimpleSign\tests\interop\SimpleSign.Interop.Tests\SimpleSign.Interop.Tests.csproj::TargetFramework=net10.0]
D:\simplesign\SimpleSign\tests\interop\SimpleSign.Interop.Tests\ExpandedInteropTests.cs(170,9): error CA1829: Use a propriedade "Count" em vez de Enumerable.Count() (https://learn.microsoft.com/dotnet/fundamentals/code-analysis/quality-rules/ca1829) [D:\simplesign\SimpleSign\tests\interop\SimpleSign.Interop.Tests\SimpleSign.Interop.Tests.csproj::TargetFramework=net10.0]
D:\simplesign\SimpleSign\tests\interop\SimpleSign.Interop.Tests\PadesDssInteropTests.cs(148,9): error CA1829: Use a propriedade "Count" em vez de Enumerable.Count() (https://learn.microsoft.com/dotnet/fundamentals/code-analysis/quality-rules/ca1829) [D:\simplesign\SimpleSign\tests\interop\SimpleSign.Interop.Tests\SimpleSign.Interop.Tests.csproj::TargetFramework=net10.0]
D:\simplesign\SimpleSign\tests\interop\SimpleSign.Interop.Tests\PadesDssInteropTests.cs(161,9): error CA1829: Use a propriedade "Count" em vez de Enumerable.Count() (https://learn.microsoft.com/dotnet/fundamentals/code-analysis/quality-rules/ca1829) [D:\simplesign\SimpleSign\tests\interop\SimpleSign.Interop.Tests\SimpleSign.Interop.Tests.csproj::TargetFramework=net10.0]
D:\simplesign\SimpleSign\tests\interop\SimpleSign.Interop.Tests\PadesDssInteropTests.cs(174,9): error CA1829: Use a propriedade "Count" em vez de Enumerable.Count() (https://learn.microsoft.com/dotnet/fundamentals/code-analysis/quality-rules/ca1829) [D:\simplesign\SimpleSign\tests\interop\SimpleSign.Interop.Tests\SimpleSign.Interop.Tests.csproj::TargetFramework=net10.0]
D:\simplesign\SimpleSign\tests\interop\SimpleSign.Interop.Tests\ReverseInteropTests.cs(148,13): error CA1829: Use a propriedade "Count" em vez de Enumerable.Count() (https://learn.microsoft.com/dotnet/fundamentals/code-analysis/quality-rules/ca1829) [D:\simplesign\SimpleSign\tests\interop\SimpleSign.Interop.Tests\SimpleSign.Interop.Tests.csproj::TargetFramework=net10.0]
D:\simplesign\SimpleSign\tests\interop\SimpleSign.Interop.Tests\ReverseInteropTests.cs(224,13): error CA1829: Use a propriedade "Count" em vez de Enumerable.Count() (https://learn.microsoft.com/dotnet/fundamentals/code-analysis/quality-rules/ca1829) [D:\simplesign\SimpleSign\tests\interop\SimpleSign.Interop.Tests\SimpleSign.Interop.Tests.csproj::TargetFramework=net10.0]
D:\simplesign\SimpleSign\tests\interop\SimpleSign.Interop.Tests\PadesDssInteropTests.cs(354,9): error CA1829: Use a propriedade "Count" em vez de Enumerable.Count() (https://learn.microsoft.com/dotnet/fundamentals/code-analysis/quality-rules/ca1829) [D:\simplesign\SimpleSign\tests\interop\SimpleSign.Interop.Tests\SimpleSign.Interop.Tests.csproj::TargetFramework=net10.0]
D:\simplesign\SimpleSign\tests\interop\SimpleSign.Interop.Tests\ExpandedInteropTests.cs(361,9): error CA1829: Use a propriedade "Count" em vez de Enumerable.Count() (https://learn.microsoft.com/dotnet/fundamentals/code-analysis/quality-rules/ca1829) [D:\simplesign\SimpleSign\tests\interop\SimpleSign.Interop.Tests\SimpleSign.Interop.Tests.csproj::TargetFramework=net10.0]
D:\simplesign\SimpleSign\tests\interop\SimpleSign.Interop.Tests\PadesDssInteropTests.cs(441,9): error CA1829: Use a propriedade "Count" em vez de Enumerable.Count() (https://learn.microsoft.com/dotnet/fundamentals/code-analysis/quality-rules/ca1829) [D:\simplesign\SimpleSign\tests\interop\SimpleSign.Interop.Tests\SimpleSign.Interop.Tests.csproj::TargetFramework=net10.0]
D:\simplesign\SimpleSign\tests\interop\SimpleSign.Interop.Tests\ExpandedInteropTests.cs(513,9): error CA1829: Use a propriedade "Count" em vez de Enumerable.Count() (https://learn.microsoft.com/dotnet/fundamentals/code-analysis/quality-rules/ca1829) [D:\simplesign\SimpleSign\tests\interop\SimpleSign.Interop.Tests\SimpleSign.Interop.Tests.csproj::TargetFramework=net10.0]
D:\simplesign\SimpleSign\tests\interop\SimpleSign.Interop.Tests\ExpandedInteropTests.cs(532,9): error CA1829: Use a propriedade "Count" em vez de Enumerable.Count() (https://learn.microsoft.com/dotnet/fundamentals/code-analysis/quality-rules/ca1829) [D:\simplesign\SimpleSign\tests\interop\SimpleSign.Interop.Tests\SimpleSign.Interop.Tests.csproj::TargetFramework=net10.0]
D:\simplesign\SimpleSign\tests\interop\SimpleSign.Interop.Tests\ExpandedInteropTests.cs(557,9): error CA1829: Use a propriedade "Count" em vez de Enumerable.Count() (https://learn.microsoft.com/dotnet/fundamentals/code-analysis/quality-rules/ca1829) [D:\simplesign\SimpleSign\tests\interop\SimpleSign.Interop.Tests\SimpleSign.Interop.Tests.csproj::TargetFramework=net10.0]
D:\simplesign\SimpleSign\tests\interop\SimpleSign.Interop.Tests\PadesDssInteropTests.cs(459,13): error CA1829: Use a propriedade "Count" em vez de Enumerable.Count() (https://learn.microsoft.com/dotnet/fundamentals/code-analysis/quality-rules/ca1829) [D:\simplesign\SimpleSign\tests\interop\SimpleSign.Interop.Tests\SimpleSign.Interop.Tests.csproj::TargetFramework=net10.0]
D:\simplesign\SimpleSign\tests\interop\SimpleSign.Interop.Tests\ExpandedInteropTests.cs(624,13): error CA1829: Use a propriedade "Count" em vez de Enumerable.Count() (https://learn.microsoft.com/dotnet/fundamentals/code-analysis/quality-rules/ca1829) [D:\simplesign\SimpleSign\tests\interop\SimpleSign.Interop.Tests\SimpleSign.Interop.Tests.csproj::TargetFramework=net10.0]
D:\simplesign\SimpleSign\tests\interop\SimpleSign.Interop.Tests\ExpandedInteropTests.cs(691,13): error CA1829: Use a propriedade "Count" em vez de Enumerable.Count() (https://learn.microsoft.com/dotnet/fundamentals/code-analysis/quality-rules/ca1829) [D:\simplesign\SimpleSign\tests\interop\SimpleSign.Interop.Tests\SimpleSign.Interop.Tests.csproj::TargetFramework=net10.0]
    0 Aviso(s)
    430 Erro(s)

Tempo Decorrido 00:00:11.54
